Component: Arm Compiler for Embedded 6.19 Tool: armlink [5e73cb00]

==============================================================================

Section Cross References

    startup_stm32f103xb.o(RESET) refers to startup_stm32f103xb.o(STACK) for __initial_sp
    startup_stm32f103xb.o(RESET) refers to startup_stm32f103xb.o(.text) for Reset_Handler
    startup_stm32f103xb.o(RESET) refers to stm32f1xx_it.o(.text.SVC_Handler) for SVC_Handler
    startup_stm32f103xb.o(RESET) refers to stm32f1xx_it.o(.text.PendSV_Handler) for PendSV_Handler
    startup_stm32f103xb.o(RESET) refers to stm32f1xx_it.o(.text.SysTick_Handler) for SysTick_Handler
    startup_stm32f103xb.o(RESET) refers to stm32f1xx_it.o(.text.TIM1_UP_IRQHandler) for TIM1_UP_IRQHandler
    startup_stm32f103xb.o(RESET) refers to stm32f1xx_it.o(.text.TIM2_IRQHandler) for TIM2_IRQHandler
    startup_stm32f103xb.o(RESET) refers to stm32f1xx_it.o(.text.TIM3_IRQHandler) for TIM3_IRQHandler
    startup_stm32f103xb.o(RESET) refers to stm32f1xx_it.o(.text.TIM4_IRQHandler) for TIM4_IRQHandler
    startup_stm32f103xb.o(RESET) refers to stm32f1xx_it.o(.text.USART2_IRQHandler) for USART2_IRQHandler
    startup_stm32f103xb.o(RESET) refers to stm32f1xx_it.o(.text.USART3_IRQHandler) for USART3_IRQHandler
    startup_stm32f103xb.o(.text) refers to system_stm32f1xx.o(.text.SystemInit) for SystemInit
    startup_stm32f103xb.o(.text) refers to entry.o(.ARM.Collect$$$$00000000) for __main
    buttons.o(.text.init_buttons) refers to buttons.o(.bss.bt) for bt
    buttons.o(.ARM.exidx.text.init_buttons) refers to buttons.o(.text.init_buttons) for [Anonymous Symbol]
    buttons.o(.text.process_button) refers to buttons.o(.bss.bt) for bt
    buttons.o(.ARM.exidx.text.process_button) refers to buttons.o(.text.process_button) for [Anonymous Symbol]
    main.o(.text.cb_init) refers to malloc.o(i.malloc) for malloc
    main.o(.ARM.exidx.text.cb_init) refers to main.o(.text.cb_init) for [Anonymous Symbol]
    main.o(.text.cb_free) refers to malloc.o(i.free) for free
    main.o(.ARM.exidx.text.cb_free) refers to main.o(.text.cb_free) for [Anonymous Symbol]
    main.o(.text.cb_push_back) refers to memcpya.o(.text) for __aeabi_memcpy
    main.o(.ARM.exidx.text.cb_push_back) refers to main.o(.text.cb_push_back) for [Anonymous Symbol]
    main.o(.text.cb_push_back_uint8t) refers to memcpya.o(.text) for __aeabi_memcpy
    main.o(.ARM.exidx.text.cb_push_back_uint8t) refers to main.o(.text.cb_push_back_uint8t) for [Anonymous Symbol]
    main.o(.text.cb_pop_front) refers to memcpya.o(.text) for __aeabi_memcpy
    main.o(.ARM.exidx.text.cb_pop_front) refers to main.o(.text.cb_pop_front) for [Anonymous Symbol]
    main.o(.text.USART_CharReception_Callback) refers to main.o(.bss..L_MergedGlobals) for .L_MergedGlobals
    main.o(.text.USART_CharReception_Callback) refers to memcpya.o(.text) for __aeabi_memcpy
    main.o(.ARM.exidx.text.USART_CharReception_Callback) refers to main.o(.text.USART_CharReception_Callback) for [Anonymous Symbol]
    main.o(.text.USART_CharReception_Callback_UP) refers to main.o(.bss..L_MergedGlobals) for .L_MergedGlobals
    main.o(.text.USART_CharReception_Callback_UP) refers to memcpya.o(.text) for __aeabi_memcpy
    main.o(.ARM.exidx.text.USART_CharReception_Callback_UP) refers to main.o(.text.USART_CharReception_Callback_UP) for [Anonymous Symbol]
    main.o(.text.Send2LatheOnly) refers to main.o(.bss..L_MergedGlobals) for .L_MergedGlobals
    main.o(.text.Send2LatheOnly) refers to memcpya.o(.text) for __aeabi_memcpy
    main.o(.ARM.exidx.text.Send2LatheOnly) refers to main.o(.text.Send2LatheOnly) for [Anonymous Symbol]
    main.o(.text.SendByte2bt) refers to main.o(.bss..L_MergedGlobals) for .L_MergedGlobals
    main.o(.text.SendByte2bt) refers to memcpya.o(.text) for __aeabi_memcpy
    main.o(.ARM.exidx.text.SendByte2bt) refers to main.o(.text.SendByte2bt) for [Anonymous Symbol]
    main.o(.text.SendByte2lathe) refers to main.o(.bss..L_MergedGlobals) for .L_MergedGlobals
    main.o(.text.SendByte2lathe) refers to memcpya.o(.text) for __aeabi_memcpy
    main.o(.ARM.exidx.text.SendByte2lathe) refers to main.o(.text.SendByte2lathe) for [Anonymous Symbol]
    main.o(.ARM.exidx.text.Send2Bluetooth) refers to main.o(.text.Send2Bluetooth) for [Anonymous Symbol]
    main.o(.ARM.exidx.text.Send2Lathe) refers to main.o(.text.Send2Lathe) for [Anonymous Symbol]
    main.o(.text.main) refers to malloc.o(i.malloc) for malloc
    main.o(.text.main) refers to main.o(.bss..L_MergedGlobals) for .L_MergedGlobals
    main.o(.text.main) refers to main.o(.text.SystemClock_Config) for SystemClock_Config
    main.o(.text.main) refers to stm32f1xx_ll_gpio.o(.text.LL_GPIO_Init) for LL_GPIO_Init
    main.o(.text.main) refers to stm32f1xx_ll_tim.o(.text.LL_TIM_Init) for LL_TIM_Init
    main.o(.text.main) refers to stm32f1xx_ll_usart.o(.text.LL_USART_Init) for LL_USART_Init
    main.o(.text.main) refers to stm32f1xx_ll_i2c.o(.text.LL_I2C_Init) for LL_I2C_Init
    main.o(.text.main) refers to buttons.o(.text.init_buttons) for init_buttons
    main.o(.text.main) refers to buttons.o(.bss.buttons_flag_set) for buttons_flag_set
    main.o(.text.main) refers to buttons.o(.text.process_button) for process_button
    main.o(.text.main) refers to memcpya.o(.text) for __aeabi_memcpy
    main.o(.ARM.exidx.text.main) refers to main.o(.text.main) for [Anonymous Symbol]
    main.o(.text.SystemClock_Config) refers to stm32f1xx_ll_utils.o(.text.LL_Init1msTick) for LL_Init1msTick
    main.o(.text.SystemClock_Config) refers to stm32f1xx_ll_utils.o(.text.LL_SetSystemCoreClock) for LL_SetSystemCoreClock
    main.o(.ARM.exidx.text.SystemClock_Config) refers to main.o(.text.SystemClock_Config) for [Anonymous Symbol]
    main.o(.ARM.exidx.text.Error_Handler) refers to main.o(.text.Error_Handler) for [Anonymous Symbol]
    stm32f1xx_it.o(.ARM.exidx.text.SVC_Handler) refers to stm32f1xx_it.o(.text.SVC_Handler) for [Anonymous Symbol]
    stm32f1xx_it.o(.ARM.exidx.text.PendSV_Handler) refers to stm32f1xx_it.o(.text.PendSV_Handler) for [Anonymous Symbol]
    stm32f1xx_it.o(.text.SysTick_Handler) refers to buttons.o(.bss.bt) for bt
    stm32f1xx_it.o(.ARM.exidx.text.SysTick_Handler) refers to stm32f1xx_it.o(.text.SysTick_Handler) for [Anonymous Symbol]
    stm32f1xx_it.o(.text.TIM1_UP_IRQHandler) refers to main.o(.bss.jog1) for jog1
    stm32f1xx_it.o(.text.TIM1_UP_IRQHandler) refers to main.o(.bss.jog1cmd) for jog1cmd
    stm32f1xx_it.o(.text.TIM1_UP_IRQHandler) refers to main.o(.bss.menu_changed) for menu_changed
    stm32f1xx_it.o(.ARM.exidx.text.TIM1_UP_IRQHandler) refers to stm32f1xx_it.o(.text.TIM1_UP_IRQHandler) for [Anonymous Symbol]
    stm32f1xx_it.o(.text.TIM2_IRQHandler) refers to main.o(.bss.jog2) for jog2
    stm32f1xx_it.o(.text.TIM2_IRQHandler) refers to main.o(.bss..L_MergedGlobals) for jog2cmd
    stm32f1xx_it.o(.text.TIM2_IRQHandler) refers to main.o(.bss.menu_changed) for menu_changed
    stm32f1xx_it.o(.ARM.exidx.text.TIM2_IRQHandler) refers to stm32f1xx_it.o(.text.TIM2_IRQHandler) for [Anonymous Symbol]
    stm32f1xx_it.o(.text.TIM3_IRQHandler) refers to main.o(.bss.jog3) for jog3
    stm32f1xx_it.o(.text.TIM3_IRQHandler) refers to main.o(.bss..L_MergedGlobals) for jog3cmd
    stm32f1xx_it.o(.ARM.exidx.text.TIM3_IRQHandler) refers to stm32f1xx_it.o(.text.TIM3_IRQHandler) for [Anonymous Symbol]
    stm32f1xx_it.o(.text.TIM4_IRQHandler) refers to main.o(.bss.jog4resolution) for jog4resolution
    stm32f1xx_it.o(.text.TIM4_IRQHandler) refers to main.o(.bss.jog4) for jog4
    stm32f1xx_it.o(.text.TIM4_IRQHandler) refers to main.o(.bss..L_MergedGlobals) for jog4cmd
    stm32f1xx_it.o(.text.TIM4_IRQHandler) refers to main.o(.bss.menu_changed) for menu_changed
    stm32f1xx_it.o(.ARM.exidx.text.TIM4_IRQHandler) refers to stm32f1xx_it.o(.text.TIM4_IRQHandler) for [Anonymous Symbol]
    stm32f1xx_it.o(.text.USART2_IRQHandler) refers to main.o(.text.USART_CharReception_Callback) for USART_CharReception_Callback
    stm32f1xx_it.o(.ARM.exidx.text.USART2_IRQHandler) refers to stm32f1xx_it.o(.text.USART2_IRQHandler) for [Anonymous Symbol]
    stm32f1xx_it.o(.text.USART3_IRQHandler) refers to main.o(.text.USART_CharReception_Callback_UP) for USART_CharReception_Callback_UP
    stm32f1xx_it.o(.ARM.exidx.text.USART3_IRQHandler) refers to stm32f1xx_it.o(.text.USART3_IRQHandler) for [Anonymous Symbol]
    system_stm32f1xx.o(.ARM.exidx.text.SystemInit) refers to system_stm32f1xx.o(.text.SystemInit) for [Anonymous Symbol]
    system_stm32f1xx.o(.text.SystemCoreClockUpdate) refers to system_stm32f1xx.o(.data.SystemCoreClock) for SystemCoreClock
    system_stm32f1xx.o(.text.SystemCoreClockUpdate) refers to system_stm32f1xx.o(.rodata.AHBPrescTable) for AHBPrescTable
    system_stm32f1xx.o(.ARM.exidx.text.SystemCoreClockUpdate) refers to system_stm32f1xx.o(.text.SystemCoreClockUpdate) for [Anonymous Symbol]
    stm32f1xx_ll_gpio.o(.ARM.exidx.text.LL_GPIO_DeInit) refers to stm32f1xx_ll_gpio.o(.text.LL_GPIO_DeInit) for [Anonymous Symbol]
    stm32f1xx_ll_gpio.o(.ARM.exidx.text.LL_GPIO_Init) refers to stm32f1xx_ll_gpio.o(.text.LL_GPIO_Init) for [Anonymous Symbol]
    stm32f1xx_ll_gpio.o(.ARM.exidx.text.LL_GPIO_StructInit) refers to stm32f1xx_ll_gpio.o(.text.LL_GPIO_StructInit) for [Anonymous Symbol]
    stm32f1xx_ll_crc.o(.ARM.exidx.text.LL_CRC_DeInit) refers to stm32f1xx_ll_crc.o(.text.LL_CRC_DeInit) for [Anonymous Symbol]
    stm32f1xx_ll_rcc.o(.ARM.exidx.text.LL_RCC_DeInit) refers to stm32f1xx_ll_rcc.o(.text.LL_RCC_DeInit) for [Anonymous Symbol]
    stm32f1xx_ll_rcc.o(.text.LL_RCC_GetSystemClocksFreq) refers to system_stm32f1xx.o(.rodata.AHBPrescTable) for AHBPrescTable
    stm32f1xx_ll_rcc.o(.text.LL_RCC_GetSystemClocksFreq) refers to system_stm32f1xx.o(.rodata.APBPrescTable) for APBPrescTable
    stm32f1xx_ll_rcc.o(.ARM.exidx.text.LL_RCC_GetSystemClocksFreq) refers to stm32f1xx_ll_rcc.o(.text.LL_RCC_GetSystemClocksFreq) for [Anonymous Symbol]
    stm32f1xx_ll_rcc.o(.ARM.exidx.text.RCC_GetSystemClockFreq) refers to stm32f1xx_ll_rcc.o(.text.RCC_GetSystemClockFreq) for [Anonymous Symbol]
    stm32f1xx_ll_rcc.o(.text.RCC_GetHCLKClockFreq) refers to system_stm32f1xx.o(.rodata.AHBPrescTable) for AHBPrescTable
    stm32f1xx_ll_rcc.o(.ARM.exidx.text.RCC_GetHCLKClockFreq) refers to stm32f1xx_ll_rcc.o(.text.RCC_GetHCLKClockFreq) for [Anonymous Symbol]
    stm32f1xx_ll_rcc.o(.text.RCC_GetPCLK1ClockFreq) refers to system_stm32f1xx.o(.rodata.APBPrescTable) for APBPrescTable
    stm32f1xx_ll_rcc.o(.ARM.exidx.text.RCC_GetPCLK1ClockFreq) refers to stm32f1xx_ll_rcc.o(.text.RCC_GetPCLK1ClockFreq) for [Anonymous Symbol]
    stm32f1xx_ll_rcc.o(.text.RCC_GetPCLK2ClockFreq) refers to system_stm32f1xx.o(.rodata.APBPrescTable) for APBPrescTable
    stm32f1xx_ll_rcc.o(.ARM.exidx.text.RCC_GetPCLK2ClockFreq) refers to stm32f1xx_ll_rcc.o(.text.RCC_GetPCLK2ClockFreq) for [Anonymous Symbol]
    stm32f1xx_ll_rcc.o(.ARM.exidx.text.LL_RCC_GetUSBClockFreq) refers to stm32f1xx_ll_rcc.o(.text.LL_RCC_GetUSBClockFreq) for [Anonymous Symbol]
    stm32f1xx_ll_rcc.o(.ARM.exidx.text.RCC_PLL_GetFreqDomain_SYS) refers to stm32f1xx_ll_rcc.o(.text.RCC_PLL_GetFreqDomain_SYS) for [Anonymous Symbol]
    stm32f1xx_ll_rcc.o(.text.LL_RCC_GetADCClockFreq) refers to system_stm32f1xx.o(.rodata.AHBPrescTable) for AHBPrescTable
    stm32f1xx_ll_rcc.o(.text.LL_RCC_GetADCClockFreq) refers to system_stm32f1xx.o(.rodata.APBPrescTable) for APBPrescTable
    stm32f1xx_ll_rcc.o(.ARM.exidx.text.LL_RCC_GetADCClockFreq) refers to stm32f1xx_ll_rcc.o(.text.LL_RCC_GetADCClockFreq) for [Anonymous Symbol]
    stm32f1xx_ll_utils.o(.ARM.exidx.text.LL_Init1msTick) refers to stm32f1xx_ll_utils.o(.text.LL_Init1msTick) for [Anonymous Symbol]
    stm32f1xx_ll_utils.o(.ARM.exidx.text.LL_mDelay) refers to stm32f1xx_ll_utils.o(.text.LL_mDelay) for [Anonymous Symbol]
    stm32f1xx_ll_utils.o(.text.LL_SetSystemCoreClock) refers to system_stm32f1xx.o(.data.SystemCoreClock) for SystemCoreClock
    stm32f1xx_ll_utils.o(.ARM.exidx.text.LL_SetSystemCoreClock) refers to stm32f1xx_ll_utils.o(.text.LL_SetSystemCoreClock) for [Anonymous Symbol]
    stm32f1xx_ll_utils.o(.ARM.exidx.text.LL_SetFlashLatency) refers to stm32f1xx_ll_utils.o(.text.LL_SetFlashLatency) for [Anonymous Symbol]
    stm32f1xx_ll_utils.o(.text.LL_PLL_ConfigSystemClock_HSI) refers to stm32f1xx_ll_utils.o(.text.UTILS_EnablePLLAndSwitchSystem) for UTILS_EnablePLLAndSwitchSystem
    stm32f1xx_ll_utils.o(.ARM.exidx.text.LL_PLL_ConfigSystemClock_HSI) refers to stm32f1xx_ll_utils.o(.text.LL_PLL_ConfigSystemClock_HSI) for [Anonymous Symbol]
    stm32f1xx_ll_utils.o(.text.UTILS_EnablePLLAndSwitchSystem) refers to system_stm32f1xx.o(.data.SystemCoreClock) for SystemCoreClock
    stm32f1xx_ll_utils.o(.text.UTILS_EnablePLLAndSwitchSystem) refers to system_stm32f1xx.o(.rodata.AHBPrescTable) for AHBPrescTable
    stm32f1xx_ll_utils.o(.ARM.exidx.text.UTILS_EnablePLLAndSwitchSystem) refers to stm32f1xx_ll_utils.o(.text.UTILS_EnablePLLAndSwitchSystem) for [Anonymous Symbol]
    stm32f1xx_ll_utils.o(.text.LL_PLL_ConfigSystemClock_HSE) refers to stm32f1xx_ll_utils.o(.text.UTILS_EnablePLLAndSwitchSystem) for UTILS_EnablePLLAndSwitchSystem
    stm32f1xx_ll_utils.o(.ARM.exidx.text.LL_PLL_ConfigSystemClock_HSE) refers to stm32f1xx_ll_utils.o(.text.LL_PLL_ConfigSystemClock_HSE) for [Anonymous Symbol]
    stm32f1xx_ll_exti.o(.ARM.exidx.text.LL_EXTI_DeInit) refers to stm32f1xx_ll_exti.o(.text.LL_EXTI_DeInit) for [Anonymous Symbol]
    stm32f1xx_ll_exti.o(.ARM.exidx.text.LL_EXTI_Init) refers to stm32f1xx_ll_exti.o(.text.LL_EXTI_Init) for [Anonymous Symbol]
    stm32f1xx_ll_exti.o(.ARM.exidx.text.LL_EXTI_StructInit) refers to stm32f1xx_ll_exti.o(.text.LL_EXTI_StructInit) for [Anonymous Symbol]
    stm32f1xx_ll_i2c.o(.ARM.exidx.text.LL_I2C_DeInit) refers to stm32f1xx_ll_i2c.o(.text.LL_I2C_DeInit) for [Anonymous Symbol]
    stm32f1xx_ll_i2c.o(.text.LL_I2C_Init) refers to stm32f1xx_ll_rcc.o(.text.LL_RCC_GetSystemClocksFreq) for LL_RCC_GetSystemClocksFreq
    stm32f1xx_ll_i2c.o(.ARM.exidx.text.LL_I2C_Init) refers to stm32f1xx_ll_i2c.o(.text.LL_I2C_Init) for [Anonymous Symbol]
    stm32f1xx_ll_i2c.o(.ARM.exidx.text.LL_I2C_StructInit) refers to stm32f1xx_ll_i2c.o(.text.LL_I2C_StructInit) for [Anonymous Symbol]
    stm32f1xx_ll_dma.o(.ARM.exidx.text.LL_DMA_DeInit) refers to stm32f1xx_ll_dma.o(.text.LL_DMA_DeInit) for [Anonymous Symbol]
    stm32f1xx_ll_dma.o(.ARM.exidx.text.LL_DMA_Init) refers to stm32f1xx_ll_dma.o(.text.LL_DMA_Init) for [Anonymous Symbol]
    stm32f1xx_ll_dma.o(.text.LL_DMA_StructInit) refers to memseta.o(.text) for __aeabi_memclr4
    stm32f1xx_ll_dma.o(.ARM.exidx.text.LL_DMA_StructInit) refers to stm32f1xx_ll_dma.o(.text.LL_DMA_StructInit) for [Anonymous Symbol]
    stm32f1xx_ll_pwr.o(.ARM.exidx.text.LL_PWR_DeInit) refers to stm32f1xx_ll_pwr.o(.text.LL_PWR_DeInit) for [Anonymous Symbol]
    stm32f1xx_ll_tim.o(.ARM.exidx.text.LL_TIM_DeInit) refers to stm32f1xx_ll_tim.o(.text.LL_TIM_DeInit) for [Anonymous Symbol]
    stm32f1xx_ll_tim.o(.ARM.exidx.text.LL_TIM_StructInit) refers to stm32f1xx_ll_tim.o(.text.LL_TIM_StructInit) for [Anonymous Symbol]
    stm32f1xx_ll_tim.o(.ARM.exidx.text.LL_TIM_Init) refers to stm32f1xx_ll_tim.o(.text.LL_TIM_Init) for [Anonymous Symbol]
    stm32f1xx_ll_tim.o(.ARM.exidx.text.LL_TIM_OC_StructInit) refers to stm32f1xx_ll_tim.o(.text.LL_TIM_OC_StructInit) for [Anonymous Symbol]
    stm32f1xx_ll_tim.o(.ARM.exidx.text.LL_TIM_OC_Init) refers to stm32f1xx_ll_tim.o(.text.LL_TIM_OC_Init) for [Anonymous Symbol]
    stm32f1xx_ll_tim.o(.ARM.exidx.text.LL_TIM_IC_StructInit) refers to stm32f1xx_ll_tim.o(.text.LL_TIM_IC_StructInit) for [Anonymous Symbol]
    stm32f1xx_ll_tim.o(.ARM.exidx.text.LL_TIM_IC_Init) refers to stm32f1xx_ll_tim.o(.text.LL_TIM_IC_Init) for [Anonymous Symbol]
    stm32f1xx_ll_tim.o(.ARM.exidx.text.LL_TIM_ENCODER_StructInit) refers to stm32f1xx_ll_tim.o(.text.LL_TIM_ENCODER_StructInit) for [Anonymous Symbol]
    stm32f1xx_ll_tim.o(.ARM.exidx.text.LL_TIM_ENCODER_Init) refers to stm32f1xx_ll_tim.o(.text.LL_TIM_ENCODER_Init) for [Anonymous Symbol]
    stm32f1xx_ll_tim.o(.ARM.exidx.text.LL_TIM_HALLSENSOR_StructInit) refers to stm32f1xx_ll_tim.o(.text.LL_TIM_HALLSENSOR_StructInit) for [Anonymous Symbol]
    stm32f1xx_ll_tim.o(.ARM.exidx.text.LL_TIM_HALLSENSOR_Init) refers to stm32f1xx_ll_tim.o(.text.LL_TIM_HALLSENSOR_Init) for [Anonymous Symbol]
    stm32f1xx_ll_tim.o(.ARM.exidx.text.LL_TIM_BDTR_StructInit) refers to stm32f1xx_ll_tim.o(.text.LL_TIM_BDTR_StructInit) for [Anonymous Symbol]
    stm32f1xx_ll_tim.o(.ARM.exidx.text.LL_TIM_BDTR_Init) refers to stm32f1xx_ll_tim.o(.text.LL_TIM_BDTR_Init) for [Anonymous Symbol]
    stm32f1xx_ll_usart.o(.ARM.exidx.text.LL_USART_DeInit) refers to stm32f1xx_ll_usart.o(.text.LL_USART_DeInit) for [Anonymous Symbol]
    stm32f1xx_ll_usart.o(.text.LL_USART_Init) refers to stm32f1xx_ll_rcc.o(.text.LL_RCC_GetSystemClocksFreq) for LL_RCC_GetSystemClocksFreq
    stm32f1xx_ll_usart.o(.ARM.exidx.text.LL_USART_Init) refers to stm32f1xx_ll_usart.o(.text.LL_USART_Init) for [Anonymous Symbol]
    stm32f1xx_ll_usart.o(.ARM.exidx.text.LL_USART_StructInit) refers to stm32f1xx_ll_usart.o(.text.LL_USART_StructInit) for [Anonymous Symbol]
    stm32f1xx_ll_usart.o(.ARM.exidx.text.LL_USART_ClockInit) refers to stm32f1xx_ll_usart.o(.text.LL_USART_ClockInit) for [Anonymous Symbol]
    stm32f1xx_ll_usart.o(.ARM.exidx.text.LL_USART_ClockStructInit) refers to stm32f1xx_ll_usart.o(.text.LL_USART_ClockStructInit) for [Anonymous Symbol]
    entry.o(.ARM.Collect$$$$00000000) refers (Special) to entry10a.o(.ARM.Collect$$$$0000000D) for __rt_final_cpp
    entry.o(.ARM.Collect$$$$00000000) refers (Special) to entry11a.o(.ARM.Collect$$$$0000000F) for __rt_final_exit
    entry.o(.ARM.Collect$$$$00000000) refers (Special) to entry7b.o(.ARM.Collect$$$$00000008) for _main_clock
    entry.o(.ARM.Collect$$$$00000000) refers (Special) to entry8b.o(.ARM.Collect$$$$0000000A) for _main_cpp_init
    entry.o(.ARM.Collect$$$$00000000) refers (Special) to entry9a.o(.ARM.Collect$$$$0000000B) for _main_init
    entry.o(.ARM.Collect$$$$00000000) refers (Special) to entry5.o(.ARM.Collect$$$$00000004) for _main_scatterload
    entry.o(.ARM.Collect$$$$00000000) refers (Special) to entry2.o(.ARM.Collect$$$$00000001) for _main_stk
    malloc.o(i.free) refers to mvars.o(.data) for __microlib_freelist
    malloc.o(i.malloc) refers to mvars.o(.data) for __microlib_freelist_initialised
    malloc.o(i.malloc) refers to mvars.o(.data) for __microlib_freelist
    malloc.o(i.malloc) refers to startup_stm32f103xb.o(HEAP) for __heap_base
    mallocr.o(i.__free$realloc) refers to mvars.o(.data) for __microlib_freelist
    mallocr.o(i.__malloc$realloc) refers to mallocr.o(i.internal_alloc) for internal_alloc
    mallocr.o(i.__malloc$realloc) refers to mvars.o(.data) for __microlib_freelist_initialised
    mallocr.o(i.__malloc$realloc) refers to startup_stm32f103xb.o(HEAP) for __heap_base
    mallocr.o(i.__malloc$realloc) refers to mvars.o(.data) for __microlib_freelist
    mallocr.o(i.internal_alloc) refers to memcpya.o(.text) for __aeabi_memcpy
    mallocr.o(i.internal_alloc) refers to mvars.o(.data) for __microlib_freelist
    mallocr.o(i.realloc) refers to mallocr.o(i.__free$realloc) for __free$realloc
    mallocr.o(i.realloc) refers to mallocr.o(i.internal_alloc) for internal_alloc
    mallocr.o(i.realloc) refers to mallocr.o(i.__malloc$realloc) for __malloc$realloc
    mallocr.o(i.realloc) refers to mvars.o(.data) for __microlib_freelist
    malloca.o(i.__aligned_malloc) refers to mvars.o(.data) for __microlib_freelist_initialised
    malloca.o(i.__aligned_malloc) refers to mvars.o(.data) for __microlib_freelist
    malloca.o(i.__aligned_malloc) refers to startup_stm32f103xb.o(HEAP) for __heap_base
    malloca.o(i.__free$memalign) refers to mvars.o(.data) for __microlib_freelist
    malloca.o(i.__malloc$memalign) refers to malloca.o(i.__aligned_malloc) for __aligned_malloc
    mallocra.o(i.__aligned_malloc$realloc) refers to mallocra.o(i.internal_alloc) for internal_alloc
    mallocra.o(i.__aligned_malloc$realloc) refers to mvars.o(.data) for __microlib_freelist_initialised
    mallocra.o(i.__aligned_malloc$realloc) refers to startup_stm32f103xb.o(HEAP) for __heap_base
    mallocra.o(i.__aligned_malloc$realloc) refers to mvars.o(.data) for __microlib_freelist
    mallocra.o(i.__free$realloc$memalign) refers to mvars.o(.data) for __microlib_freelist
    mallocra.o(i.__malloc$realloc$memalign) refers to mallocra.o(i.__aligned_malloc$realloc) for __aligned_malloc$realloc
    mallocra.o(i.__realloc$memalign) refers to mallocra.o(i.__free$realloc$memalign) for __free$realloc$memalign
    mallocra.o(i.__realloc$memalign) refers to mallocra.o(i.internal_alloc) for internal_alloc
    mallocra.o(i.__realloc$memalign) refers to mallocra.o(i.__malloc$realloc$memalign) for __malloc$realloc$memalign
    mallocra.o(i.__realloc$memalign) refers to mvars.o(.data) for __microlib_freelist
    mallocra.o(i.internal_alloc) refers to memcpya.o(.text) for __aeabi_memcpy
    mallocra.o(i.internal_alloc) refers to mvars.o(.data) for __microlib_freelist
    entry2.o(.ARM.Collect$$$$00000001) refers to entry2.o(.ARM.Collect$$$$00002712) for __lit__00000000
    entry2.o(.ARM.Collect$$$$00002712) refers to startup_stm32f103xb.o(STACK) for __initial_sp
    entry2.o(__vectab_stack_and_reset_area) refers to startup_stm32f103xb.o(STACK) for __initial_sp
    entry2.o(__vectab_stack_and_reset_area) refers to entry.o(.ARM.Collect$$$$00000000) for __main
    entry5.o(.ARM.Collect$$$$00000004) refers to init.o(.text) for __scatterload
    entry9a.o(.ARM.Collect$$$$0000000B) refers to main.o(.text.main) for main
    entry9b.o(.ARM.Collect$$$$0000000C) refers to main.o(.text.main) for main
    init.o(.text) refers to entry5.o(.ARM.Collect$$$$00000004) for __main_after_scatterload


==============================================================================

Removing Unused input sections from the image.

    Removing buttons.o(.text), (0 bytes).
    Removing buttons.o(.ARM.exidx.text.init_buttons), (8 bytes).
    Removing buttons.o(.ARM.exidx.text.process_button), (8 bytes).
    Removing buttons.o(.bss.buttons_flag_set_prev), (4 bytes).
    Removing main.o(.text), (0 bytes).
    Removing main.o(.text.cb_init), (44 bytes).
    Removing main.o(.ARM.exidx.text.cb_init), (8 bytes).
    Removing main.o(.text.cb_free), (6 bytes).
    Removing main.o(.ARM.exidx.text.cb_free), (8 bytes).
    Removing main.o(.text.cb_push_back), (48 bytes).
    Removing main.o(.ARM.exidx.text.cb_push_back), (8 bytes).
    Removing main.o(.text.cb_push_back_uint8t), (50 bytes).
    Removing main.o(.ARM.exidx.text.cb_push_back_uint8t), (8 bytes).
    Removing main.o(.text.cb_pop_front), (60 bytes).
    Removing main.o(.ARM.exidx.text.cb_pop_front), (8 bytes).
    Removing main.o(.ARM.exidx.text.USART_CharReception_Callback), (8 bytes).
    Removing main.o(.ARM.exidx.text.USART_CharReception_Callback_UP), (8 bytes).
    Removing main.o(.text.Send2LatheOnly), (340 bytes).
    Removing main.o(.ARM.exidx.text.Send2LatheOnly), (8 bytes).
    Removing main.o(.text.SendByte2bt), (80 bytes).
    Removing main.o(.ARM.exidx.text.SendByte2bt), (8 bytes).
    Removing main.o(.text.SendByte2lathe), (80 bytes).
    Removing main.o(.ARM.exidx.text.SendByte2lathe), (8 bytes).
    Removing main.o(.text.Send2Bluetooth), (312 bytes).
    Removing main.o(.ARM.exidx.text.Send2Bluetooth), (8 bytes).
    Removing main.o(.text.Send2Lathe), (312 bytes).
    Removing main.o(.ARM.exidx.text.Send2Lathe), (8 bytes).
    Removing main.o(.ARM.exidx.text.main), (8 bytes).
    Removing main.o(.ARM.exidx.text.SystemClock_Config), (8 bytes).
    Removing main.o(.text.Error_Handler), (34 bytes).
    Removing main.o(.ARM.exidx.text.Error_Handler), (8 bytes).
    Removing main.o(.bss.ubI2C_slave_addr), (1 bytes).
    Removing main.o(.bss.ubMasterRequestDirection), (1 bytes).
    Removing main.o(.bss.jog1resolution), (1 bytes).
    Removing main.o(.bss.jog2resolution), (1 bytes).
    Removing main.o(.bss.jog3resolution), (1 bytes).
    Removing main.o(.bss.auto_mode), (1 bytes).
    Removing main.o(.data.auto_mode_delay), (4 bytes).
    Removing main.o(.bss.ubUARTReceptionCompleteA), (1 bytes).
    Removing main.o(.bss.ubUARTReceptionCompleteB), (1 bytes).
    Removing main.o(.rodata.aTxBuffer), (5 bytes).
    Removing main.o(.data.ubNbDataToTransmit), (1 bytes).
    Removing main.o(.bss.ubTransmissionComplete), (1 bytes).
    Removing main.o(.bss.ubMasterXferDirection), (1 bytes).
    Removing main.o(.bss.aMasterReceiveBuffer), (15 bytes).
    Removing main.o(.data.ubMasterNbDataToReceive), (1 bytes).
    Removing main.o(.bss.aRXBufferA), (64 bytes).
    Removing main.o(.bss.aRXBufferB), (64 bytes).
    Removing main.o(.bss.aRXBuffer), (64 bytes).
    Removing main.o(.bss.aRXBuffer_screen), (64 bytes).
    Removing main.o(.bss.uwNbReceivedChars), (4 bytes).
    Removing main.o(.bss.uNbReceivedCharsForUser), (1 bytes).
    Removing main.o(.bss.uwNbReceivedCharsB), (4 bytes).
    Removing main.o(.bss.uNbReceivedCharsForUserB), (1 bytes).
    Removing main.o(.bss.uwBufferReadyIndication), (4 bytes).
    Removing main.o(.bss.pBufferReadyForUser), (4 bytes).
    Removing main.o(.bss.pBufferReadyForReception), (4 bytes).
    Removing main.o(.ARM.use_no_argv), (4 bytes).
    Removing stm32f1xx_it.o(.text), (0 bytes).
    Removing stm32f1xx_it.o(.ARM.exidx.text.SVC_Handler), (8 bytes).
    Removing stm32f1xx_it.o(.ARM.exidx.text.PendSV_Handler), (8 bytes).
    Removing stm32f1xx_it.o(.ARM.exidx.text.SysTick_Handler), (8 bytes).
    Removing stm32f1xx_it.o(.ARM.exidx.text.TIM1_UP_IRQHandler), (8 bytes).
    Removing stm32f1xx_it.o(.ARM.exidx.text.TIM2_IRQHandler), (8 bytes).
    Removing stm32f1xx_it.o(.ARM.exidx.text.TIM3_IRQHandler), (8 bytes).
    Removing stm32f1xx_it.o(.ARM.exidx.text.TIM4_IRQHandler), (8 bytes).
    Removing stm32f1xx_it.o(.ARM.exidx.text.USART2_IRQHandler), (8 bytes).
    Removing stm32f1xx_it.o(.ARM.exidx.text.USART3_IRQHandler), (8 bytes).
    Removing system_stm32f1xx.o(.text), (0 bytes).
    Removing system_stm32f1xx.o(.ARM.exidx.text.SystemInit), (8 bytes).
    Removing system_stm32f1xx.o(.text.SystemCoreClockUpdate), (112 bytes).
    Removing system_stm32f1xx.o(.ARM.exidx.text.SystemCoreClockUpdate), (8 bytes).
    Removing stm32f1xx_ll_gpio.o(.text), (0 bytes).
    Removing stm32f1xx_ll_gpio.o(.text.LL_GPIO_DeInit), (100 bytes).
    Removing stm32f1xx_ll_gpio.o(.ARM.exidx.text.LL_GPIO_DeInit), (8 bytes).
    Removing stm32f1xx_ll_gpio.o(.ARM.exidx.text.LL_GPIO_Init), (8 bytes).
    Removing stm32f1xx_ll_gpio.o(.text.LL_GPIO_StructInit), (22 bytes).
    Removing stm32f1xx_ll_gpio.o(.ARM.exidx.text.LL_GPIO_StructInit), (8 bytes).
    Removing stm32f1xx_ll_crc.o(.text), (0 bytes).
    Removing stm32f1xx_ll_crc.o(.text.LL_CRC_DeInit), (36 bytes).
    Removing stm32f1xx_ll_crc.o(.ARM.exidx.text.LL_CRC_DeInit), (8 bytes).
    Removing stm32f1xx_ll_rcc.o(.text), (0 bytes).
    Removing stm32f1xx_ll_rcc.o(.text.LL_RCC_DeInit), (90 bytes).
    Removing stm32f1xx_ll_rcc.o(.ARM.exidx.text.LL_RCC_DeInit), (8 bytes).
    Removing stm32f1xx_ll_rcc.o(.ARM.exidx.text.LL_RCC_GetSystemClocksFreq), (8 bytes).
    Removing stm32f1xx_ll_rcc.o(.text.RCC_GetSystemClockFreq), (68 bytes).
    Removing stm32f1xx_ll_rcc.o(.ARM.exidx.text.RCC_GetSystemClockFreq), (8 bytes).
    Removing stm32f1xx_ll_rcc.o(.text.RCC_GetHCLKClockFreq), (28 bytes).
    Removing stm32f1xx_ll_rcc.o(.ARM.exidx.text.RCC_GetHCLKClockFreq), (8 bytes).
    Removing stm32f1xx_ll_rcc.o(.text.RCC_GetPCLK1ClockFreq), (28 bytes).
    Removing stm32f1xx_ll_rcc.o(.ARM.exidx.text.RCC_GetPCLK1ClockFreq), (8 bytes).
    Removing stm32f1xx_ll_rcc.o(.text.RCC_GetPCLK2ClockFreq), (28 bytes).
    Removing stm32f1xx_ll_rcc.o(.ARM.exidx.text.RCC_GetPCLK2ClockFreq), (8 bytes).
    Removing stm32f1xx_ll_rcc.o(.text.LL_RCC_GetUSBClockFreq), (136 bytes).
    Removing stm32f1xx_ll_rcc.o(.ARM.exidx.text.LL_RCC_GetUSBClockFreq), (8 bytes).
    Removing stm32f1xx_ll_rcc.o(.text.RCC_PLL_GetFreqDomain_SYS), (56 bytes).
    Removing stm32f1xx_ll_rcc.o(.ARM.exidx.text.RCC_PLL_GetFreqDomain_SYS), (8 bytes).
    Removing stm32f1xx_ll_rcc.o(.text.LL_RCC_GetADCClockFreq), (152 bytes).
    Removing stm32f1xx_ll_rcc.o(.ARM.exidx.text.LL_RCC_GetADCClockFreq), (8 bytes).
    Removing stm32f1xx_ll_utils.o(.text), (0 bytes).
    Removing stm32f1xx_ll_utils.o(.ARM.exidx.text.LL_Init1msTick), (8 bytes).
    Removing stm32f1xx_ll_utils.o(.text.LL_mDelay), (44 bytes).
    Removing stm32f1xx_ll_utils.o(.ARM.exidx.text.LL_mDelay), (8 bytes).
    Removing stm32f1xx_ll_utils.o(.ARM.exidx.text.LL_SetSystemCoreClock), (8 bytes).
    Removing stm32f1xx_ll_utils.o(.text.LL_SetFlashLatency), (90 bytes).
    Removing stm32f1xx_ll_utils.o(.ARM.exidx.text.LL_SetFlashLatency), (8 bytes).
    Removing stm32f1xx_ll_utils.o(.text.LL_PLL_ConfigSystemClock_HSI), (98 bytes).
    Removing stm32f1xx_ll_utils.o(.ARM.exidx.text.LL_PLL_ConfigSystemClock_HSI), (8 bytes).
    Removing stm32f1xx_ll_utils.o(.text.UTILS_EnablePLLAndSwitchSystem), (348 bytes).
    Removing stm32f1xx_ll_utils.o(.ARM.exidx.text.UTILS_EnablePLLAndSwitchSystem), (8 bytes).
    Removing stm32f1xx_ll_utils.o(.text.LL_PLL_ConfigSystemClock_HSE), (142 bytes).
    Removing stm32f1xx_ll_utils.o(.ARM.exidx.text.LL_PLL_ConfigSystemClock_HSE), (8 bytes).
    Removing stm32f1xx_ll_exti.o(.text), (0 bytes).
    Removing stm32f1xx_ll_exti.o(.text.LL_EXTI_DeInit), (34 bytes).
    Removing stm32f1xx_ll_exti.o(.ARM.exidx.text.LL_EXTI_DeInit), (8 bytes).
    Removing stm32f1xx_ll_exti.o(.text.LL_EXTI_Init), (188 bytes).
    Removing stm32f1xx_ll_exti.o(.ARM.exidx.text.LL_EXTI_Init), (8 bytes).
    Removing stm32f1xx_ll_exti.o(.text.LL_EXTI_StructInit), (12 bytes).
    Removing stm32f1xx_ll_exti.o(.ARM.exidx.text.LL_EXTI_StructInit), (8 bytes).
    Removing stm32f1xx_ll_i2c.o(.text), (0 bytes).
    Removing stm32f1xx_ll_i2c.o(.text.LL_I2C_DeInit), (70 bytes).
    Removing stm32f1xx_ll_i2c.o(.ARM.exidx.text.LL_I2C_DeInit), (8 bytes).
    Removing stm32f1xx_ll_i2c.o(.ARM.exidx.text.LL_I2C_Init), (8 bytes).
    Removing stm32f1xx_ll_i2c.o(.text.LL_I2C_StructInit), (24 bytes).
    Removing stm32f1xx_ll_i2c.o(.ARM.exidx.text.LL_I2C_StructInit), (8 bytes).
    Removing stm32f1xx_ll_dma.o(.text), (0 bytes).
    Removing stm32f1xx_ll_dma.o(.text.LL_DMA_DeInit), (176 bytes).
    Removing stm32f1xx_ll_dma.o(.ARM.exidx.text.LL_DMA_DeInit), (8 bytes).
    Removing stm32f1xx_ll_dma.o(.text.LL_DMA_Init), (96 bytes).
    Removing stm32f1xx_ll_dma.o(.ARM.exidx.text.LL_DMA_Init), (8 bytes).
    Removing stm32f1xx_ll_dma.o(.text.LL_DMA_StructInit), (10 bytes).
    Removing stm32f1xx_ll_dma.o(.ARM.exidx.text.LL_DMA_StructInit), (8 bytes).
    Removing stm32f1xx_ll_pwr.o(.text), (0 bytes).
    Removing stm32f1xx_ll_pwr.o(.text.LL_PWR_DeInit), (28 bytes).
    Removing stm32f1xx_ll_pwr.o(.ARM.exidx.text.LL_PWR_DeInit), (8 bytes).
    Removing stm32f1xx_ll_tim.o(.text), (0 bytes).
    Removing stm32f1xx_ll_tim.o(.text.LL_TIM_DeInit), (178 bytes).
    Removing stm32f1xx_ll_tim.o(.ARM.exidx.text.LL_TIM_DeInit), (8 bytes).
    Removing stm32f1xx_ll_tim.o(.text.LL_TIM_StructInit), (18 bytes).
    Removing stm32f1xx_ll_tim.o(.ARM.exidx.text.LL_TIM_StructInit), (8 bytes).
    Removing stm32f1xx_ll_tim.o(.ARM.exidx.text.LL_TIM_Init), (8 bytes).
    Removing stm32f1xx_ll_tim.o(.text.LL_TIM_OC_StructInit), (20 bytes).
    Removing stm32f1xx_ll_tim.o(.ARM.exidx.text.LL_TIM_OC_StructInit), (8 bytes).
    Removing stm32f1xx_ll_tim.o(.text.LL_TIM_OC_Init), (474 bytes).
    Removing stm32f1xx_ll_tim.o(.ARM.exidx.text.LL_TIM_OC_Init), (8 bytes).
    Removing stm32f1xx_ll_tim.o(.text.LL_TIM_IC_StructInit), (16 bytes).
    Removing stm32f1xx_ll_tim.o(.ARM.exidx.text.LL_TIM_IC_StructInit), (8 bytes).
    Removing stm32f1xx_ll_tim.o(.text.LL_TIM_IC_Init), (232 bytes).
    Removing stm32f1xx_ll_tim.o(.ARM.exidx.text.LL_TIM_IC_Init), (8 bytes).
    Removing stm32f1xx_ll_tim.o(.text.LL_TIM_ENCODER_StructInit), (26 bytes).
    Removing stm32f1xx_ll_tim.o(.ARM.exidx.text.LL_TIM_ENCODER_StructInit), (8 bytes).
    Removing stm32f1xx_ll_tim.o(.text.LL_TIM_ENCODER_Init), (100 bytes).
    Removing stm32f1xx_ll_tim.o(.ARM.exidx.text.LL_TIM_ENCODER_Init), (8 bytes).
    Removing stm32f1xx_ll_tim.o(.text.LL_TIM_HALLSENSOR_StructInit), (12 bytes).
    Removing stm32f1xx_ll_tim.o(.ARM.exidx.text.LL_TIM_HALLSENSOR_StructInit), (8 bytes).
    Removing stm32f1xx_ll_tim.o(.text.LL_TIM_HALLSENSOR_Init), (88 bytes).
    Removing stm32f1xx_ll_tim.o(.ARM.exidx.text.LL_TIM_HALLSENSOR_Init), (8 bytes).
    Removing stm32f1xx_ll_tim.o(.text.LL_TIM_BDTR_StructInit), (18 bytes).
    Removing stm32f1xx_ll_tim.o(.ARM.exidx.text.LL_TIM_BDTR_StructInit), (8 bytes).
    Removing stm32f1xx_ll_tim.o(.text.LL_TIM_BDTR_Init), (58 bytes).
    Removing stm32f1xx_ll_tim.o(.ARM.exidx.text.LL_TIM_BDTR_Init), (8 bytes).
    Removing stm32f1xx_ll_usart.o(.text), (0 bytes).
    Removing stm32f1xx_ll_usart.o(.text.LL_USART_DeInit), (128 bytes).
    Removing stm32f1xx_ll_usart.o(.ARM.exidx.text.LL_USART_DeInit), (8 bytes).
    Removing stm32f1xx_ll_usart.o(.ARM.exidx.text.LL_USART_Init), (8 bytes).
    Removing stm32f1xx_ll_usart.o(.text.LL_USART_StructInit), (22 bytes).
    Removing stm32f1xx_ll_usart.o(.ARM.exidx.text.LL_USART_StructInit), (8 bytes).
    Removing stm32f1xx_ll_usart.o(.text.LL_USART_ClockInit), (50 bytes).
    Removing stm32f1xx_ll_usart.o(.ARM.exidx.text.LL_USART_ClockInit), (8 bytes).
    Removing stm32f1xx_ll_usart.o(.text.LL_USART_ClockStructInit), (12 bytes).
    Removing stm32f1xx_ll_usart.o(.ARM.exidx.text.LL_USART_ClockStructInit), (8 bytes).

171 unused section(s) (total 5964 bytes) removed from the image.

==============================================================================

Image Symbol Table

    Local Symbols

    Symbol Name                              Value     Ov Type        Size  Object(Section)

    ../clib/microlib/init/entry.s            0x00000000   Number         0  entry.o ABSOLUTE
    ../clib/microlib/init/entry.s            0x00000000   Number         0  entry2.o ABSOLUTE
    ../clib/microlib/init/entry.s            0x00000000   Number         0  entry5.o ABSOLUTE
    ../clib/microlib/init/entry.s            0x00000000   Number         0  entry7a.o ABSOLUTE
    ../clib/microlib/init/entry.s            0x00000000   Number         0  entry7b.o ABSOLUTE
    ../clib/microlib/init/entry.s            0x00000000   Number         0  entry8a.o ABSOLUTE
    ../clib/microlib/init/entry.s            0x00000000   Number         0  entry8b.o ABSOLUTE
    ../clib/microlib/init/entry.s            0x00000000   Number         0  entry9a.o ABSOLUTE
    ../clib/microlib/init/entry.s            0x00000000   Number         0  entry9b.o ABSOLUTE
    ../clib/microlib/init/entry.s            0x00000000   Number         0  entry10a.o ABSOLUTE
    ../clib/microlib/init/entry.s            0x00000000   Number         0  entry10b.o ABSOLUTE
    ../clib/microlib/init/entry.s            0x00000000   Number         0  entry11a.o ABSOLUTE
    ../clib/microlib/init/entry.s            0x00000000   Number         0  entry11b.o ABSOLUTE
    ../clib/microlib/malloc/malloc.c         0x00000000   Number         0  malloc.o ABSOLUTE
    ../clib/microlib/malloc/malloc.c         0x00000000   Number         0  mallocr.o ABSOLUTE
    ../clib/microlib/malloc/malloc.c         0x00000000   Number         0  malloca.o ABSOLUTE
    ../clib/microlib/malloc/malloc.c         0x00000000   Number         0  mallocra.o ABSOLUTE
    ../clib/microlib/malloc/mvars.c          0x00000000   Number         0  mvars.o ABSOLUTE
    ../clib/microlib/string/memcpy.c         0x00000000   Number         0  memcpya.o ABSOLUTE
    ../clib/microlib/string/memcpy.c         0x00000000   Number         0  memcpyb.o ABSOLUTE
    ../clib/microlib/string/memset.c         0x00000000   Number         0  memseta.o ABSOLUTE
    buttons.c                                0x00000000   Number         0  buttons.o ABSOLUTE
    dc.s                                     0x00000000   Number         0  dc.o ABSOLUTE
    handlers.s                               0x00000000   Number         0  handlers.o ABSOLUTE
    init.s                                   0x00000000   Number         0  init.o ABSOLUTE
    main.c                                   0x00000000   Number         0  main.o ABSOLUTE
    startup_stm32f103xb.s                    0x00000000   Number         0  startup_stm32f103xb.o ABSOLUTE
    stm32f1xx_it.c                           0x00000000   Number         0  stm32f1xx_it.o ABSOLUTE
    stm32f1xx_ll_crc.c                       0x00000000   Number         0  stm32f1xx_ll_crc.o ABSOLUTE
    stm32f1xx_ll_dma.c                       0x00000000   Number         0  stm32f1xx_ll_dma.o ABSOLUTE
    stm32f1xx_ll_exti.c                      0x00000000   Number         0  stm32f1xx_ll_exti.o ABSOLUTE
    stm32f1xx_ll_gpio.c                      0x00000000   Number         0  stm32f1xx_ll_gpio.o ABSOLUTE
    stm32f1xx_ll_i2c.c                       0x00000000   Number         0  stm32f1xx_ll_i2c.o ABSOLUTE
    stm32f1xx_ll_pwr.c                       0x00000000   Number         0  stm32f1xx_ll_pwr.o ABSOLUTE
    stm32f1xx_ll_rcc.c                       0x00000000   Number         0  stm32f1xx_ll_rcc.o ABSOLUTE
    stm32f1xx_ll_tim.c                       0x00000000   Number         0  stm32f1xx_ll_tim.o ABSOLUTE
    stm32f1xx_ll_usart.c                     0x00000000   Number         0  stm32f1xx_ll_usart.o ABSOLUTE
    stm32f1xx_ll_utils.c                     0x00000000   Number         0  stm32f1xx_ll_utils.o ABSOLUTE
    system_stm32f1xx.c                       0x00000000   Number         0  system_stm32f1xx.o ABSOLUTE
    RESET                                    0x08000000   Section      236  startup_stm32f103xb.o(RESET)
    .ARM.Collect$$$$00000000                 0x080000ec   Section        0  entry.o(.ARM.Collect$$$$00000000)
    .ARM.Collect$$$$00000001                 0x080000ec   Section        4  entry2.o(.ARM.Collect$$$$00000001)
    .ARM.Collect$$$$00000004                 0x080000f0   Section        4  entry5.o(.ARM.Collect$$$$00000004)
    .ARM.Collect$$$$00000008                 0x080000f4   Section        0  entry7b.o(.ARM.Collect$$$$00000008)
    .ARM.Collect$$$$0000000A                 0x080000f4   Section        0  entry8b.o(.ARM.Collect$$$$0000000A)
    .ARM.Collect$$$$0000000B                 0x080000f4   Section        8  entry9a.o(.ARM.Collect$$$$0000000B)
    __lit__00000000                          0x080000fc   Data           4  entry2.o(.ARM.Collect$$$$00002712)
    .ARM.Collect$$$$0000000D                 0x080000fc   Section        0  entry10a.o(.ARM.Collect$$$$0000000D)
    .ARM.Collect$$$$0000000F                 0x080000fc   Section        0  entry11a.o(.ARM.Collect$$$$0000000F)
    .ARM.Collect$$$$00002712                 0x080000fc   Section        4  entry2.o(.ARM.Collect$$$$00002712)
    .text                                    0x08000100   Section       36  startup_stm32f103xb.o(.text)
    .text                                    0x08000124   Section        0  memcpya.o(.text)
    .text                                    0x08000148   Section       36  init.o(.text)
    [Anonymous Symbol]                       0x0800016c   Section        0  stm32f1xx_ll_gpio.o(.text.LL_GPIO_Init)
    [Anonymous Symbol]                       0x08000228   Section        0  stm32f1xx_ll_i2c.o(.text.LL_I2C_Init)
    [Anonymous Symbol]                       0x0800030c   Section        0  stm32f1xx_ll_utils.o(.text.LL_Init1msTick)
    [Anonymous Symbol]                       0x08000334   Section        0  stm32f1xx_ll_rcc.o(.text.LL_RCC_GetSystemClocksFreq)
    [Anonymous Symbol]                       0x080003c0   Section        0  stm32f1xx_ll_utils.o(.text.LL_SetSystemCoreClock)
    [Anonymous Symbol]                       0x080003cc   Section        0  stm32f1xx_ll_tim.o(.text.LL_TIM_Init)
    [Anonymous Symbol]                       0x08000454   Section        0  stm32f1xx_ll_usart.o(.text.LL_USART_Init)
    [Anonymous Symbol]                       0x08000520   Section        0  stm32f1xx_it.o(.text.PendSV_Handler)
    [Anonymous Symbol]                       0x08000524   Section        0  stm32f1xx_it.o(.text.SVC_Handler)
    [Anonymous Symbol]                       0x08000528   Section        0  stm32f1xx_it.o(.text.SysTick_Handler)
    [Anonymous Symbol]                       0x08000568   Section        0  main.o(.text.SystemClock_Config)
    [Anonymous Symbol]                       0x08000678   Section        0  system_stm32f1xx.o(.text.SystemInit)
    [Anonymous Symbol]                       0x080006c8   Section        0  stm32f1xx_it.o(.text.TIM1_UP_IRQHandler)
    [Anonymous Symbol]                       0x08000710   Section        0  stm32f1xx_it.o(.text.TIM2_IRQHandler)
    [Anonymous Symbol]                       0x0800075c   Section        0  stm32f1xx_it.o(.text.TIM3_IRQHandler)
    [Anonymous Symbol]                       0x08000798   Section        0  stm32f1xx_it.o(.text.TIM4_IRQHandler)
    [Anonymous Symbol]                       0x08000810   Section        0  stm32f1xx_it.o(.text.USART2_IRQHandler)
    [Anonymous Symbol]                       0x0800082c   Section        0  stm32f1xx_it.o(.text.USART3_IRQHandler)
    [Anonymous Symbol]                       0x08000848   Section        0  main.o(.text.USART_CharReception_Callback)
    [Anonymous Symbol]                       0x08000894   Section        0  main.o(.text.USART_CharReception_Callback_UP)
    [Anonymous Symbol]                       0x080008d8   Section        0  buttons.o(.text.init_buttons)
    [Anonymous Symbol]                       0x08000974   Section        0  main.o(.text.main)
    [Anonymous Symbol]                       0x08001cf4   Section        0  buttons.o(.text.process_button)
    i.__scatterload_copy                     0x08001e72   Section       14  handlers.o(i.__scatterload_copy)
    i.__scatterload_null                     0x08001e80   Section        2  handlers.o(i.__scatterload_null)
    i.__scatterload_zeroinit                 0x08001e82   Section       14  handlers.o(i.__scatterload_zeroinit)
    i.malloc                                 0x08001e90   Section        0  malloc.o(i.malloc)
    .data                                    0x20000000   Section        4  mvars.o(.data)
    .data                                    0x20000004   Section        4  mvars.o(.data)
    .L_MergedGlobals                         0x20000010   Data          60  main.o(.bss..L_MergedGlobals)
    [Anonymous Symbol]                       0x20000010   Section        0  main.o(.bss..L_MergedGlobals)
    HEAP                                     0x20000108   Section      512  startup_stm32f103xb.o(HEAP)
    STACK                                    0x20000308   Section     1024  startup_stm32f103xb.o(STACK)

    Global Symbols

    Symbol Name                              Value     Ov Type        Size  Object(Section)

    BuildAttributes$$THM_ISAv4$P$D$K$B$S$PE$A:L22UL41UL21$X:L11$S22US41US21$IEEE1$IW$~IW$USESV6$~STKCKD$USESV7$~SHL$OTIME$EBA8$MICROLIB$REQ8$PRES8$EABIv2 0x00000000   Number         0  anon$$obj.o ABSOLUTE
    __cpp_initialize__aeabi_                  - Undefined Weak Reference
    __cxa_finalize                            - Undefined Weak Reference
    __decompress                              - Undefined Weak Reference
    _clock_init                               - Undefined Weak Reference
    _microlib_exit                            - Undefined Weak Reference
    __Vectors_Size                           0x000000ec   Number         0  startup_stm32f103xb.o ABSOLUTE
    __Vectors                                0x08000000   Data           4  startup_stm32f103xb.o(RESET)
    __Vectors_End                            0x080000ec   Data           0  startup_stm32f103xb.o(RESET)
    __main                                   0x080000ed   Thumb Code     0  entry.o(.ARM.Collect$$$$00000000)
    _main_stk                                0x080000ed   Thumb Code     0  entry2.o(.ARM.Collect$$$$00000001)
    _main_scatterload                        0x080000f1   Thumb Code     0  entry5.o(.ARM.Collect$$$$00000004)
    __main_after_scatterload                 0x080000f5   Thumb Code     0  entry5.o(.ARM.Collect$$$$00000004)
    _main_clock                              0x080000f5   Thumb Code     0  entry7b.o(.ARM.Collect$$$$00000008)
    _main_cpp_init                           0x080000f5   Thumb Code     0  entry8b.o(.ARM.Collect$$$$0000000A)
    _main_init                               0x080000f5   Thumb Code     0  entry9a.o(.ARM.Collect$$$$0000000B)
    __rt_final_cpp                           0x080000fd   Thumb Code     0  entry10a.o(.ARM.Collect$$$$0000000D)
    __rt_final_exit                          0x080000fd   Thumb Code     0  entry11a.o(.ARM.Collect$$$$0000000F)
    Reset_Handler                            0x08000101   Thumb Code     8  startup_stm32f103xb.o(.text)
    NMI_Handler                              0x08000109   Thumb Code     2  startup_stm32f103xb.o(.text)
    HardFault_Handler                        0x0800010b   Thumb Code     2  startup_stm32f103xb.o(.text)
    MemManage_Handler                        0x0800010d   Thumb Code     2  startup_stm32f103xb.o(.text)
    BusFault_Handler                         0x0800010f   Thumb Code     2  startup_stm32f103xb.o(.text)
    UsageFault_Handler                       0x08000111   Thumb Code     2  startup_stm32f103xb.o(.text)
    DebugMon_Handler                         0x08000115   Thumb Code     2  startup_stm32f103xb.o(.text)
    ADC1_2_IRQHandler                        0x0800011b   Thumb Code     0  startup_stm32f103xb.o(.text)
    CAN1_RX1_IRQHandler                      0x0800011b   Thumb Code     0  startup_stm32f103xb.o(.text)
    CAN1_SCE_IRQHandler                      0x0800011b   Thumb Code     0  startup_stm32f103xb.o(.text)
    DMA1_Channel1_IRQHandler                 0x0800011b   Thumb Code     0  startup_stm32f103xb.o(.text)
    DMA1_Channel2_IRQHandler                 0x0800011b   Thumb Code     0  startup_stm32f103xb.o(.text)
    DMA1_Channel3_IRQHandler                 0x0800011b   Thumb Code     0  startup_stm32f103xb.o(.text)
    DMA1_Channel4_IRQHandler                 0x0800011b   Thumb Code     0  startup_stm32f103xb.o(.text)
    DMA1_Channel5_IRQHandler                 0x0800011b   Thumb Code     0  startup_stm32f103xb.o(.text)
    DMA1_Channel6_IRQHandler                 0x0800011b   Thumb Code     0  startup_stm32f103xb.o(.text)
    DMA1_Channel7_IRQHandler                 0x0800011b   Thumb Code     0  startup_stm32f103xb.o(.text)
    EXTI0_IRQHandler                         0x0800011b   Thumb Code     0  startup_stm32f103xb.o(.text)
    EXTI15_10_IRQHandler                     0x0800011b   Thumb Code     0  startup_stm32f103xb.o(.text)
    EXTI1_IRQHandler                         0x0800011b   Thumb Code     0  startup_stm32f103xb.o(.text)
    EXTI2_IRQHandler                         0x0800011b   Thumb Code     0  startup_stm32f103xb.o(.text)
    EXTI3_IRQHandler                         0x0800011b   Thumb Code     0  startup_stm32f103xb.o(.text)
    EXTI4_IRQHandler                         0x0800011b   Thumb Code     0  startup_stm32f103xb.o(.text)
    EXTI9_5_IRQHandler                       0x0800011b   Thumb Code     0  startup_stm32f103xb.o(.text)
    FLASH_IRQHandler                         0x0800011b   Thumb Code     0  startup_stm32f103xb.o(.text)
    I2C1_ER_IRQHandler                       0x0800011b   Thumb Code     0  startup_stm32f103xb.o(.text)
    I2C1_EV_IRQHandler                       0x0800011b   Thumb Code     0  startup_stm32f103xb.o(.text)
    I2C2_ER_IRQHandler                       0x0800011b   Thumb Code     0  startup_stm32f103xb.o(.text)
    I2C2_EV_IRQHandler                       0x0800011b   Thumb Code     0  startup_stm32f103xb.o(.text)
    PVD_IRQHandler                           0x0800011b   Thumb Code     0  startup_stm32f103xb.o(.text)
    RCC_IRQHandler                           0x0800011b   Thumb Code     0  startup_stm32f103xb.o(.text)
    RTC_Alarm_IRQHandler                     0x0800011b   Thumb Code     0  startup_stm32f103xb.o(.text)
    RTC_IRQHandler                           0x0800011b   Thumb Code     0  startup_stm32f103xb.o(.text)
    SPI1_IRQHandler                          0x0800011b   Thumb Code     0  startup_stm32f103xb.o(.text)
    SPI2_IRQHandler                          0x0800011b   Thumb Code     0  startup_stm32f103xb.o(.text)
    TAMPER_IRQHandler                        0x0800011b   Thumb Code     0  startup_stm32f103xb.o(.text)
    TIM1_BRK_IRQHandler                      0x0800011b   Thumb Code     0  startup_stm32f103xb.o(.text)
    TIM1_CC_IRQHandler                       0x0800011b   Thumb Code     0  startup_stm32f103xb.o(.text)
    TIM1_TRG_COM_IRQHandler                  0x0800011b   Thumb Code     0  startup_stm32f103xb.o(.text)
    USART1_IRQHandler                        0x0800011b   Thumb Code     0  startup_stm32f103xb.o(.text)
    USBWakeUp_IRQHandler                     0x0800011b   Thumb Code     0  startup_stm32f103xb.o(.text)
    USB_HP_CAN1_TX_IRQHandler                0x0800011b   Thumb Code     0  startup_stm32f103xb.o(.text)
    USB_LP_CAN1_RX0_IRQHandler               0x0800011b   Thumb Code     0  startup_stm32f103xb.o(.text)
    WWDG_IRQHandler                          0x0800011b   Thumb Code     0  startup_stm32f103xb.o(.text)
    __aeabi_memcpy                           0x08000125   Thumb Code    36  memcpya.o(.text)
    __aeabi_memcpy4                          0x08000125   Thumb Code     0  memcpya.o(.text)
    __aeabi_memcpy8                          0x08000125   Thumb Code     0  memcpya.o(.text)
    __scatterload                            0x08000149   Thumb Code    28  init.o(.text)
    __scatterload_rt2                        0x08000149   Thumb Code     0  init.o(.text)
    LL_GPIO_Init                             0x0800016d   Thumb Code   188  stm32f1xx_ll_gpio.o(.text.LL_GPIO_Init)
    LL_I2C_Init                              0x08000229   Thumb Code   226  stm32f1xx_ll_i2c.o(.text.LL_I2C_Init)
    LL_Init1msTick                           0x0800030d   Thumb Code    40  stm32f1xx_ll_utils.o(.text.LL_Init1msTick)
    LL_RCC_GetSystemClocksFreq               0x08000335   Thumb Code   138  stm32f1xx_ll_rcc.o(.text.LL_RCC_GetSystemClocksFreq)
    LL_SetSystemCoreClock                    0x080003c1   Thumb Code    12  stm32f1xx_ll_utils.o(.text.LL_SetSystemCoreClock)
    LL_TIM_Init                              0x080003cd   Thumb Code   134  stm32f1xx_ll_tim.o(.text.LL_TIM_Init)
    LL_USART_Init                            0x08000455   Thumb Code   202  stm32f1xx_ll_usart.o(.text.LL_USART_Init)
    PendSV_Handler                           0x08000521   Thumb Code     2  stm32f1xx_it.o(.text.PendSV_Handler)
    SVC_Handler                              0x08000525   Thumb Code     2  stm32f1xx_it.o(.text.SVC_Handler)
    SysTick_Handler                          0x08000529   Thumb Code    64  stm32f1xx_it.o(.text.SysTick_Handler)
    SystemClock_Config                       0x08000569   Thumb Code   272  main.o(.text.SystemClock_Config)
    SystemInit                               0x08000679   Thumb Code    80  system_stm32f1xx.o(.text.SystemInit)
    TIM1_UP_IRQHandler                       0x080006c9   Thumb Code    72  stm32f1xx_it.o(.text.TIM1_UP_IRQHandler)
    TIM2_IRQHandler                          0x08000711   Thumb Code    74  stm32f1xx_it.o(.text.TIM2_IRQHandler)
    TIM3_IRQHandler                          0x0800075d   Thumb Code    60  stm32f1xx_it.o(.text.TIM3_IRQHandler)
    TIM4_IRQHandler                          0x08000799   Thumb Code   118  stm32f1xx_it.o(.text.TIM4_IRQHandler)
    USART2_IRQHandler                        0x08000811   Thumb Code    26  stm32f1xx_it.o(.text.USART2_IRQHandler)
    USART3_IRQHandler                        0x0800082d   Thumb Code    26  stm32f1xx_it.o(.text.USART3_IRQHandler)
    USART_CharReception_Callback             0x08000849   Thumb Code    76  main.o(.text.USART_CharReception_Callback)
    USART_CharReception_Callback_UP          0x08000895   Thumb Code    66  main.o(.text.USART_CharReception_Callback_UP)
    init_buttons                             0x080008d9   Thumb Code   154  buttons.o(.text.init_buttons)
    main                                     0x08000975   Thumb Code  4990  main.o(.text.main)
    process_button                           0x08001cf5   Thumb Code   382  buttons.o(.text.process_button)
    __scatterload_copy                       0x08001e73   Thumb Code    14  handlers.o(i.__scatterload_copy)
    __scatterload_null                       0x08001e81   Thumb Code     2  handlers.o(i.__scatterload_null)
    __scatterload_zeroinit                   0x08001e83   Thumb Code    14  handlers.o(i.__scatterload_zeroinit)
    malloc                                   0x08001e91   Thumb Code    92  malloc.o(i.malloc)
    AHBPrescTable                            0x08001efc   Data          16  system_stm32f1xx.o(.rodata.AHBPrescTable)
    APBPrescTable                            0x08001f0c   Data           8  system_stm32f1xx.o(.rodata.APBPrescTable)
    Region$$Table$$Base                      0x08001f14   Number         0  anon$$obj.o(Region$$Table)
    Region$$Table$$Limit                     0x08001f34   Number         0  anon$$obj.o(Region$$Table)
    __microlib_freelist                      0x20000000   Data           4  mvars.o(.data)
    __microlib_freelist_initialised          0x20000004   Data           4  mvars.o(.data)
    SystemCoreClock                          0x20000008   Data           4  system_stm32f1xx.o(.data.SystemCoreClock)
    jog2cmd                                  0x20000010   Data           1  main.o(.bss..L_MergedGlobals)
    jog3cmd                                  0x20000011   Data           1  main.o(.bss..L_MergedGlobals)
    jog4cmd                                  0x20000012   Data           1  main.o(.bss..L_MergedGlobals)
    releaseTXtoBT                            0x20000013   Data           1  main.o(.bss..L_MergedGlobals)
    uart2bt                                  0x20000014   Data          28  main.o(.bss..L_MergedGlobals)
    uart2lathe                               0x20000030   Data          28  main.o(.bss..L_MergedGlobals)
    bt                                       0x2000004c   Data         160  buttons.o(.bss.bt)
    buttons_flag_set                         0x200000ec   Data           4  buttons.o(.bss.buttons_flag_set)
    jog1                                     0x200000f0   Data           4  main.o(.bss.jog1)
    jog1cmd                                  0x200000f4   Data           1  main.o(.bss.jog1cmd)
    jog2                                     0x200000f8   Data           4  main.o(.bss.jog2)
    jog3                                     0x200000fc   Data           4  main.o(.bss.jog3)
    jog4                                     0x20000100   Data           4  main.o(.bss.jog4)
    jog4resolution                           0x20000104   Data           1  main.o(.bss.jog4resolution)
    menu_changed                             0x20000105   Data           1  main.o(.bss.menu_changed)
    __heap_base                              0x20000108   Data           0  startup_stm32f103xb.o(HEAP)
    __heap_limit                             0x20000308   Data           0  startup_stm32f103xb.o(HEAP)
    __initial_sp                             0x20000708   Data           0  startup_stm32f103xb.o(STACK)



==============================================================================

Memory Map of the image

  Image Entry point : 0x080000ed

  Load Region LR_IROM1 (Base: 0x08000000, Size: 0x00001f48, Max: 0x00010000, ABSOLUTE)

    Execution Region ER_IROM1 (Exec base: 0x08000000, Load base: 0x08000000, Size: 0x00001f34, Max: 0x00010000, ABSOLUTE)

    Exec Addr    Load Addr    Size         Type   Attr      Idx    E Section Name        Object

    0x08000000   0x08000000   0x000000ec   Data   RO            3    RESET               startup_stm32f103xb.o
    0x080000ec   0x080000ec   0x00000000   Code   RO          313  * .ARM.Collect$$$$00000000  mc_w.l(entry.o)
    0x080000ec   0x080000ec   0x00000004   Code   RO          350    .ARM.Collect$$$$00000001  mc_w.l(entry2.o)
    0x080000f0   0x080000f0   0x00000004   Code   RO          353    .ARM.Collect$$$$00000004  mc_w.l(entry5.o)
    0x080000f4   0x080000f4   0x00000000   Code   RO          355    .ARM.Collect$$$$00000008  mc_w.l(entry7b.o)
    0x080000f4   0x080000f4   0x00000000   Code   RO          357    .ARM.Collect$$$$0000000A  mc_w.l(entry8b.o)
    0x080000f4   0x080000f4   0x00000008   Code   RO          358    .ARM.Collect$$$$0000000B  mc_w.l(entry9a.o)
    0x080000fc   0x080000fc   0x00000000   Code   RO          360    .ARM.Collect$$$$0000000D  mc_w.l(entry10a.o)
    0x080000fc   0x080000fc   0x00000000   Code   RO          362    .ARM.Collect$$$$0000000F  mc_w.l(entry11a.o)
    0x080000fc   0x080000fc   0x00000004   Code   RO          351    .ARM.Collect$$$$00002712  mc_w.l(entry2.o)
    0x08000100   0x08000100   0x00000024   Code   RO            4    .text               startup_stm32f103xb.o
    0x08000124   0x08000124   0x00000024   Code   RO          316    .text               mc_w.l(memcpya.o)
    0x08000148   0x08000148   0x00000024   Code   RO          366    .text               mc_w.l(init.o)
    0x0800016c   0x0800016c   0x000000bc   Code   RO          142    .text.LL_GPIO_Init  stm32f1xx_ll_gpio.o
    0x08000228   0x08000228   0x000000e2   Code   RO          227    .text.LL_I2C_Init   stm32f1xx_ll_i2c.o
    0x0800030a   0x0800030a   0x00000002   PAD
    0x0800030c   0x0800030c   0x00000028   Code   RO          189    .text.LL_Init1msTick  stm32f1xx_ll_utils.o
    0x08000334   0x08000334   0x0000008a   Code   RO          165    .text.LL_RCC_GetSystemClocksFreq  stm32f1xx_ll_rcc.o
    0x080003be   0x080003be   0x00000002   PAD
    0x080003c0   0x080003c0   0x0000000c   Code   RO          193    .text.LL_SetSystemCoreClock  stm32f1xx_ll_utils.o
    0x080003cc   0x080003cc   0x00000086   Code   RO          266    .text.LL_TIM_Init   stm32f1xx_ll_tim.o
    0x08000452   0x08000452   0x00000002   PAD
    0x08000454   0x08000454   0x000000ca   Code   RO          298    .text.LL_USART_Init  stm32f1xx_ll_usart.o
    0x0800051e   0x0800051e   0x00000002   PAD
    0x08000520   0x08000520   0x00000002   Code   RO          101    .text.PendSV_Handler  stm32f1xx_it.o
    0x08000522   0x08000522   0x00000002   PAD
    0x08000524   0x08000524   0x00000002   Code   RO           99    .text.SVC_Handler   stm32f1xx_it.o
    0x08000526   0x08000526   0x00000002   PAD
    0x08000528   0x08000528   0x00000040   Code   RO          103    .text.SysTick_Handler  stm32f1xx_it.o
    0x08000568   0x08000568   0x00000110   Code   RO           52    .text.SystemClock_Config  main.o
    0x08000678   0x08000678   0x00000050   Code   RO          125    .text.SystemInit    system_stm32f1xx.o
    0x080006c8   0x080006c8   0x00000048   Code   RO          105    .text.TIM1_UP_IRQHandler  stm32f1xx_it.o
    0x08000710   0x08000710   0x0000004a   Code   RO          107    .text.TIM2_IRQHandler  stm32f1xx_it.o
    0x0800075a   0x0800075a   0x00000002   PAD
    0x0800075c   0x0800075c   0x0000003c   Code   RO          109    .text.TIM3_IRQHandler  stm32f1xx_it.o
    0x08000798   0x08000798   0x00000076   Code   RO          111    .text.TIM4_IRQHandler  stm32f1xx_it.o
    0x0800080e   0x0800080e   0x00000002   PAD
    0x08000810   0x08000810   0x0000001a   Code   RO          113    .text.USART2_IRQHandler  stm32f1xx_it.o
    0x0800082a   0x0800082a   0x00000002   PAD
    0x0800082c   0x0800082c   0x0000001a   Code   RO          115    .text.USART3_IRQHandler  stm32f1xx_it.o
    0x08000846   0x08000846   0x00000002   PAD
    0x08000848   0x08000848   0x0000004c   Code   RO           36    .text.USART_CharReception_Callback  main.o
    0x08000894   0x08000894   0x00000042   Code   RO           38    .text.USART_CharReception_Callback_UP  main.o
    0x080008d6   0x080008d6   0x00000002   PAD
    0x080008d8   0x080008d8   0x0000009a   Code   RO           11    .text.init_buttons  buttons.o
    0x08000972   0x08000972   0x00000002   PAD
    0x08000974   0x08000974   0x0000137e   Code   RO           50    .text.main          main.o
    0x08001cf2   0x08001cf2   0x00000002   PAD
    0x08001cf4   0x08001cf4   0x0000017e   Code   RO           13    .text.process_button  buttons.o
    0x08001e72   0x08001e72   0x0000000e   Code   RO          370    i.__scatterload_copy  mc_w.l(handlers.o)
    0x08001e80   0x08001e80   0x00000002   Code   RO          371    i.__scatterload_null  mc_w.l(handlers.o)
    0x08001e82   0x08001e82   0x0000000e   Code   RO          372    i.__scatterload_zeroinit  mc_w.l(handlers.o)
    0x08001e90   0x08001e90   0x0000006c   Code   RO          323    i.malloc            mc_w.l(malloc.o)
    0x08001efc   0x08001efc   0x00000010   Data   RO          130    .rodata.AHBPrescTable  system_stm32f1xx.o
    0x08001f0c   0x08001f0c   0x00000008   Data   RO          131    .rodata.APBPrescTable  system_stm32f1xx.o
    0x08001f14   0x08001f14   0x00000020   Data   RO          369    Region$$Table       anon$$obj.o


    Execution Region RW_IRAM1 (Exec base: 0x20000000, Load base: 0x08001f38, Size: 0x00000708, Max: 0x00005000, ABSOLUTE)

    Exec Addr    Load Addr    Size         Type   Attr      Idx    E Section Name        Object

    0x20000000   0x08001f38   0x00000004   Data   RW          364    .data               mc_w.l(mvars.o)
    0x20000004   0x08001f3c   0x00000004   Data   RW          365    .data               mc_w.l(mvars.o)
    0x20000008   0x08001f40   0x00000004   Data   RW          129    .data.SystemCoreClock  system_stm32f1xx.o
    0x2000000c   0x08001f44   0x00000004   PAD
    0x20000010        -       0x0000003c   Zero   RW           90    .bss..L_MergedGlobals  main.o
    0x2000004c        -       0x000000a0   Zero   RW           16    .bss.bt             buttons.o
    0x200000ec        -       0x00000004   Zero   RW           17    .bss.buttons_flag_set  buttons.o
    0x200000f0        -       0x00000004   Zero   RW           59    .bss.jog1           main.o
    0x200000f4        -       0x00000001   Zero   RW           64    .bss.jog1cmd        main.o
    0x200000f5   0x08001f44   0x00000003   PAD
    0x200000f8        -       0x00000004   Zero   RW           60    .bss.jog2           main.o
    0x200000fc        -       0x00000004   Zero   RW           61    .bss.jog3           main.o
    0x20000100        -       0x00000004   Zero   RW           62    .bss.jog4           main.o
    0x20000104        -       0x00000001   Zero   RW           67    .bss.jog4resolution  main.o
    0x20000105        -       0x00000001   Zero   RW           58    .bss.menu_changed   main.o
    0x20000106   0x08001f44   0x00000002   PAD
    0x20000108        -       0x00000200   Zero   RW            2    HEAP                startup_stm32f103xb.o
    0x20000308        -       0x00000400   Zero   RW            1    STACK               startup_stm32f103xb.o


==============================================================================

Image component sizes


      Code (inc. data)   RO Data    RW Data    ZI Data      Debug   Object Name

       536         84          0          0        164       2612   buttons.o
      5404         70          0          0         79      30450   main.o
        36          8        236          0       1536        784   startup_stm32f103xb.o
       444          0          0          0          0       3073   stm32f1xx_it.o
       188          0          0          0          0       3074   stm32f1xx_ll_gpio.o
       226          0          0          0          0       3259   stm32f1xx_ll_i2c.o
       138          0          0          0          0       6565   stm32f1xx_ll_rcc.o
       134          0          0          0          0      10521   stm32f1xx_ll_tim.o
       202          0          0          0          0       4492   stm32f1xx_ll_usart.o
        52          0          0          0          0       7406   stm32f1xx_ll_utils.o
        80          0         24          4          0       2166   system_stm32f1xx.o

    ----------------------------------------------------------------------
      7466        162        292          4       1788      74402   Object Totals
         0          0         32          0          0          0   (incl. Generated)
        26          0          0          0          9          0   (incl. Padding)

    ----------------------------------------------------------------------

      Code (inc. data)   RO Data    RW Data    ZI Data      Debug   Library Member Name

         0          0          0          0          0          0   entry.o
         0          0          0          0          0          0   entry10a.o
         0          0          0          0          0          0   entry11a.o
         8          4          0          0          0          0   entry2.o
         4          0          0          0          0          0   entry5.o
         0          0          0          0          0          0   entry7b.o
         0          0          0          0          0          0   entry8b.o
         8          4          0          0          0          0   entry9a.o
        30          0          0          0          0          0   handlers.o
        36          8          0          0          0         68   init.o
       108         16          0          0          0         84   malloc.o
        36          0          0          0          0         68   memcpya.o
         0          0          0          8          0          0   mvars.o

    ----------------------------------------------------------------------
       230         32          0          8          0        220   Library Totals
         0          0          0          0          0          0   (incl. Padding)

    ----------------------------------------------------------------------

      Code (inc. data)   RO Data    RW Data    ZI Data      Debug   Library Name

       230         32          0          8          0        220   mc_w.l

    ----------------------------------------------------------------------
       230         32          0          8          0        220   Library Totals

    ----------------------------------------------------------------------

==============================================================================


      Code (inc. data)   RO Data    RW Data    ZI Data      Debug   

      7696        194        292         12       1788      74542   Grand Totals
      7696        194        292         12       1788      74542   ELF Image Totals
      7696        194        292         12          0          0   ROM Totals

==============================================================================

    Total RO  Size (Code + RO Data)                 7988 (   7.80kB)
    Total RW  Size (RW Data + ZI Data)              1800 (   1.76kB)
    Total ROM Size (Code + RO Data + RW Data)       8000 (   7.81kB)

==============================================================================

