<html>
<body>
<pre>
<h1>µVision Build Log</h1>
<h2>Tool Versions:</h2>
IDE-Version: µVision V5.38.0.0
Copyright (C) 2022 ARM Ltd and ARM Germany GmbH. All rights reserved.
License Information: Sergey Taranov, Greenatom, LIC=1WSKC-7TB7S-06WQU-SEQAT-EUBXL-444CH
 
Tool Versions:
Toolchain:       MDK-ARM Professional  Version: 5.38.0.0
Toolchain Path:  C:\DEV\Keil\Keil_v5\ARM\ARMCLANG\Bin
C Compiler:      ArmClang.exe V6.19
Assembler:       Armasm.exe V6.19
Linker/Locator:  ArmLink.exe V6.19
Library Manager: ArmAr.exe V6.19
Hex Converter:   FromElf.exe V6.19
CPU DLL:         SARMCM3.DLL V5.38.0.0
Dialog DLL:      DCM.DLL V1.17.5.0
Target DLL:      STLink\ST-LINKIII-KEIL_SWO.dll V3.1.0.0
Dialog DLL:      TCM.DLL V1.56.4.0
 
<h2>Project:</h2>
C:\DEV\projects\efeed_usart_sub_master\MDK-ARM\efeed_usart_sub_master.uvprojx
Project File Date:  02/11/2025

<h2>Output:</h2>
*** Using Compiler 'V6.19', folder: 'C:\DEV\Keil\Keil_v5\ARM\ARMCLANG\Bin'
Build target 'efeed_usart_sub_master'
../Src/buttons.c(7): warning: unknown attribute 'at' ignored [-Wunknown-attributes]
uint32_t buttons_flag_set __attribute__((at(BB_VAR))); // ARM v5 compiler
                                         ^~~~~~~~~~
1 warning generated.
compiling buttons.c...
compiling stm32f1xx_it.c...
../Src/main.c(179): warning: assigning to 'void *' from 'volatile void *' discards qualifiers [-Wincompatible-pointer-types-discards-qualifiers]
    cb->head = cb->buffer;
             ^ ~~~~~~~~~~
../Src/main.c(180): warning: assigning to 'void *' from 'volatile void *' discards qualifiers [-Wincompatible-pointer-types-discards-qualifiers]
    cb->tail = cb->buffer;
             ^ ~~~~~~~~~~
../Src/main.c(185): warning: passing 'volatile void *' to parameter of type 'void *' discards qualifiers [-Wincompatible-pointer-types-discards-qualifiers]
    free(cb->buffer);
         ^~~~~~~~~~
C:\DEV\Keil\Keil_v5\ARM\ARMCLANG\Bin\..\include\stdlib.h(330): note: passing argument to parameter here
extern _ARMABI void free(void * /*ptr*/);
                                       ^
../Src/main.c(196): warning: assigning to 'void *' from 'volatile void *' discards qualifiers [-Wincompatible-pointer-types-discards-qualifiers]
        cb->head = cb->buffer;
                 ^ ~~~~~~~~~~
../Src/main.c(208): warning: assigning to 'void *' from 'volatile void *' discards qualifiers [-Wincompatible-pointer-types-discards-qualifiers]
        cb->head = cb->buffer;
                 ^ ~~~~~~~~~~
../Src/main.c(220): warning: assigning to 'void *' from 'volatile void *' discards qualifiers [-Wincompatible-pointer-types-discards-qualifiers]
        cb->tail = cb->buffer;
                 ^ ~~~~~~~~~~
6 warnings generated.
compiling main.c...
linking...
Program Size: Code=7696 RO-data=292 RW-data=12 ZI-data=1788  
FromELF: creating hex file...
"efeed_usart_sub_master\efeed_usart_sub_master.axf" - 0 Error(s), 7 Warning(s).

<h2>Software Packages used:</h2>

Package Vendor: ARM
                http://www.keil.com/pack/ARM.CMSIS.5.9.0.pack
                ARM.CMSIS.5.9.0
                CMSIS (Common Microcontroller Software Interface Standard)
   * Component: CORE Version: 5.6.0

Package Vendor: Keil
                https://www.keil.com/pack/Keil.STM32F1xx_DFP.2.4.1.pack
                Keil.STM32F1xx_DFP.2.4.1
                STMicroelectronics STM32F1 Series Device Support, Drivers and Examples

<h2>Collection of Component include folders:</h2>
  ./RTE/_efeed_usart_sub_master
  C:/DEV/Keil/Arm/Packs/ARM/CMSIS/5.9.0/CMSIS/Core/Include
  C:/DEV/Keil/Arm/Packs/Keil/STM32F1xx_DFP/2.4.1/Device/Include

<h2>Collection of Component Files used:</h2>

   * Component: ARM::CMSIS:CORE:5.6.0
Build Time Elapsed:  00:00:02
</pre>
</body>
</html>
