Component: ARM Compiler 5.06 update 6 (build 750) Tool: armlink [4d35ed]

==============================================================================

Section Cross References

    startup_stm32f103xb.o(RESET) refers to startup_stm32f103xb.o(STACK) for __initial_sp
    startup_stm32f103xb.o(RESET) refers to startup_stm32f103xb.o(.text) for Reset_Handler
    startup_stm32f103xb.o(RESET) refers to stm32f1xx_it.o(i.SVC_Handler) for SVC_Handler
    startup_stm32f103xb.o(RESET) refers to stm32f1xx_it.o(i.PendSV_Handler) for PendSV_Handler
    startup_stm32f103xb.o(RESET) refers to stm32f1xx_it.o(i.SysTick_Handler) for SysTick_Handler
    startup_stm32f103xb.o(RESET) refers to stm32f1xx_it.o(i.TIM1_UP_IRQHandler) for TIM1_UP_IRQHandler
    startup_stm32f103xb.o(RESET) refers to stm32f1xx_it.o(i.TIM2_IRQHandler) for TIM2_IRQHandler
    startup_stm32f103xb.o(RESET) refers to stm32f1xx_it.o(i.TIM3_IRQHandler) for TIM3_IRQHandler
    startup_stm32f103xb.o(RESET) refers to stm32f1xx_it.o(i.TIM4_IRQHandler) for TIM4_IRQHandler
    startup_stm32f103xb.o(RESET) refers to stm32f1xx_it.o(i.USART2_IRQHandler) for USART2_IRQHandler
    startup_stm32f103xb.o(RESET) refers to stm32f1xx_it.o(i.USART3_IRQHandler) for USART3_IRQHandler
    startup_stm32f103xb.o(.text) refers to system_stm32f1xx.o(i.SystemInit) for SystemInit
    startup_stm32f103xb.o(.text) refers to entry.o(.ARM.Collect$$$$00000000) for __main
    buttons.o(i.init_buttons) refers to buttons.o(i.LL_GPIO_IsInputPinSet) for LL_GPIO_IsInputPinSet
    buttons.o(i.init_buttons) refers to buttons.o(.bss) for bt
    main.o(i.LL_TIM_IC_SetActiveInput) refers to main.o(.constdata) for OFFSET_TAB_CCMRx
    main.o(i.LL_TIM_IC_SetFilter) refers to main.o(.constdata) for OFFSET_TAB_CCMRx
    main.o(i.LL_TIM_IC_SetPolarity) refers to main.o(.constdata) for SHIFT_TAB_CCxP
    main.o(i.LL_TIM_IC_SetPrescaler) refers to main.o(.constdata) for OFFSET_TAB_CCMRx
    main.o(i.MX_GPIO_Init) refers to memseta.o(.text) for __aeabi_memclr4
    main.o(i.MX_GPIO_Init) refers to main.o(i.LL_APB2_GRP1_EnableClock) for LL_APB2_GRP1_EnableClock
    main.o(i.MX_GPIO_Init) refers to stm32f1xx_ll_gpio.o(i.LL_GPIO_Init) for LL_GPIO_Init
    main.o(i.MX_TIM1_Init) refers to memseta.o(.text) for __aeabi_memclr4
    main.o(i.MX_TIM1_Init) refers to main.o(i.LL_APB2_GRP1_EnableClock) for LL_APB2_GRP1_EnableClock
    main.o(i.MX_TIM1_Init) refers to stm32f1xx_ll_gpio.o(i.LL_GPIO_Init) for LL_GPIO_Init
    main.o(i.MX_TIM1_Init) refers to main.o(i.__NVIC_GetPriorityGrouping) for __NVIC_GetPriorityGrouping
    main.o(i.MX_TIM1_Init) refers to main.o(i.NVIC_EncodePriority) for NVIC_EncodePriority
    main.o(i.MX_TIM1_Init) refers to main.o(i.__NVIC_SetPriority) for __NVIC_SetPriority
    main.o(i.MX_TIM1_Init) refers to main.o(i.__NVIC_EnableIRQ) for __NVIC_EnableIRQ
    main.o(i.MX_TIM1_Init) refers to main.o(i.LL_TIM_SetEncoderMode) for LL_TIM_SetEncoderMode
    main.o(i.MX_TIM1_Init) refers to main.o(i.LL_TIM_IC_SetActiveInput) for LL_TIM_IC_SetActiveInput
    main.o(i.MX_TIM1_Init) refers to main.o(i.LL_TIM_IC_SetPrescaler) for LL_TIM_IC_SetPrescaler
    main.o(i.MX_TIM1_Init) refers to main.o(i.LL_TIM_IC_SetFilter) for LL_TIM_IC_SetFilter
    main.o(i.MX_TIM1_Init) refers to main.o(i.LL_TIM_IC_SetPolarity) for LL_TIM_IC_SetPolarity
    main.o(i.MX_TIM1_Init) refers to stm32f1xx_ll_tim.o(i.LL_TIM_Init) for LL_TIM_Init
    main.o(i.MX_TIM1_Init) refers to main.o(i.LL_TIM_SetTriggerOutput) for LL_TIM_SetTriggerOutput
    main.o(i.MX_TIM1_Init) refers to main.o(i.LL_TIM_DisableMasterSlaveMode) for LL_TIM_DisableMasterSlaveMode
    main.o(i.MX_TIM2_Init) refers to memseta.o(.text) for __aeabi_memclr4
    main.o(i.MX_TIM2_Init) refers to main.o(i.LL_APB1_GRP1_EnableClock) for LL_APB1_GRP1_EnableClock
    main.o(i.MX_TIM2_Init) refers to main.o(i.LL_APB2_GRP1_EnableClock) for LL_APB2_GRP1_EnableClock
    main.o(i.MX_TIM2_Init) refers to stm32f1xx_ll_gpio.o(i.LL_GPIO_Init) for LL_GPIO_Init
    main.o(i.MX_TIM2_Init) refers to main.o(i.__NVIC_GetPriorityGrouping) for __NVIC_GetPriorityGrouping
    main.o(i.MX_TIM2_Init) refers to main.o(i.NVIC_EncodePriority) for NVIC_EncodePriority
    main.o(i.MX_TIM2_Init) refers to main.o(i.__NVIC_SetPriority) for __NVIC_SetPriority
    main.o(i.MX_TIM2_Init) refers to main.o(i.__NVIC_EnableIRQ) for __NVIC_EnableIRQ
    main.o(i.MX_TIM2_Init) refers to main.o(i.LL_TIM_SetEncoderMode) for LL_TIM_SetEncoderMode
    main.o(i.MX_TIM2_Init) refers to main.o(i.LL_TIM_IC_SetActiveInput) for LL_TIM_IC_SetActiveInput
    main.o(i.MX_TIM2_Init) refers to main.o(i.LL_TIM_IC_SetPrescaler) for LL_TIM_IC_SetPrescaler
    main.o(i.MX_TIM2_Init) refers to main.o(i.LL_TIM_IC_SetFilter) for LL_TIM_IC_SetFilter
    main.o(i.MX_TIM2_Init) refers to main.o(i.LL_TIM_IC_SetPolarity) for LL_TIM_IC_SetPolarity
    main.o(i.MX_TIM2_Init) refers to stm32f1xx_ll_tim.o(i.LL_TIM_Init) for LL_TIM_Init
    main.o(i.MX_TIM2_Init) refers to main.o(i.LL_TIM_DisableARRPreload) for LL_TIM_DisableARRPreload
    main.o(i.MX_TIM2_Init) refers to main.o(i.LL_TIM_SetTriggerOutput) for LL_TIM_SetTriggerOutput
    main.o(i.MX_TIM2_Init) refers to main.o(i.LL_TIM_DisableMasterSlaveMode) for LL_TIM_DisableMasterSlaveMode
    main.o(i.MX_TIM3_Init) refers to memseta.o(.text) for __aeabi_memclr4
    main.o(i.MX_TIM3_Init) refers to main.o(i.LL_APB1_GRP1_EnableClock) for LL_APB1_GRP1_EnableClock
    main.o(i.MX_TIM3_Init) refers to main.o(i.LL_APB2_GRP1_EnableClock) for LL_APB2_GRP1_EnableClock
    main.o(i.MX_TIM3_Init) refers to stm32f1xx_ll_gpio.o(i.LL_GPIO_Init) for LL_GPIO_Init
    main.o(i.MX_TIM3_Init) refers to main.o(i.__NVIC_GetPriorityGrouping) for __NVIC_GetPriorityGrouping
    main.o(i.MX_TIM3_Init) refers to main.o(i.NVIC_EncodePriority) for NVIC_EncodePriority
    main.o(i.MX_TIM3_Init) refers to main.o(i.__NVIC_SetPriority) for __NVIC_SetPriority
    main.o(i.MX_TIM3_Init) refers to main.o(i.__NVIC_EnableIRQ) for __NVIC_EnableIRQ
    main.o(i.MX_TIM3_Init) refers to main.o(i.LL_TIM_SetEncoderMode) for LL_TIM_SetEncoderMode
    main.o(i.MX_TIM3_Init) refers to main.o(i.LL_TIM_IC_SetActiveInput) for LL_TIM_IC_SetActiveInput
    main.o(i.MX_TIM3_Init) refers to main.o(i.LL_TIM_IC_SetPrescaler) for LL_TIM_IC_SetPrescaler
    main.o(i.MX_TIM3_Init) refers to main.o(i.LL_TIM_IC_SetFilter) for LL_TIM_IC_SetFilter
    main.o(i.MX_TIM3_Init) refers to main.o(i.LL_TIM_IC_SetPolarity) for LL_TIM_IC_SetPolarity
    main.o(i.MX_TIM3_Init) refers to stm32f1xx_ll_tim.o(i.LL_TIM_Init) for LL_TIM_Init
    main.o(i.MX_TIM3_Init) refers to main.o(i.LL_TIM_DisableARRPreload) for LL_TIM_DisableARRPreload
    main.o(i.MX_TIM3_Init) refers to main.o(i.LL_TIM_SetTriggerOutput) for LL_TIM_SetTriggerOutput
    main.o(i.MX_TIM3_Init) refers to main.o(i.LL_TIM_DisableMasterSlaveMode) for LL_TIM_DisableMasterSlaveMode
    main.o(i.MX_TIM4_Init) refers to memseta.o(.text) for __aeabi_memclr4
    main.o(i.MX_TIM4_Init) refers to main.o(i.LL_APB1_GRP1_EnableClock) for LL_APB1_GRP1_EnableClock
    main.o(i.MX_TIM4_Init) refers to main.o(i.LL_APB2_GRP1_EnableClock) for LL_APB2_GRP1_EnableClock
    main.o(i.MX_TIM4_Init) refers to stm32f1xx_ll_gpio.o(i.LL_GPIO_Init) for LL_GPIO_Init
    main.o(i.MX_TIM4_Init) refers to main.o(i.__NVIC_GetPriorityGrouping) for __NVIC_GetPriorityGrouping
    main.o(i.MX_TIM4_Init) refers to main.o(i.NVIC_EncodePriority) for NVIC_EncodePriority
    main.o(i.MX_TIM4_Init) refers to main.o(i.__NVIC_SetPriority) for __NVIC_SetPriority
    main.o(i.MX_TIM4_Init) refers to main.o(i.__NVIC_EnableIRQ) for __NVIC_EnableIRQ
    main.o(i.MX_TIM4_Init) refers to main.o(i.LL_TIM_SetEncoderMode) for LL_TIM_SetEncoderMode
    main.o(i.MX_TIM4_Init) refers to main.o(i.LL_TIM_IC_SetActiveInput) for LL_TIM_IC_SetActiveInput
    main.o(i.MX_TIM4_Init) refers to main.o(i.LL_TIM_IC_SetPrescaler) for LL_TIM_IC_SetPrescaler
    main.o(i.MX_TIM4_Init) refers to main.o(i.LL_TIM_IC_SetFilter) for LL_TIM_IC_SetFilter
    main.o(i.MX_TIM4_Init) refers to main.o(i.LL_TIM_IC_SetPolarity) for LL_TIM_IC_SetPolarity
    main.o(i.MX_TIM4_Init) refers to stm32f1xx_ll_tim.o(i.LL_TIM_Init) for LL_TIM_Init
    main.o(i.MX_TIM4_Init) refers to main.o(i.LL_TIM_DisableARRPreload) for LL_TIM_DisableARRPreload
    main.o(i.MX_TIM4_Init) refers to main.o(i.LL_TIM_SetTriggerOutput) for LL_TIM_SetTriggerOutput
    main.o(i.MX_TIM4_Init) refers to main.o(i.LL_TIM_DisableMasterSlaveMode) for LL_TIM_DisableMasterSlaveMode
    main.o(i.MX_USART2_UART_Init) refers to memseta.o(.text) for __aeabi_memclr4
    main.o(i.MX_USART2_UART_Init) refers to main.o(i.LL_APB1_GRP1_EnableClock) for LL_APB1_GRP1_EnableClock
    main.o(i.MX_USART2_UART_Init) refers to main.o(i.LL_APB2_GRP1_EnableClock) for LL_APB2_GRP1_EnableClock
    main.o(i.MX_USART2_UART_Init) refers to stm32f1xx_ll_gpio.o(i.LL_GPIO_Init) for LL_GPIO_Init
    main.o(i.MX_USART2_UART_Init) refers to main.o(i.__NVIC_GetPriorityGrouping) for __NVIC_GetPriorityGrouping
    main.o(i.MX_USART2_UART_Init) refers to main.o(i.NVIC_EncodePriority) for NVIC_EncodePriority
    main.o(i.MX_USART2_UART_Init) refers to main.o(i.__NVIC_SetPriority) for __NVIC_SetPriority
    main.o(i.MX_USART2_UART_Init) refers to main.o(i.__NVIC_EnableIRQ) for __NVIC_EnableIRQ
    main.o(i.MX_USART2_UART_Init) refers to stm32f1xx_ll_usart.o(i.LL_USART_Init) for LL_USART_Init
    main.o(i.MX_USART2_UART_Init) refers to main.o(i.LL_USART_ConfigAsyncMode) for LL_USART_ConfigAsyncMode
    main.o(i.MX_USART2_UART_Init) refers to main.o(i.LL_USART_Enable) for LL_USART_Enable
    main.o(i.MX_USART3_UART_Init) refers to memseta.o(.text) for __aeabi_memclr4
    main.o(i.MX_USART3_UART_Init) refers to main.o(i.LL_APB1_GRP1_EnableClock) for LL_APB1_GRP1_EnableClock
    main.o(i.MX_USART3_UART_Init) refers to main.o(i.LL_APB2_GRP1_EnableClock) for LL_APB2_GRP1_EnableClock
    main.o(i.MX_USART3_UART_Init) refers to stm32f1xx_ll_gpio.o(i.LL_GPIO_Init) for LL_GPIO_Init
    main.o(i.MX_USART3_UART_Init) refers to main.o(i.__NVIC_GetPriorityGrouping) for __NVIC_GetPriorityGrouping
    main.o(i.MX_USART3_UART_Init) refers to main.o(i.NVIC_EncodePriority) for NVIC_EncodePriority
    main.o(i.MX_USART3_UART_Init) refers to main.o(i.__NVIC_SetPriority) for __NVIC_SetPriority
    main.o(i.MX_USART3_UART_Init) refers to main.o(i.__NVIC_EnableIRQ) for __NVIC_EnableIRQ
    main.o(i.MX_USART3_UART_Init) refers to stm32f1xx_ll_usart.o(i.LL_USART_Init) for LL_USART_Init
    main.o(i.MX_USART3_UART_Init) refers to main.o(i.LL_USART_ConfigAsyncMode) for LL_USART_ConfigAsyncMode
    main.o(i.MX_USART3_UART_Init) refers to main.o(i.LL_USART_Enable) for LL_USART_Enable
    main.o(i.Print2Screen) refers to main.o(i.LL_USART_IsActiveFlag_TXE) for LL_USART_IsActiveFlag_TXE
    main.o(i.Print2Screen) refers to main.o(i.LL_USART_TransmitData8) for LL_USART_TransmitData8
    main.o(i.Print2Screen) refers to main.o(i.LL_USART_IsActiveFlag_TC) for LL_USART_IsActiveFlag_TC
    main.o(i.PrintInfo) refers to main.o(i.LL_USART_IsActiveFlag_TXE) for LL_USART_IsActiveFlag_TXE
    main.o(i.PrintInfo) refers to main.o(i.LL_USART_TransmitData8) for LL_USART_TransmitData8
    main.o(i.PrintInfo) refers to main.o(i.LL_USART_IsActiveFlag_TC) for LL_USART_IsActiveFlag_TC
    main.o(i.SystemClock_Config) refers to stm32f1xx_ll_utils.o(i.LL_Init1msTick) for LL_Init1msTick
    main.o(i.SystemClock_Config) refers to stm32f1xx_ll_utils.o(i.LL_SetSystemCoreClock) for LL_SetSystemCoreClock
    main.o(i.USART_CharReception_Callback) refers to memseta.o(.text) for __aeabi_memclr
    main.o(i.USART_CharReception_Callback) refers to memcpya.o(.text) for __aeabi_memcpy
    main.o(i.USART_CharReception_Callback) refers to main.o(.data) for uwNbReceivedChars
    main.o(i.USART_CharReception_Callback) refers to main.o(.bss) for aRXBufferA
    main.o(i.USART_CharReception_Callback_UP) refers to memseta.o(.text) for __aeabi_memclr
    main.o(i.USART_CharReception_Callback_UP) refers to memcpya.o(.text) for __aeabi_memcpy
    main.o(i.USART_CharReception_Callback_UP) refers to main.o(.data) for uwNbReceivedCharsB
    main.o(i.USART_CharReception_Callback_UP) refers to main.o(.bss) for aRXBufferB
    main.o(i.main) refers to main.o(i.LL_APB2_GRP1_EnableClock) for LL_APB2_GRP1_EnableClock
    main.o(i.main) refers to main.o(i.LL_APB1_GRP1_EnableClock) for LL_APB1_GRP1_EnableClock
    main.o(i.main) refers to main.o(i.SystemClock_Config) for SystemClock_Config
    main.o(i.main) refers to main.o(i.MX_GPIO_Init) for MX_GPIO_Init
    main.o(i.main) refers to main.o(i.MX_CRC_Init) for MX_CRC_Init
    main.o(i.main) refers to main.o(i.MX_TIM4_Init) for MX_TIM4_Init
    main.o(i.main) refers to main.o(i.MX_TIM3_Init) for MX_TIM3_Init
    main.o(i.main) refers to main.o(i.MX_TIM1_Init) for MX_TIM1_Init
    main.o(i.main) refers to main.o(i.MX_TIM2_Init) for MX_TIM2_Init
    main.o(i.main) refers to main.o(i.MX_USART2_UART_Init) for MX_USART2_UART_Init
    main.o(i.main) refers to main.o(i.MX_USART3_UART_Init) for MX_USART3_UART_Init
    main.o(i.main) refers to buttons.o(i.init_buttons) for init_buttons
    main.o(i.main) refers to main.o(i.LL_USART_ClearFlag_ORE) for LL_USART_ClearFlag_ORE
    main.o(i.main) refers to main.o(i.LL_USART_EnableIT_RXNE) for LL_USART_EnableIT_RXNE
    main.o(i.main) refers to main.o(i.LL_USART_EnableIT_ERROR) for LL_USART_EnableIT_ERROR
    main.o(i.main) refers to main.o(i.LL_TIM_EnableUpdateEvent) for LL_TIM_EnableUpdateEvent
    main.o(i.main) refers to main.o(i.LL_TIM_EnableIT_UPDATE) for LL_TIM_EnableIT_UPDATE
    main.o(i.main) refers to main.o(i.LL_TIM_EnableCounter) for LL_TIM_EnableCounter
    main.o(i.main) refers to buttons.o(i.process_button) for process_button
    main.o(i.main) refers to main.o(i.PrintInfo) for PrintInfo
    main.o(i.main) refers to main.o(i.Print2Screen) for Print2Screen
    main.o(i.main) refers to buttons.o(.ARM.__AT_0x20000060) for buttons_flag_set
    main.o(i.main) refers to main.o(.data) for ubUARTReceptionCompleteA
    main.o(i.main) refers to main.o(.bss) for aRXBuffer
    stm32f1xx_it.o(i.SysTick_Handler) refers to buttons.o(.bss) for bt
    stm32f1xx_it.o(i.TIM1_UP_IRQHandler) refers to stm32f1xx_it.o(i.LL_TIM_GetDirection) for LL_TIM_GetDirection
    stm32f1xx_it.o(i.TIM1_UP_IRQHandler) refers to main.o(.data) for jog1
    stm32f1xx_it.o(i.TIM2_IRQHandler) refers to stm32f1xx_it.o(i.LL_TIM_GetDirection) for LL_TIM_GetDirection
    stm32f1xx_it.o(i.TIM2_IRQHandler) refers to main.o(.data) for jog2
    stm32f1xx_it.o(i.TIM3_IRQHandler) refers to stm32f1xx_it.o(i.LL_TIM_GetDirection) for LL_TIM_GetDirection
    stm32f1xx_it.o(i.TIM3_IRQHandler) refers to main.o(.data) for jog3
    stm32f1xx_it.o(i.TIM4_IRQHandler) refers to stm32f1xx_it.o(i.LL_TIM_GetDirection) for LL_TIM_GetDirection
    stm32f1xx_it.o(i.TIM4_IRQHandler) refers to main.o(.data) for jog4resolution
    stm32f1xx_it.o(i.USART2_IRQHandler) refers to stm32f1xx_it.o(i.LL_USART_IsActiveFlag_RXNE) for LL_USART_IsActiveFlag_RXNE
    stm32f1xx_it.o(i.USART2_IRQHandler) refers to stm32f1xx_it.o(i.LL_USART_IsEnabledIT_RXNE) for LL_USART_IsEnabledIT_RXNE
    stm32f1xx_it.o(i.USART2_IRQHandler) refers to main.o(i.USART_CharReception_Callback) for USART_CharReception_Callback
    stm32f1xx_it.o(i.USART3_IRQHandler) refers to stm32f1xx_it.o(i.LL_USART_IsActiveFlag_RXNE) for LL_USART_IsActiveFlag_RXNE
    stm32f1xx_it.o(i.USART3_IRQHandler) refers to stm32f1xx_it.o(i.LL_USART_IsEnabledIT_RXNE) for LL_USART_IsEnabledIT_RXNE
    stm32f1xx_it.o(i.USART3_IRQHandler) refers to main.o(i.USART_CharReception_Callback_UP) for USART_CharReception_Callback_UP
    stm32f1xx_ll_gpio.o(i.LL_GPIO_DeInit) refers to stm32f1xx_ll_gpio.o(i.LL_APB2_GRP1_ForceReset) for LL_APB2_GRP1_ForceReset
    stm32f1xx_ll_gpio.o(i.LL_GPIO_DeInit) refers to stm32f1xx_ll_gpio.o(i.LL_APB2_GRP1_ReleaseReset) for LL_APB2_GRP1_ReleaseReset
    stm32f1xx_ll_rcc.o(i.LL_RCC_DeInit) refers to stm32f1xx_ll_rcc.o(i.LL_RCC_PLL_IsReady) for LL_RCC_PLL_IsReady
    stm32f1xx_ll_rcc.o(i.LL_RCC_GetADCClockFreq) refers to stm32f1xx_ll_rcc.o(i.RCC_GetSystemClockFreq) for RCC_GetSystemClockFreq
    stm32f1xx_ll_rcc.o(i.LL_RCC_GetADCClockFreq) refers to stm32f1xx_ll_rcc.o(i.RCC_GetHCLKClockFreq) for RCC_GetHCLKClockFreq
    stm32f1xx_ll_rcc.o(i.LL_RCC_GetADCClockFreq) refers to stm32f1xx_ll_rcc.o(i.RCC_GetPCLK2ClockFreq) for RCC_GetPCLK2ClockFreq
    stm32f1xx_ll_rcc.o(i.LL_RCC_GetSystemClocksFreq) refers to stm32f1xx_ll_rcc.o(i.RCC_GetSystemClockFreq) for RCC_GetSystemClockFreq
    stm32f1xx_ll_rcc.o(i.LL_RCC_GetSystemClocksFreq) refers to stm32f1xx_ll_rcc.o(i.RCC_GetHCLKClockFreq) for RCC_GetHCLKClockFreq
    stm32f1xx_ll_rcc.o(i.LL_RCC_GetSystemClocksFreq) refers to stm32f1xx_ll_rcc.o(i.RCC_GetPCLK1ClockFreq) for RCC_GetPCLK1ClockFreq
    stm32f1xx_ll_rcc.o(i.LL_RCC_GetSystemClocksFreq) refers to stm32f1xx_ll_rcc.o(i.RCC_GetPCLK2ClockFreq) for RCC_GetPCLK2ClockFreq
    stm32f1xx_ll_rcc.o(i.LL_RCC_GetUSBClockFreq) refers to stm32f1xx_ll_rcc.o(i.LL_RCC_PLL_IsReady) for LL_RCC_PLL_IsReady
    stm32f1xx_ll_rcc.o(i.LL_RCC_GetUSBClockFreq) refers to stm32f1xx_ll_rcc.o(i.RCC_PLL_GetFreqDomain_SYS) for RCC_PLL_GetFreqDomain_SYS
    stm32f1xx_ll_rcc.o(i.RCC_GetHCLKClockFreq) refers to system_stm32f1xx.o(.constdata) for AHBPrescTable
    stm32f1xx_ll_rcc.o(i.RCC_GetPCLK1ClockFreq) refers to system_stm32f1xx.o(.constdata) for APBPrescTable
    stm32f1xx_ll_rcc.o(i.RCC_GetPCLK2ClockFreq) refers to system_stm32f1xx.o(.constdata) for APBPrescTable
    stm32f1xx_ll_rcc.o(i.RCC_GetSystemClockFreq) refers to stm32f1xx_ll_rcc.o(i.RCC_PLL_GetFreqDomain_SYS) for RCC_PLL_GetFreqDomain_SYS
    stm32f1xx_ll_utils.o(i.LL_PLL_ConfigSystemClock_HSE) refers to stm32f1xx_ll_utils.o(i.UTILS_PLL_IsBusy) for UTILS_PLL_IsBusy
    stm32f1xx_ll_utils.o(i.LL_PLL_ConfigSystemClock_HSE) refers to stm32f1xx_ll_utils.o(i.UTILS_GetPLLOutputFrequency) for UTILS_GetPLLOutputFrequency
    stm32f1xx_ll_utils.o(i.LL_PLL_ConfigSystemClock_HSE) refers to stm32f1xx_ll_utils.o(i.LL_RCC_HSE_IsReady) for LL_RCC_HSE_IsReady
    stm32f1xx_ll_utils.o(i.LL_PLL_ConfigSystemClock_HSE) refers to stm32f1xx_ll_utils.o(i.LL_RCC_PLL_ConfigDomain_SYS) for LL_RCC_PLL_ConfigDomain_SYS
    stm32f1xx_ll_utils.o(i.LL_PLL_ConfigSystemClock_HSE) refers to stm32f1xx_ll_utils.o(i.UTILS_EnablePLLAndSwitchSystem) for UTILS_EnablePLLAndSwitchSystem
    stm32f1xx_ll_utils.o(i.LL_PLL_ConfigSystemClock_HSI) refers to stm32f1xx_ll_utils.o(i.UTILS_PLL_IsBusy) for UTILS_PLL_IsBusy
    stm32f1xx_ll_utils.o(i.LL_PLL_ConfigSystemClock_HSI) refers to stm32f1xx_ll_utils.o(i.UTILS_GetPLLOutputFrequency) for UTILS_GetPLLOutputFrequency
    stm32f1xx_ll_utils.o(i.LL_PLL_ConfigSystemClock_HSI) refers to stm32f1xx_ll_utils.o(i.LL_RCC_HSI_IsReady) for LL_RCC_HSI_IsReady
    stm32f1xx_ll_utils.o(i.LL_PLL_ConfigSystemClock_HSI) refers to stm32f1xx_ll_utils.o(i.LL_RCC_PLL_ConfigDomain_SYS) for LL_RCC_PLL_ConfigDomain_SYS
    stm32f1xx_ll_utils.o(i.LL_PLL_ConfigSystemClock_HSI) refers to stm32f1xx_ll_utils.o(i.UTILS_EnablePLLAndSwitchSystem) for UTILS_EnablePLLAndSwitchSystem
    stm32f1xx_ll_utils.o(i.LL_SetSystemCoreClock) refers to system_stm32f1xx.o(.data) for SystemCoreClock
    stm32f1xx_ll_utils.o(i.UTILS_EnablePLLAndSwitchSystem) refers to stm32f1xx_ll_utils.o(i.LL_SetFlashLatency) for LL_SetFlashLatency
    stm32f1xx_ll_utils.o(i.UTILS_EnablePLLAndSwitchSystem) refers to stm32f1xx_ll_utils.o(i.LL_RCC_PLL_IsReady) for LL_RCC_PLL_IsReady
    stm32f1xx_ll_utils.o(i.UTILS_EnablePLLAndSwitchSystem) refers to stm32f1xx_ll_utils.o(i.LL_SetSystemCoreClock) for LL_SetSystemCoreClock
    stm32f1xx_ll_utils.o(i.UTILS_EnablePLLAndSwitchSystem) refers to system_stm32f1xx.o(.constdata) for AHBPrescTable
    stm32f1xx_ll_utils.o(i.UTILS_EnablePLLAndSwitchSystem) refers to system_stm32f1xx.o(.data) for SystemCoreClock
    stm32f1xx_ll_utils.o(i.UTILS_PLL_IsBusy) refers to stm32f1xx_ll_utils.o(i.LL_RCC_PLL_IsReady) for LL_RCC_PLL_IsReady
    stm32f1xx_ll_exti.o(i.LL_EXTI_Init) refers to stm32f1xx_ll_exti.o(i.LL_EXTI_DisableEvent_0_31) for LL_EXTI_DisableEvent_0_31
    stm32f1xx_ll_exti.o(i.LL_EXTI_Init) refers to stm32f1xx_ll_exti.o(i.LL_EXTI_EnableIT_0_31) for LL_EXTI_EnableIT_0_31
    stm32f1xx_ll_exti.o(i.LL_EXTI_Init) refers to stm32f1xx_ll_exti.o(i.LL_EXTI_DisableIT_0_31) for LL_EXTI_DisableIT_0_31
    stm32f1xx_ll_exti.o(i.LL_EXTI_Init) refers to stm32f1xx_ll_exti.o(i.LL_EXTI_EnableEvent_0_31) for LL_EXTI_EnableEvent_0_31
    stm32f1xx_ll_exti.o(i.LL_EXTI_Init) refers to stm32f1xx_ll_exti.o(i.LL_EXTI_EnableRisingTrig_0_31) for LL_EXTI_EnableRisingTrig_0_31
    stm32f1xx_ll_exti.o(i.LL_EXTI_Init) refers to stm32f1xx_ll_exti.o(i.LL_EXTI_EnableFallingTrig_0_31) for LL_EXTI_EnableFallingTrig_0_31
    stm32f1xx_ll_tim.o(i.LL_TIM_DeInit) refers to stm32f1xx_ll_tim.o(i.LL_APB1_GRP1_ForceReset) for LL_APB1_GRP1_ForceReset
    stm32f1xx_ll_tim.o(i.LL_TIM_DeInit) refers to stm32f1xx_ll_tim.o(i.LL_APB1_GRP1_ReleaseReset) for LL_APB1_GRP1_ReleaseReset
    stm32f1xx_ll_tim.o(i.LL_TIM_HALLSENSOR_Init) refers to stm32f1xx_ll_tim.o(i.LL_TIM_OC_SetCompareCH2) for LL_TIM_OC_SetCompareCH2
    stm32f1xx_ll_tim.o(i.LL_TIM_IC_Init) refers to stm32f1xx_ll_tim.o(i.IC1Config) for IC1Config
    stm32f1xx_ll_tim.o(i.LL_TIM_IC_Init) refers to stm32f1xx_ll_tim.o(i.IC2Config) for IC2Config
    stm32f1xx_ll_tim.o(i.LL_TIM_IC_Init) refers to stm32f1xx_ll_tim.o(i.IC3Config) for IC3Config
    stm32f1xx_ll_tim.o(i.LL_TIM_IC_Init) refers to stm32f1xx_ll_tim.o(i.IC4Config) for IC4Config
    stm32f1xx_ll_tim.o(i.LL_TIM_OC_Init) refers to stm32f1xx_ll_tim.o(i.OC1Config) for OC1Config
    stm32f1xx_ll_tim.o(i.LL_TIM_OC_Init) refers to stm32f1xx_ll_tim.o(i.OC2Config) for OC2Config
    stm32f1xx_ll_tim.o(i.LL_TIM_OC_Init) refers to stm32f1xx_ll_tim.o(i.OC3Config) for OC3Config
    stm32f1xx_ll_tim.o(i.LL_TIM_OC_Init) refers to stm32f1xx_ll_tim.o(i.OC4Config) for OC4Config
    stm32f1xx_ll_tim.o(i.OC2Config) refers to stm32f1xx_ll_tim.o(i.LL_TIM_OC_SetCompareCH2) for LL_TIM_OC_SetCompareCH2
    stm32f1xx_ll_dma.o(i.LL_DMA_Init) refers to stm32f1xx_ll_dma.o(.constdata) for CHANNEL_OFFSET_TAB
    stm32f1xx_ll_usart.o(i.LL_USART_ClockInit) refers to stm32f1xx_ll_usart.o(i.LL_USART_IsEnabled) for LL_USART_IsEnabled
    stm32f1xx_ll_usart.o(i.LL_USART_DeInit) refers to stm32f1xx_ll_usart.o(i.LL_APB1_GRP1_ForceReset) for LL_APB1_GRP1_ForceReset
    stm32f1xx_ll_usart.o(i.LL_USART_DeInit) refers to stm32f1xx_ll_usart.o(i.LL_APB1_GRP1_ReleaseReset) for LL_APB1_GRP1_ReleaseReset
    stm32f1xx_ll_usart.o(i.LL_USART_Init) refers to stm32f1xx_ll_usart.o(i.LL_USART_IsEnabled) for LL_USART_IsEnabled
    stm32f1xx_ll_usart.o(i.LL_USART_Init) refers to stm32f1xx_ll_rcc.o(i.LL_RCC_GetSystemClocksFreq) for LL_RCC_GetSystemClocksFreq
    stm32f1xx_ll_usart.o(i.LL_USART_Init) refers to stm32f1xx_ll_usart.o(i.LL_USART_SetBaudRate) for LL_USART_SetBaudRate
    system_stm32f1xx.o(i.SystemCoreClockUpdate) refers to system_stm32f1xx.o(.data) for SystemCoreClock
    system_stm32f1xx.o(i.SystemCoreClockUpdate) refers to system_stm32f1xx.o(.constdata) for AHBPrescTable
    entry.o(.ARM.Collect$$$$00000000) refers (Special) to entry10a.o(.ARM.Collect$$$$0000000D) for __rt_final_cpp
    entry.o(.ARM.Collect$$$$00000000) refers (Special) to entry11a.o(.ARM.Collect$$$$0000000F) for __rt_final_exit
    entry.o(.ARM.Collect$$$$00000000) refers (Special) to entry7b.o(.ARM.Collect$$$$00000008) for _main_clock
    entry.o(.ARM.Collect$$$$00000000) refers (Special) to entry8b.o(.ARM.Collect$$$$0000000A) for _main_cpp_init
    entry.o(.ARM.Collect$$$$00000000) refers (Special) to entry9a.o(.ARM.Collect$$$$0000000B) for _main_init
    entry.o(.ARM.Collect$$$$00000000) refers (Special) to entry5.o(.ARM.Collect$$$$00000004) for _main_scatterload
    entry.o(.ARM.Collect$$$$00000000) refers (Special) to entry2.o(.ARM.Collect$$$$00000001) for _main_stk
    entry2.o(.ARM.Collect$$$$00000001) refers to entry2.o(.ARM.Collect$$$$00002712) for __lit__00000000
    entry2.o(.ARM.Collect$$$$00002712) refers to startup_stm32f103xb.o(STACK) for __initial_sp
    entry2.o(__vectab_stack_and_reset_area) refers to startup_stm32f103xb.o(STACK) for __initial_sp
    entry2.o(__vectab_stack_and_reset_area) refers to entry.o(.ARM.Collect$$$$00000000) for __main
    entry5.o(.ARM.Collect$$$$00000004) refers to init.o(.text) for __scatterload
    entry9a.o(.ARM.Collect$$$$0000000B) refers to main.o(i.main) for main
    entry9b.o(.ARM.Collect$$$$0000000C) refers to main.o(i.main) for main
    init.o(.text) refers to entry5.o(.ARM.Collect$$$$00000004) for __main_after_scatterload
    buttons.o(i.process_button) refers to buttons.o(i.LL_GPIO_IsInputPinSet) for LL_GPIO_IsInputPinSet
    buttons.o(i.process_button) refers to buttons.o(.bss) for bt


==============================================================================

Removing Unused input sections from the image.

    Removing startup_stm32f103xb.o(HEAP), (512 bytes).
    Removing buttons.o(.rev16_text), (4 bytes).
    Removing buttons.o(.revsh_text), (4 bytes).
    Removing buttons.o(.rrx_text), (6 bytes).
    Removing buttons.o(.constdata), (42 bytes).
    Removing buttons.o(.data), (4 bytes).
    Removing main.o(.rev16_text), (4 bytes).
    Removing main.o(.revsh_text), (4 bytes).
    Removing main.o(.rrx_text), (6 bytes).
    Removing main.o(i.Error_Handler), (36 bytes).
    Removing stm32f1xx_it.o(.rev16_text), (4 bytes).
    Removing stm32f1xx_it.o(.revsh_text), (4 bytes).
    Removing stm32f1xx_it.o(.rrx_text), (6 bytes).
    Removing stm32f1xx_it.o(.constdata), (42 bytes).
    Removing stm32f1xx_ll_gpio.o(.rev16_text), (4 bytes).
    Removing stm32f1xx_ll_gpio.o(.revsh_text), (4 bytes).
    Removing stm32f1xx_ll_gpio.o(.rrx_text), (6 bytes).
    Removing stm32f1xx_ll_gpio.o(i.LL_APB2_GRP1_ForceReset), (16 bytes).
    Removing stm32f1xx_ll_gpio.o(i.LL_APB2_GRP1_ReleaseReset), (16 bytes).
    Removing stm32f1xx_ll_gpio.o(i.LL_GPIO_DeInit), (132 bytes).
    Removing stm32f1xx_ll_gpio.o(i.LL_GPIO_StructInit), (24 bytes).
    Removing stm32f1xx_ll_crc.o(.rev16_text), (4 bytes).
    Removing stm32f1xx_ll_crc.o(.revsh_text), (4 bytes).
    Removing stm32f1xx_ll_crc.o(.rrx_text), (6 bytes).
    Removing stm32f1xx_ll_crc.o(i.LL_CRC_DeInit), (40 bytes).
    Removing stm32f1xx_ll_rcc.o(.rev16_text), (4 bytes).
    Removing stm32f1xx_ll_rcc.o(.revsh_text), (4 bytes).
    Removing stm32f1xx_ll_rcc.o(.rrx_text), (6 bytes).
    Removing stm32f1xx_ll_rcc.o(i.LL_RCC_DeInit), (152 bytes).
    Removing stm32f1xx_ll_rcc.o(i.LL_RCC_GetADCClockFreq), (68 bytes).
    Removing stm32f1xx_ll_rcc.o(i.LL_RCC_GetUSBClockFreq), (68 bytes).
    Removing stm32f1xx_ll_rcc.o(i.LL_RCC_PLL_IsReady), (16 bytes).
    Removing stm32f1xx_ll_utils.o(.rev16_text), (4 bytes).
    Removing stm32f1xx_ll_utils.o(.revsh_text), (4 bytes).
    Removing stm32f1xx_ll_utils.o(.rrx_text), (6 bytes).
    Removing stm32f1xx_ll_utils.o(i.LL_PLL_ConfigSystemClock_HSE), (148 bytes).
    Removing stm32f1xx_ll_utils.o(i.LL_PLL_ConfigSystemClock_HSI), (104 bytes).
    Removing stm32f1xx_ll_utils.o(i.LL_RCC_HSE_IsReady), (16 bytes).
    Removing stm32f1xx_ll_utils.o(i.LL_RCC_HSI_IsReady), (16 bytes).
    Removing stm32f1xx_ll_utils.o(i.LL_RCC_PLL_ConfigDomain_SYS), (28 bytes).
    Removing stm32f1xx_ll_utils.o(i.LL_RCC_PLL_IsReady), (16 bytes).
    Removing stm32f1xx_ll_utils.o(i.LL_SetFlashLatency), (108 bytes).
    Removing stm32f1xx_ll_utils.o(i.LL_mDelay), (40 bytes).
    Removing stm32f1xx_ll_utils.o(i.UTILS_EnablePLLAndSwitchSystem), (216 bytes).
    Removing stm32f1xx_ll_utils.o(i.UTILS_GetPLLOutputFrequency), (32 bytes).
    Removing stm32f1xx_ll_utils.o(i.UTILS_PLL_IsBusy), (16 bytes).
    Removing stm32f1xx_ll_exti.o(.rev16_text), (4 bytes).
    Removing stm32f1xx_ll_exti.o(.revsh_text), (4 bytes).
    Removing stm32f1xx_ll_exti.o(.rrx_text), (6 bytes).
    Removing stm32f1xx_ll_exti.o(i.LL_EXTI_DeInit), (40 bytes).
    Removing stm32f1xx_ll_exti.o(i.LL_EXTI_DisableEvent_0_31), (16 bytes).
    Removing stm32f1xx_ll_exti.o(i.LL_EXTI_DisableIT_0_31), (16 bytes).
    Removing stm32f1xx_ll_exti.o(i.LL_EXTI_EnableEvent_0_31), (16 bytes).
    Removing stm32f1xx_ll_exti.o(i.LL_EXTI_EnableFallingTrig_0_31), (16 bytes).
    Removing stm32f1xx_ll_exti.o(i.LL_EXTI_EnableIT_0_31), (16 bytes).
    Removing stm32f1xx_ll_exti.o(i.LL_EXTI_EnableRisingTrig_0_31), (16 bytes).
    Removing stm32f1xx_ll_exti.o(i.LL_EXTI_Init), (188 bytes).
    Removing stm32f1xx_ll_exti.o(i.LL_EXTI_StructInit), (14 bytes).
    Removing stm32f1xx_ll_pwr.o(.rev16_text), (4 bytes).
    Removing stm32f1xx_ll_pwr.o(.revsh_text), (4 bytes).
    Removing stm32f1xx_ll_pwr.o(.rrx_text), (6 bytes).
    Removing stm32f1xx_ll_pwr.o(i.LL_PWR_DeInit), (36 bytes).
    Removing stm32f1xx_ll_tim.o(.rev16_text), (4 bytes).
    Removing stm32f1xx_ll_tim.o(.revsh_text), (4 bytes).
    Removing stm32f1xx_ll_tim.o(.rrx_text), (6 bytes).
    Removing stm32f1xx_ll_tim.o(i.IC1Config), (52 bytes).
    Removing stm32f1xx_ll_tim.o(i.IC2Config), (56 bytes).
    Removing stm32f1xx_ll_tim.o(i.IC3Config), (58 bytes).
    Removing stm32f1xx_ll_tim.o(i.IC4Config), (58 bytes).
    Removing stm32f1xx_ll_tim.o(i.LL_APB1_GRP1_ForceReset), (16 bytes).
    Removing stm32f1xx_ll_tim.o(i.LL_APB1_GRP1_ReleaseReset), (16 bytes).
    Removing stm32f1xx_ll_tim.o(i.LL_TIM_BDTR_Init), (82 bytes).
    Removing stm32f1xx_ll_tim.o(i.LL_TIM_BDTR_StructInit), (18 bytes).
    Removing stm32f1xx_ll_tim.o(i.LL_TIM_DeInit), (124 bytes).
    Removing stm32f1xx_ll_tim.o(i.LL_TIM_ENCODER_Init), (100 bytes).
    Removing stm32f1xx_ll_tim.o(i.LL_TIM_ENCODER_StructInit), (36 bytes).
    Removing stm32f1xx_ll_tim.o(i.LL_TIM_HALLSENSOR_Init), (114 bytes).
    Removing stm32f1xx_ll_tim.o(i.LL_TIM_HALLSENSOR_StructInit), (12 bytes).
    Removing stm32f1xx_ll_tim.o(i.LL_TIM_IC_Init), (92 bytes).
    Removing stm32f1xx_ll_tim.o(i.LL_TIM_IC_StructInit), (18 bytes).
    Removing stm32f1xx_ll_tim.o(i.LL_TIM_OC_Init), (92 bytes).
    Removing stm32f1xx_ll_tim.o(i.LL_TIM_OC_SetCompareCH2), (4 bytes).
    Removing stm32f1xx_ll_tim.o(i.LL_TIM_OC_StructInit), (20 bytes).
    Removing stm32f1xx_ll_tim.o(i.LL_TIM_StructInit), (18 bytes).
    Removing stm32f1xx_ll_tim.o(i.OC1Config), (120 bytes).
    Removing stm32f1xx_ll_tim.o(i.OC2Config), (132 bytes).
    Removing stm32f1xx_ll_tim.o(i.OC3Config), (120 bytes).
    Removing stm32f1xx_ll_tim.o(i.OC4Config), (88 bytes).
    Removing stm32f1xx_ll_tim.o(.constdata), (35 bytes).
    Removing stm32f1xx_ll_dma.o(.rev16_text), (4 bytes).
    Removing stm32f1xx_ll_dma.o(.revsh_text), (4 bytes).
    Removing stm32f1xx_ll_dma.o(.rrx_text), (6 bytes).
    Removing stm32f1xx_ll_dma.o(i.LL_DMA_DeInit), (252 bytes).
    Removing stm32f1xx_ll_dma.o(i.LL_DMA_Init), (120 bytes).
    Removing stm32f1xx_ll_dma.o(i.LL_DMA_StructInit), (24 bytes).
    Removing stm32f1xx_ll_dma.o(.constdata), (7 bytes).
    Removing stm32f1xx_ll_usart.o(.rev16_text), (4 bytes).
    Removing stm32f1xx_ll_usart.o(.revsh_text), (4 bytes).
    Removing stm32f1xx_ll_usart.o(.rrx_text), (6 bytes).
    Removing stm32f1xx_ll_usart.o(i.LL_APB1_GRP1_ForceReset), (16 bytes).
    Removing stm32f1xx_ll_usart.o(i.LL_APB1_GRP1_ReleaseReset), (16 bytes).
    Removing stm32f1xx_ll_usart.o(i.LL_USART_ClockInit), (66 bytes).
    Removing stm32f1xx_ll_usart.o(i.LL_USART_ClockStructInit), (12 bytes).
    Removing stm32f1xx_ll_usart.o(i.LL_USART_DeInit), (112 bytes).
    Removing stm32f1xx_ll_usart.o(i.LL_USART_StructInit), (24 bytes).
    Removing system_stm32f1xx.o(.rev16_text), (4 bytes).
    Removing system_stm32f1xx.o(.revsh_text), (4 bytes).
    Removing system_stm32f1xx.o(.rrx_text), (6 bytes).
    Removing system_stm32f1xx.o(i.SystemCoreClockUpdate), (164 bytes).

109 unused section(s) (total 4758 bytes) removed from the image.

==============================================================================

Image Symbol Table

    Local Symbols

    Symbol Name                              Value     Ov Type        Size  Object(Section)

    ../Drivers/STM32F1xx_HAL_Driver/Src/stm32f1xx_ll_crc.c 0x00000000   Number         0  stm32f1xx_ll_crc.o ABSOLUTE
    ../Drivers/STM32F1xx_HAL_Driver/Src/stm32f1xx_ll_dma.c 0x00000000   Number         0  stm32f1xx_ll_dma.o ABSOLUTE
    ../Drivers/STM32F1xx_HAL_Driver/Src/stm32f1xx_ll_exti.c 0x00000000   Number         0  stm32f1xx_ll_exti.o ABSOLUTE
    ../Drivers/STM32F1xx_HAL_Driver/Src/stm32f1xx_ll_gpio.c 0x00000000   Number         0  stm32f1xx_ll_gpio.o ABSOLUTE
    ../Drivers/STM32F1xx_HAL_Driver/Src/stm32f1xx_ll_pwr.c 0x00000000   Number         0  stm32f1xx_ll_pwr.o ABSOLUTE
    ../Drivers/STM32F1xx_HAL_Driver/Src/stm32f1xx_ll_rcc.c 0x00000000   Number         0  stm32f1xx_ll_rcc.o ABSOLUTE
    ../Drivers/STM32F1xx_HAL_Driver/Src/stm32f1xx_ll_tim.c 0x00000000   Number         0  stm32f1xx_ll_tim.o ABSOLUTE
    ../Drivers/STM32F1xx_HAL_Driver/Src/stm32f1xx_ll_usart.c 0x00000000   Number         0  stm32f1xx_ll_usart.o ABSOLUTE
    ../Drivers/STM32F1xx_HAL_Driver/Src/stm32f1xx_ll_utils.c 0x00000000   Number         0  stm32f1xx_ll_utils.o ABSOLUTE
    ../Src/main.c                            0x00000000   Number         0  main.o ABSOLUTE
    ../Src/stm32f1xx_it.c                    0x00000000   Number         0  stm32f1xx_it.o ABSOLUTE
    ../Src/system_stm32f1xx.c                0x00000000   Number         0  system_stm32f1xx.o ABSOLUTE
    ../clib/microlib/init/entry.s            0x00000000   Number         0  entry11b.o ABSOLUTE
    ../clib/microlib/init/entry.s            0x00000000   Number         0  entry11a.o ABSOLUTE
    ../clib/microlib/init/entry.s            0x00000000   Number         0  entry10b.o ABSOLUTE
    ../clib/microlib/init/entry.s            0x00000000   Number         0  entry10a.o ABSOLUTE
    ../clib/microlib/init/entry.s            0x00000000   Number         0  entry9b.o ABSOLUTE
    ../clib/microlib/init/entry.s            0x00000000   Number         0  entry9a.o ABSOLUTE
    ../clib/microlib/init/entry.s            0x00000000   Number         0  entry8b.o ABSOLUTE
    ../clib/microlib/init/entry.s            0x00000000   Number         0  entry8a.o ABSOLUTE
    ../clib/microlib/init/entry.s            0x00000000   Number         0  entry7b.o ABSOLUTE
    ../clib/microlib/init/entry.s            0x00000000   Number         0  entry7a.o ABSOLUTE
    ../clib/microlib/init/entry.s            0x00000000   Number         0  entry5.o ABSOLUTE
    ../clib/microlib/init/entry.s            0x00000000   Number         0  entry.o ABSOLUTE
    ../clib/microlib/init/entry.s            0x00000000   Number         0  entry2.o ABSOLUTE
    ../clib/microlib/string/memcpy.c         0x00000000   Number         0  memcpya.o ABSOLUTE
    ../clib/microlib/string/memcpy.c         0x00000000   Number         0  memcpyb.o ABSOLUTE
    ../clib/microlib/string/memset.c         0x00000000   Number         0  memseta.o ABSOLUTE
    ..\Drivers\STM32F1xx_HAL_Driver\Src\stm32f1xx_ll_crc.c 0x00000000   Number         0  stm32f1xx_ll_crc.o ABSOLUTE
    ..\Drivers\STM32F1xx_HAL_Driver\Src\stm32f1xx_ll_dma.c 0x00000000   Number         0  stm32f1xx_ll_dma.o ABSOLUTE
    ..\Drivers\STM32F1xx_HAL_Driver\Src\stm32f1xx_ll_exti.c 0x00000000   Number         0  stm32f1xx_ll_exti.o ABSOLUTE
    ..\Drivers\STM32F1xx_HAL_Driver\Src\stm32f1xx_ll_gpio.c 0x00000000   Number         0  stm32f1xx_ll_gpio.o ABSOLUTE
    ..\Drivers\STM32F1xx_HAL_Driver\Src\stm32f1xx_ll_pwr.c 0x00000000   Number         0  stm32f1xx_ll_pwr.o ABSOLUTE
    ..\Drivers\STM32F1xx_HAL_Driver\Src\stm32f1xx_ll_rcc.c 0x00000000   Number         0  stm32f1xx_ll_rcc.o ABSOLUTE
    ..\Drivers\STM32F1xx_HAL_Driver\Src\stm32f1xx_ll_tim.c 0x00000000   Number         0  stm32f1xx_ll_tim.o ABSOLUTE
    ..\Drivers\STM32F1xx_HAL_Driver\Src\stm32f1xx_ll_usart.c 0x00000000   Number         0  stm32f1xx_ll_usart.o ABSOLUTE
    ..\Drivers\STM32F1xx_HAL_Driver\Src\stm32f1xx_ll_utils.c 0x00000000   Number         0  stm32f1xx_ll_utils.o ABSOLUTE
    ..\Src\buttons.c                         0x00000000   Number         0  buttons.o ABSOLUTE
    ..\Src\main.c                            0x00000000   Number         0  main.o ABSOLUTE
    ..\Src\stm32f1xx_it.c                    0x00000000   Number         0  stm32f1xx_it.o ABSOLUTE
    ..\Src\system_stm32f1xx.c                0x00000000   Number         0  system_stm32f1xx.o ABSOLUTE
    ..\\Src\\buttons.c                       0x00000000   Number         0  buttons.o ABSOLUTE
    dc.s                                     0x00000000   Number         0  dc.o ABSOLUTE
    handlers.s                               0x00000000   Number         0  handlers.o ABSOLUTE
    init.s                                   0x00000000   Number         0  init.o ABSOLUTE
    startup_stm32f103xb.s                    0x00000000   Number         0  startup_stm32f103xb.o ABSOLUTE
    RESET                                    0x08000000   Section      236  startup_stm32f103xb.o(RESET)
    .ARM.Collect$$$$00000000                 0x080000ec   Section        0  entry.o(.ARM.Collect$$$$00000000)
    .ARM.Collect$$$$00000001                 0x080000ec   Section        4  entry2.o(.ARM.Collect$$$$00000001)
    .ARM.Collect$$$$00000004                 0x080000f0   Section        4  entry5.o(.ARM.Collect$$$$00000004)
    .ARM.Collect$$$$00000008                 0x080000f4   Section        0  entry7b.o(.ARM.Collect$$$$00000008)
    .ARM.Collect$$$$0000000A                 0x080000f4   Section        0  entry8b.o(.ARM.Collect$$$$0000000A)
    .ARM.Collect$$$$0000000B                 0x080000f4   Section        8  entry9a.o(.ARM.Collect$$$$0000000B)
    .ARM.Collect$$$$0000000D                 0x080000fc   Section        0  entry10a.o(.ARM.Collect$$$$0000000D)
    .ARM.Collect$$$$0000000F                 0x080000fc   Section        0  entry11a.o(.ARM.Collect$$$$0000000F)
    .ARM.Collect$$$$00002712                 0x080000fc   Section        4  entry2.o(.ARM.Collect$$$$00002712)
    __lit__00000000                          0x080000fc   Data           4  entry2.o(.ARM.Collect$$$$00002712)
    .text                                    0x08000100   Section       36  startup_stm32f103xb.o(.text)
    .text                                    0x08000124   Section        0  memcpya.o(.text)
    .text                                    0x08000148   Section        0  memseta.o(.text)
    .text                                    0x0800016c   Section       36  init.o(.text)
    i.LL_APB1_GRP1_EnableClock               0x08000190   Section        0  main.o(i.LL_APB1_GRP1_EnableClock)
    LL_APB1_GRP1_EnableClock                 0x08000191   Thumb Code    24  main.o(i.LL_APB1_GRP1_EnableClock)
    i.LL_APB2_GRP1_EnableClock               0x080001ac   Section        0  main.o(i.LL_APB2_GRP1_EnableClock)
    LL_APB2_GRP1_EnableClock                 0x080001ad   Thumb Code    24  main.o(i.LL_APB2_GRP1_EnableClock)
    i.LL_GPIO_Init                           0x080001c8   Section        0  stm32f1xx_ll_gpio.o(i.LL_GPIO_Init)
    i.LL_GPIO_IsInputPinSet                  0x080002e8   Section        0  buttons.o(i.LL_GPIO_IsInputPinSet)
    LL_GPIO_IsInputPinSet                    0x080002e9   Thumb Code    26  buttons.o(i.LL_GPIO_IsInputPinSet)
    i.LL_Init1msTick                         0x08000302   Section        0  stm32f1xx_ll_utils.o(i.LL_Init1msTick)
    i.LL_RCC_GetSystemClocksFreq             0x0800031e   Section        0  stm32f1xx_ll_rcc.o(i.LL_RCC_GetSystemClocksFreq)
    i.LL_SetSystemCoreClock                  0x08000344   Section        0  stm32f1xx_ll_utils.o(i.LL_SetSystemCoreClock)
    i.LL_TIM_DisableARRPreload               0x08000350   Section        0  main.o(i.LL_TIM_DisableARRPreload)
    LL_TIM_DisableARRPreload                 0x08000351   Thumb Code    10  main.o(i.LL_TIM_DisableARRPreload)
    i.LL_TIM_DisableMasterSlaveMode          0x0800035a   Section        0  main.o(i.LL_TIM_DisableMasterSlaveMode)
    LL_TIM_DisableMasterSlaveMode            0x0800035b   Thumb Code    10  main.o(i.LL_TIM_DisableMasterSlaveMode)
    i.LL_TIM_EnableCounter                   0x08000364   Section        0  main.o(i.LL_TIM_EnableCounter)
    LL_TIM_EnableCounter                     0x08000365   Thumb Code    10  main.o(i.LL_TIM_EnableCounter)
    i.LL_TIM_EnableIT_UPDATE                 0x0800036e   Section        0  main.o(i.LL_TIM_EnableIT_UPDATE)
    LL_TIM_EnableIT_UPDATE                   0x0800036f   Thumb Code    10  main.o(i.LL_TIM_EnableIT_UPDATE)
    i.LL_TIM_EnableUpdateEvent               0x08000378   Section        0  main.o(i.LL_TIM_EnableUpdateEvent)
    LL_TIM_EnableUpdateEvent                 0x08000379   Thumb Code    10  main.o(i.LL_TIM_EnableUpdateEvent)
    i.LL_TIM_GetDirection                    0x08000382   Section        0  stm32f1xx_it.o(i.LL_TIM_GetDirection)
    LL_TIM_GetDirection                      0x08000383   Thumb Code    10  stm32f1xx_it.o(i.LL_TIM_GetDirection)
    i.LL_TIM_IC_SetActiveInput               0x0800038c   Section        0  main.o(i.LL_TIM_IC_SetActiveInput)
    LL_TIM_IC_SetActiveInput                 0x0800038d   Thumb Code    98  main.o(i.LL_TIM_IC_SetActiveInput)
    i.LL_TIM_IC_SetFilter                    0x080003f8   Section        0  main.o(i.LL_TIM_IC_SetFilter)
    LL_TIM_IC_SetFilter                      0x080003f9   Thumb Code    98  main.o(i.LL_TIM_IC_SetFilter)
    i.LL_TIM_IC_SetPolarity                  0x08000464   Section        0  main.o(i.LL_TIM_IC_SetPolarity)
    LL_TIM_IC_SetPolarity                    0x08000465   Thumb Code    84  main.o(i.LL_TIM_IC_SetPolarity)
    i.LL_TIM_IC_SetPrescaler                 0x080004bc   Section        0  main.o(i.LL_TIM_IC_SetPrescaler)
    LL_TIM_IC_SetPrescaler                   0x080004bd   Thumb Code    98  main.o(i.LL_TIM_IC_SetPrescaler)
    i.LL_TIM_Init                            0x08000528   Section        0  stm32f1xx_ll_tim.o(i.LL_TIM_Init)
    i.LL_TIM_SetEncoderMode                  0x080005ac   Section        0  main.o(i.LL_TIM_SetEncoderMode)
    LL_TIM_SetEncoderMode                    0x080005ad   Thumb Code    12  main.o(i.LL_TIM_SetEncoderMode)
    i.LL_TIM_SetTriggerOutput                0x080005b8   Section        0  main.o(i.LL_TIM_SetTriggerOutput)
    LL_TIM_SetTriggerOutput                  0x080005b9   Thumb Code    12  main.o(i.LL_TIM_SetTriggerOutput)
    i.LL_USART_ClearFlag_ORE                 0x080005c4   Section        0  main.o(i.LL_USART_ClearFlag_ORE)
    LL_USART_ClearFlag_ORE                   0x080005c5   Thumb Code    16  main.o(i.LL_USART_ClearFlag_ORE)
    i.LL_USART_ConfigAsyncMode               0x080005d4   Section        0  main.o(i.LL_USART_ConfigAsyncMode)
    LL_USART_ConfigAsyncMode                 0x080005d5   Thumb Code    18  main.o(i.LL_USART_ConfigAsyncMode)
    i.LL_USART_Enable                        0x080005e6   Section        0  main.o(i.LL_USART_Enable)
    LL_USART_Enable                          0x080005e7   Thumb Code    10  main.o(i.LL_USART_Enable)
    i.LL_USART_EnableIT_ERROR                0x080005f0   Section        0  main.o(i.LL_USART_EnableIT_ERROR)
    LL_USART_EnableIT_ERROR                  0x080005f1   Thumb Code    10  main.o(i.LL_USART_EnableIT_ERROR)
    i.LL_USART_EnableIT_RXNE                 0x080005fa   Section        0  main.o(i.LL_USART_EnableIT_RXNE)
    LL_USART_EnableIT_RXNE                   0x080005fb   Thumb Code    10  main.o(i.LL_USART_EnableIT_RXNE)
    i.LL_USART_Init                          0x08000604   Section        0  stm32f1xx_ll_usart.o(i.LL_USART_Init)
    i.LL_USART_IsActiveFlag_RXNE             0x08000698   Section        0  stm32f1xx_it.o(i.LL_USART_IsActiveFlag_RXNE)
    LL_USART_IsActiveFlag_RXNE               0x08000699   Thumb Code    10  stm32f1xx_it.o(i.LL_USART_IsActiveFlag_RXNE)
    i.LL_USART_IsActiveFlag_TC               0x080006a2   Section        0  main.o(i.LL_USART_IsActiveFlag_TC)
    LL_USART_IsActiveFlag_TC                 0x080006a3   Thumb Code    10  main.o(i.LL_USART_IsActiveFlag_TC)
    i.LL_USART_IsActiveFlag_TXE              0x080006ac   Section        0  main.o(i.LL_USART_IsActiveFlag_TXE)
    LL_USART_IsActiveFlag_TXE                0x080006ad   Thumb Code    10  main.o(i.LL_USART_IsActiveFlag_TXE)
    i.LL_USART_IsEnabled                     0x080006b6   Section        0  stm32f1xx_ll_usart.o(i.LL_USART_IsEnabled)
    LL_USART_IsEnabled                       0x080006b7   Thumb Code    10  stm32f1xx_ll_usart.o(i.LL_USART_IsEnabled)
    i.LL_USART_IsEnabledIT_RXNE              0x080006c0   Section        0  stm32f1xx_it.o(i.LL_USART_IsEnabledIT_RXNE)
    LL_USART_IsEnabledIT_RXNE                0x080006c1   Thumb Code    10  stm32f1xx_it.o(i.LL_USART_IsEnabledIT_RXNE)
    i.LL_USART_SetBaudRate                   0x080006ca   Section        0  stm32f1xx_ll_usart.o(i.LL_USART_SetBaudRate)
    LL_USART_SetBaudRate                     0x080006cb   Thumb Code   158  stm32f1xx_ll_usart.o(i.LL_USART_SetBaudRate)
    i.LL_USART_TransmitData8                 0x08000768   Section        0  main.o(i.LL_USART_TransmitData8)
    LL_USART_TransmitData8                   0x08000769   Thumb Code     4  main.o(i.LL_USART_TransmitData8)
    i.MX_CRC_Init                            0x0800076c   Section        0  main.o(i.MX_CRC_Init)
    MX_CRC_Init                              0x0800076d   Thumb Code    28  main.o(i.MX_CRC_Init)
    i.MX_GPIO_Init                           0x0800078c   Section        0  main.o(i.MX_GPIO_Init)
    MX_GPIO_Init                             0x0800078d   Thumb Code   146  main.o(i.MX_GPIO_Init)
    i.MX_TIM1_Init                           0x08000840   Section        0  main.o(i.MX_TIM1_Init)
    MX_TIM1_Init                             0x08000841   Thumb Code   240  main.o(i.MX_TIM1_Init)
    i.MX_TIM2_Init                           0x0800093c   Section        0  main.o(i.MX_TIM2_Init)
    MX_TIM2_Init                             0x0800093d   Thumb Code   262  main.o(i.MX_TIM2_Init)
    i.MX_TIM3_Init                           0x08000a50   Section        0  main.o(i.MX_TIM3_Init)
    MX_TIM3_Init                             0x08000a51   Thumb Code   228  main.o(i.MX_TIM3_Init)
    i.MX_TIM4_Init                           0x08000b3c   Section        0  main.o(i.MX_TIM4_Init)
    MX_TIM4_Init                             0x08000b3d   Thumb Code   228  main.o(i.MX_TIM4_Init)
    i.MX_USART2_UART_Init                    0x08000c28   Section        0  main.o(i.MX_USART2_UART_Init)
    MX_USART2_UART_Init                      0x08000c29   Thumb Code   156  main.o(i.MX_USART2_UART_Init)
    i.MX_USART3_UART_Init                    0x08000ccc   Section        0  main.o(i.MX_USART3_UART_Init)
    MX_USART3_UART_Init                      0x08000ccd   Thumb Code   152  main.o(i.MX_USART3_UART_Init)
    i.NVIC_EncodePriority                    0x08000d74   Section        0  main.o(i.NVIC_EncodePriority)
    NVIC_EncodePriority                      0x08000d75   Thumb Code    64  main.o(i.NVIC_EncodePriority)
    i.PendSV_Handler                         0x08000db4   Section        0  stm32f1xx_it.o(i.PendSV_Handler)
    i.Print2Screen                           0x08000db8   Section        0  main.o(i.Print2Screen)
    i.PrintInfo                              0x08000df8   Section        0  main.o(i.PrintInfo)
    i.RCC_GetHCLKClockFreq                   0x08000e38   Section        0  stm32f1xx_ll_rcc.o(i.RCC_GetHCLKClockFreq)
    i.RCC_GetPCLK1ClockFreq                  0x08000e58   Section        0  stm32f1xx_ll_rcc.o(i.RCC_GetPCLK1ClockFreq)
    i.RCC_GetPCLK2ClockFreq                  0x08000e7c   Section        0  stm32f1xx_ll_rcc.o(i.RCC_GetPCLK2ClockFreq)
    i.RCC_GetSystemClockFreq                 0x08000ea0   Section        0  stm32f1xx_ll_rcc.o(i.RCC_GetSystemClockFreq)
    i.RCC_PLL_GetFreqDomain_SYS              0x08000edc   Section        0  stm32f1xx_ll_rcc.o(i.RCC_PLL_GetFreqDomain_SYS)
    i.SVC_Handler                            0x08000f34   Section        0  stm32f1xx_it.o(i.SVC_Handler)
    i.SysTick_Handler                        0x08000f38   Section        0  stm32f1xx_it.o(i.SysTick_Handler)
    i.SystemClock_Config                     0x08000f64   Section        0  main.o(i.SystemClock_Config)
    i.SystemInit                             0x08001050   Section        0  system_stm32f1xx.o(i.SystemInit)
    i.TIM1_UP_IRQHandler                     0x080010a8   Section        0  stm32f1xx_it.o(i.TIM1_UP_IRQHandler)
    i.TIM2_IRQHandler                        0x080010f8   Section        0  stm32f1xx_it.o(i.TIM2_IRQHandler)
    i.TIM3_IRQHandler                        0x08001144   Section        0  stm32f1xx_it.o(i.TIM3_IRQHandler)
    i.TIM4_IRQHandler                        0x08001188   Section        0  stm32f1xx_it.o(i.TIM4_IRQHandler)
    i.USART2_IRQHandler                      0x0800120c   Section        0  stm32f1xx_it.o(i.USART2_IRQHandler)
    i.USART3_IRQHandler                      0x08001228   Section        0  stm32f1xx_it.o(i.USART3_IRQHandler)
    i.USART_CharReception_Callback           0x08001244   Section        0  main.o(i.USART_CharReception_Callback)
    i.USART_CharReception_Callback_UP        0x080012d8   Section        0  main.o(i.USART_CharReception_Callback_UP)
    i.__NVIC_EnableIRQ                       0x0800136c   Section        0  main.o(i.__NVIC_EnableIRQ)
    __NVIC_EnableIRQ                         0x0800136d   Thumb Code    26  main.o(i.__NVIC_EnableIRQ)
    i.__NVIC_GetPriorityGrouping             0x08001388   Section        0  main.o(i.__NVIC_GetPriorityGrouping)
    __NVIC_GetPriorityGrouping               0x08001389   Thumb Code    10  main.o(i.__NVIC_GetPriorityGrouping)
    i.__NVIC_SetPriority                     0x08001398   Section        0  main.o(i.__NVIC_SetPriority)
    __NVIC_SetPriority                       0x08001399   Thumb Code    32  main.o(i.__NVIC_SetPriority)
    i.__scatterload_copy                     0x080013c0   Section       14  handlers.o(i.__scatterload_copy)
    i.__scatterload_null                     0x080013ce   Section        2  handlers.o(i.__scatterload_null)
    i.__scatterload_zeroinit                 0x080013d0   Section       14  handlers.o(i.__scatterload_zeroinit)
    i.init_buttons                           0x080013e0   Section        0  buttons.o(i.init_buttons)
    i.main                                   0x08001554   Section        0  main.o(i.main)
    i.process_button                         0x080018d8   Section        0  buttons.o(i.process_button)
    .constdata                               0x08001af4   Section       47  main.o(.constdata)
    CHANNEL_OFFSET_TAB                       0x08001af4   Data           7  main.o(.constdata)
    OFFSET_TAB_CCMRx                         0x08001afb   Data           7  main.o(.constdata)
    SHIFT_TAB_OCxx                           0x08001b02   Data           7  main.o(.constdata)
    SHIFT_TAB_ICxx                           0x08001b09   Data           7  main.o(.constdata)
    SHIFT_TAB_CCxP                           0x08001b10   Data           7  main.o(.constdata)
    SHIFT_TAB_OISx                           0x08001b17   Data           7  main.o(.constdata)
    .constdata                               0x08001b23   Section       24  system_stm32f1xx.o(.constdata)
    .data                                    0x20000000   Section       70  main.o(.data)
    .data                                    0x20000048   Section        4  system_stm32f1xx.o(.data)
    .ARM.__AT_0x20000060                     0x20000060   Section        4  buttons.o(.ARM.__AT_0x20000060)
    .bss                                     0x20000064   Section      160  buttons.o(.bss)
    .bss                                     0x20000104   Section      271  main.o(.bss)
    STACK                                    0x20000218   Section     1024  startup_stm32f103xb.o(STACK)

    Global Symbols

    Symbol Name                              Value     Ov Type        Size  Object(Section)

    BuildAttributes$$THM_ISAv4$P$D$K$B$S$PE$A:L22UL41UL21$X:L11$S22US41US21$IEEE1$IW$USESV6$~STKCKD$USESV7$~SHL$OSPACE$EBA8$MICROLIB$REQ8$PRES8$EABIv2 0x00000000   Number         0  anon$$obj.o ABSOLUTE
    __ARM_use_no_argv                        0x00000000   Number         0  main.o ABSOLUTE
    __cpp_initialize__aeabi_                  - Undefined Weak Reference
    __cxa_finalize                            - Undefined Weak Reference
    __decompress                              - Undefined Weak Reference
    _clock_init                               - Undefined Weak Reference
    _microlib_exit                            - Undefined Weak Reference
    __Vectors_Size                           0x000000ec   Number         0  startup_stm32f103xb.o ABSOLUTE
    __Vectors                                0x08000000   Data           4  startup_stm32f103xb.o(RESET)
    __Vectors_End                            0x080000ec   Data           0  startup_stm32f103xb.o(RESET)
    __main                                   0x080000ed   Thumb Code     0  entry.o(.ARM.Collect$$$$00000000)
    _main_stk                                0x080000ed   Thumb Code     0  entry2.o(.ARM.Collect$$$$00000001)
    _main_scatterload                        0x080000f1   Thumb Code     0  entry5.o(.ARM.Collect$$$$00000004)
    __main_after_scatterload                 0x080000f5   Thumb Code     0  entry5.o(.ARM.Collect$$$$00000004)
    _main_clock                              0x080000f5   Thumb Code     0  entry7b.o(.ARM.Collect$$$$00000008)
    _main_cpp_init                           0x080000f5   Thumb Code     0  entry8b.o(.ARM.Collect$$$$0000000A)
    _main_init                               0x080000f5   Thumb Code     0  entry9a.o(.ARM.Collect$$$$0000000B)
    __rt_final_cpp                           0x080000fd   Thumb Code     0  entry10a.o(.ARM.Collect$$$$0000000D)
    __rt_final_exit                          0x080000fd   Thumb Code     0  entry11a.o(.ARM.Collect$$$$0000000F)
    Reset_Handler                            0x08000101   Thumb Code     8  startup_stm32f103xb.o(.text)
    NMI_Handler                              0x08000109   Thumb Code     2  startup_stm32f103xb.o(.text)
    HardFault_Handler                        0x0800010b   Thumb Code     2  startup_stm32f103xb.o(.text)
    MemManage_Handler                        0x0800010d   Thumb Code     2  startup_stm32f103xb.o(.text)
    BusFault_Handler                         0x0800010f   Thumb Code     2  startup_stm32f103xb.o(.text)
    UsageFault_Handler                       0x08000111   Thumb Code     2  startup_stm32f103xb.o(.text)
    DebugMon_Handler                         0x08000115   Thumb Code     2  startup_stm32f103xb.o(.text)
    ADC1_2_IRQHandler                        0x0800011b   Thumb Code     0  startup_stm32f103xb.o(.text)
    CAN1_RX1_IRQHandler                      0x0800011b   Thumb Code     0  startup_stm32f103xb.o(.text)
    CAN1_SCE_IRQHandler                      0x0800011b   Thumb Code     0  startup_stm32f103xb.o(.text)
    DMA1_Channel1_IRQHandler                 0x0800011b   Thumb Code     0  startup_stm32f103xb.o(.text)
    DMA1_Channel2_IRQHandler                 0x0800011b   Thumb Code     0  startup_stm32f103xb.o(.text)
    DMA1_Channel3_IRQHandler                 0x0800011b   Thumb Code     0  startup_stm32f103xb.o(.text)
    DMA1_Channel4_IRQHandler                 0x0800011b   Thumb Code     0  startup_stm32f103xb.o(.text)
    DMA1_Channel5_IRQHandler                 0x0800011b   Thumb Code     0  startup_stm32f103xb.o(.text)
    DMA1_Channel6_IRQHandler                 0x0800011b   Thumb Code     0  startup_stm32f103xb.o(.text)
    DMA1_Channel7_IRQHandler                 0x0800011b   Thumb Code     0  startup_stm32f103xb.o(.text)
    EXTI0_IRQHandler                         0x0800011b   Thumb Code     0  startup_stm32f103xb.o(.text)
    EXTI15_10_IRQHandler                     0x0800011b   Thumb Code     0  startup_stm32f103xb.o(.text)
    EXTI1_IRQHandler                         0x0800011b   Thumb Code     0  startup_stm32f103xb.o(.text)
    EXTI2_IRQHandler                         0x0800011b   Thumb Code     0  startup_stm32f103xb.o(.text)
    EXTI3_IRQHandler                         0x0800011b   Thumb Code     0  startup_stm32f103xb.o(.text)
    EXTI4_IRQHandler                         0x0800011b   Thumb Code     0  startup_stm32f103xb.o(.text)
    EXTI9_5_IRQHandler                       0x0800011b   Thumb Code     0  startup_stm32f103xb.o(.text)
    FLASH_IRQHandler                         0x0800011b   Thumb Code     0  startup_stm32f103xb.o(.text)
    I2C1_ER_IRQHandler                       0x0800011b   Thumb Code     0  startup_stm32f103xb.o(.text)
    I2C1_EV_IRQHandler                       0x0800011b   Thumb Code     0  startup_stm32f103xb.o(.text)
    I2C2_ER_IRQHandler                       0x0800011b   Thumb Code     0  startup_stm32f103xb.o(.text)
    I2C2_EV_IRQHandler                       0x0800011b   Thumb Code     0  startup_stm32f103xb.o(.text)
    PVD_IRQHandler                           0x0800011b   Thumb Code     0  startup_stm32f103xb.o(.text)
    RCC_IRQHandler                           0x0800011b   Thumb Code     0  startup_stm32f103xb.o(.text)
    RTC_Alarm_IRQHandler                     0x0800011b   Thumb Code     0  startup_stm32f103xb.o(.text)
    RTC_IRQHandler                           0x0800011b   Thumb Code     0  startup_stm32f103xb.o(.text)
    SPI1_IRQHandler                          0x0800011b   Thumb Code     0  startup_stm32f103xb.o(.text)
    SPI2_IRQHandler                          0x0800011b   Thumb Code     0  startup_stm32f103xb.o(.text)
    TAMPER_IRQHandler                        0x0800011b   Thumb Code     0  startup_stm32f103xb.o(.text)
    TIM1_BRK_IRQHandler                      0x0800011b   Thumb Code     0  startup_stm32f103xb.o(.text)
    TIM1_CC_IRQHandler                       0x0800011b   Thumb Code     0  startup_stm32f103xb.o(.text)
    TIM1_TRG_COM_IRQHandler                  0x0800011b   Thumb Code     0  startup_stm32f103xb.o(.text)
    USART1_IRQHandler                        0x0800011b   Thumb Code     0  startup_stm32f103xb.o(.text)
    USBWakeUp_IRQHandler                     0x0800011b   Thumb Code     0  startup_stm32f103xb.o(.text)
    USB_HP_CAN1_TX_IRQHandler                0x0800011b   Thumb Code     0  startup_stm32f103xb.o(.text)
    USB_LP_CAN1_RX0_IRQHandler               0x0800011b   Thumb Code     0  startup_stm32f103xb.o(.text)
    WWDG_IRQHandler                          0x0800011b   Thumb Code     0  startup_stm32f103xb.o(.text)
    __aeabi_memcpy                           0x08000125   Thumb Code    36  memcpya.o(.text)
    __aeabi_memcpy4                          0x08000125   Thumb Code     0  memcpya.o(.text)
    __aeabi_memcpy8                          0x08000125   Thumb Code     0  memcpya.o(.text)
    __aeabi_memset                           0x08000149   Thumb Code    14  memseta.o(.text)
    __aeabi_memset4                          0x08000149   Thumb Code     0  memseta.o(.text)
    __aeabi_memset8                          0x08000149   Thumb Code     0  memseta.o(.text)
    __aeabi_memclr                           0x08000157   Thumb Code     4  memseta.o(.text)
    __aeabi_memclr4                          0x08000157   Thumb Code     0  memseta.o(.text)
    __aeabi_memclr8                          0x08000157   Thumb Code     0  memseta.o(.text)
    _memset$wrapper                          0x0800015b   Thumb Code    18  memseta.o(.text)
    __scatterload                            0x0800016d   Thumb Code    28  init.o(.text)
    __scatterload_rt2                        0x0800016d   Thumb Code     0  init.o(.text)
    LL_GPIO_Init                             0x080001c9   Thumb Code   288  stm32f1xx_ll_gpio.o(i.LL_GPIO_Init)
    LL_Init1msTick                           0x08000303   Thumb Code    28  stm32f1xx_ll_utils.o(i.LL_Init1msTick)
    LL_RCC_GetSystemClocksFreq               0x0800031f   Thumb Code    36  stm32f1xx_ll_rcc.o(i.LL_RCC_GetSystemClocksFreq)
    LL_SetSystemCoreClock                    0x08000345   Thumb Code     6  stm32f1xx_ll_utils.o(i.LL_SetSystemCoreClock)
    LL_TIM_Init                              0x08000529   Thumb Code   118  stm32f1xx_ll_tim.o(i.LL_TIM_Init)
    LL_USART_Init                            0x08000605   Thumb Code   134  stm32f1xx_ll_usart.o(i.LL_USART_Init)
    PendSV_Handler                           0x08000db5   Thumb Code     2  stm32f1xx_it.o(i.PendSV_Handler)
    Print2Screen                             0x08000db9   Thumb Code    60  main.o(i.Print2Screen)
    PrintInfo                                0x08000df9   Thumb Code    60  main.o(i.PrintInfo)
    RCC_GetHCLKClockFreq                     0x08000e39   Thumb Code    24  stm32f1xx_ll_rcc.o(i.RCC_GetHCLKClockFreq)
    RCC_GetPCLK1ClockFreq                    0x08000e59   Thumb Code    26  stm32f1xx_ll_rcc.o(i.RCC_GetPCLK1ClockFreq)
    RCC_GetPCLK2ClockFreq                    0x08000e7d   Thumb Code    26  stm32f1xx_ll_rcc.o(i.RCC_GetPCLK2ClockFreq)
    RCC_GetSystemClockFreq                   0x08000ea1   Thumb Code    52  stm32f1xx_ll_rcc.o(i.RCC_GetSystemClockFreq)
    RCC_PLL_GetFreqDomain_SYS                0x08000edd   Thumb Code    76  stm32f1xx_ll_rcc.o(i.RCC_PLL_GetFreqDomain_SYS)
    SVC_Handler                              0x08000f35   Thumb Code     2  stm32f1xx_it.o(i.SVC_Handler)
    SysTick_Handler                          0x08000f39   Thumb Code    40  stm32f1xx_it.o(i.SysTick_Handler)
    SystemClock_Config                       0x08000f65   Thumb Code   224  main.o(i.SystemClock_Config)
    SystemInit                               0x08001051   Thumb Code    70  system_stm32f1xx.o(i.SystemInit)
    TIM1_UP_IRQHandler                       0x080010a9   Thumb Code    62  stm32f1xx_it.o(i.TIM1_UP_IRQHandler)
    TIM2_IRQHandler                          0x080010f9   Thumb Code    62  stm32f1xx_it.o(i.TIM2_IRQHandler)
    TIM3_IRQHandler                          0x08001145   Thumb Code    56  stm32f1xx_it.o(i.TIM3_IRQHandler)
    TIM4_IRQHandler                          0x08001189   Thumb Code   110  stm32f1xx_it.o(i.TIM4_IRQHandler)
    USART2_IRQHandler                        0x0800120d   Thumb Code    24  stm32f1xx_it.o(i.USART2_IRQHandler)
    USART3_IRQHandler                        0x08001229   Thumb Code    24  stm32f1xx_it.o(i.USART3_IRQHandler)
    USART_CharReception_Callback             0x08001245   Thumb Code   124  main.o(i.USART_CharReception_Callback)
    USART_CharReception_Callback_UP          0x080012d9   Thumb Code   124  main.o(i.USART_CharReception_Callback_UP)
    __scatterload_copy                       0x080013c1   Thumb Code    14  handlers.o(i.__scatterload_copy)
    __scatterload_null                       0x080013cf   Thumb Code     2  handlers.o(i.__scatterload_null)
    __scatterload_zeroinit                   0x080013d1   Thumb Code    14  handlers.o(i.__scatterload_zeroinit)
    init_buttons                             0x080013e1   Thumb Code   348  buttons.o(i.init_buttons)
    main                                     0x08001555   Thumb Code   700  main.o(i.main)
    process_button                           0x080018d9   Thumb Code   534  buttons.o(i.process_button)
    aTxBuffer                                0x08001b1e   Data           5  main.o(.constdata)
    AHBPrescTable                            0x08001b23   Data          16  system_stm32f1xx.o(.constdata)
    APBPrescTable                            0x08001b33   Data           8  system_stm32f1xx.o(.constdata)
    Region$$Table$$Base                      0x08001b3c   Number         0  anon$$obj.o(Region$$Table)
    Region$$Table$$Limit                     0x08001b5c   Number         0  anon$$obj.o(Region$$Table)
    ubI2C_slave_addr                         0x20000000   Data           1  main.o(.data)
    ubMasterRequestDirection                 0x20000001   Data           1  main.o(.data)
    menu_changed                             0x20000002   Data           1  main.o(.data)
    jog1                                     0x20000004   Data           4  main.o(.data)
    jog2                                     0x20000008   Data           4  main.o(.data)
    jog3                                     0x2000000c   Data           4  main.o(.data)
    jog4                                     0x20000010   Data           4  main.o(.data)
    jog1resolution                           0x20000014   Data           1  main.o(.data)
    jog1cmd                                  0x20000015   Data           1  main.o(.data)
    jog2resolution                           0x20000016   Data           1  main.o(.data)
    jog2cmd                                  0x20000017   Data           1  main.o(.data)
    jog3resolution                           0x20000018   Data           1  main.o(.data)
    jog3cmd                                  0x20000019   Data           1  main.o(.data)
    jog4resolution                           0x2000001a   Data           1  main.o(.data)
    jog4cmd                                  0x2000001b   Data           1  main.o(.data)
    auto_mode                                0x2000001c   Data           1  main.o(.data)
    auto_mode_delay                          0x20000020   Data           4  main.o(.data)
    uwNbReceivedChars                        0x20000024   Data           4  main.o(.data)
    uNbReceivedCharsForUser                  0x20000028   Data           1  main.o(.data)
    uwNbReceivedCharsB                       0x2000002c   Data           4  main.o(.data)
    uNbReceivedCharsForUserB                 0x20000030   Data           1  main.o(.data)
    uwBufferReadyIndication                  0x20000034   Data           4  main.o(.data)
    pBufferReadyForUser                      0x20000038   Data           4  main.o(.data)
    pBufferReadyForReception                 0x2000003c   Data           4  main.o(.data)
    ubUARTReceptionCompleteA                 0x20000040   Data           1  main.o(.data)
    ubUARTReceptionCompleteB                 0x20000041   Data           1  main.o(.data)
    ubNbDataToTransmit                       0x20000042   Data           1  main.o(.data)
    ubTransmissionComplete                   0x20000043   Data           1  main.o(.data)
    ubMasterXferDirection                    0x20000044   Data           1  main.o(.data)
    ubMasterNbDataToReceive                  0x20000045   Data           1  main.o(.data)
    SystemCoreClock                          0x20000048   Data           4  system_stm32f1xx.o(.data)
    buttons_flag_set                         0x20000060   Data           4  buttons.o(.ARM.__AT_0x20000060)
    bt                                       0x20000064   Data         160  buttons.o(.bss)
    aRXBufferA                               0x20000104   Data          64  main.o(.bss)
    aRXBufferB                               0x20000144   Data          64  main.o(.bss)
    aRXBuffer                                0x20000184   Data          64  main.o(.bss)
    aRXBuffer_screen                         0x200001c4   Data          64  main.o(.bss)
    aMasterReceiveBuffer                     0x20000204   Data          15  main.o(.bss)
    __initial_sp                             0x20000618   Data           0  startup_stm32f103xb.o(STACK)



==============================================================================

Memory Map of the image

  Image Entry point : 0x080000ed

  Load Region LR_IROM1 (Base: 0x08000000, Size: 0x00001ba8, Max: 0x00010000, ABSOLUTE)

    Execution Region ER_IROM1 (Exec base: 0x08000000, Load base: 0x08000000, Size: 0x00001b5c, Max: 0x00010000, ABSOLUTE)

    Exec Addr    Load Addr    Size         Type   Attr      Idx    E Section Name        Object

    0x08000000   0x08000000   0x000000ec   Data   RO            3    RESET               startup_stm32f103xb.o
    0x080000ec   0x080000ec   0x00000000   Code   RO         1161  * .ARM.Collect$$$$00000000  mc_w.l(entry.o)
    0x080000ec   0x080000ec   0x00000004   Code   RO         1170    .ARM.Collect$$$$00000001  mc_w.l(entry2.o)
    0x080000f0   0x080000f0   0x00000004   Code   RO         1173    .ARM.Collect$$$$00000004  mc_w.l(entry5.o)
    0x080000f4   0x080000f4   0x00000000   Code   RO         1175    .ARM.Collect$$$$00000008  mc_w.l(entry7b.o)
    0x080000f4   0x080000f4   0x00000000   Code   RO         1177    .ARM.Collect$$$$0000000A  mc_w.l(entry8b.o)
    0x080000f4   0x080000f4   0x00000008   Code   RO         1178    .ARM.Collect$$$$0000000B  mc_w.l(entry9a.o)
    0x080000fc   0x080000fc   0x00000000   Code   RO         1180    .ARM.Collect$$$$0000000D  mc_w.l(entry10a.o)
    0x080000fc   0x080000fc   0x00000000   Code   RO         1182    .ARM.Collect$$$$0000000F  mc_w.l(entry11a.o)
    0x080000fc   0x080000fc   0x00000004   Code   RO         1171    .ARM.Collect$$$$00002712  mc_w.l(entry2.o)
    0x08000100   0x08000100   0x00000024   Code   RO            4    .text               startup_stm32f103xb.o
    0x08000124   0x08000124   0x00000024   Code   RO         1164    .text               mc_w.l(memcpya.o)
    0x08000148   0x08000148   0x00000024   Code   RO         1166    .text               mc_w.l(memseta.o)
    0x0800016c   0x0800016c   0x00000024   Code   RO         1184    .text               mc_w.l(init.o)
    0x08000190   0x08000190   0x0000001c   Code   RO          138    i.LL_APB1_GRP1_EnableClock  main.o
    0x080001ac   0x080001ac   0x0000001c   Code   RO          139    i.LL_APB2_GRP1_EnableClock  main.o
    0x080001c8   0x080001c8   0x00000120   Code   RO          509    i.LL_GPIO_Init      stm32f1xx_ll_gpio.o
    0x080002e8   0x080002e8   0x0000001a   Code   RO           13    i.LL_GPIO_IsInputPinSet  buttons.o
    0x08000302   0x08000302   0x0000001c   Code   RO          665    i.LL_Init1msTick    stm32f1xx_ll_utils.o
    0x0800031e   0x0800031e   0x00000024   Code   RO          587    i.LL_RCC_GetSystemClocksFreq  stm32f1xx_ll_rcc.o
    0x08000342   0x08000342   0x00000002   PAD
    0x08000344   0x08000344   0x0000000c   Code   RO          673    i.LL_SetSystemCoreClock  stm32f1xx_ll_utils.o
    0x08000350   0x08000350   0x0000000a   Code   RO          140    i.LL_TIM_DisableARRPreload  main.o
    0x0800035a   0x0800035a   0x0000000a   Code   RO          141    i.LL_TIM_DisableMasterSlaveMode  main.o
    0x08000364   0x08000364   0x0000000a   Code   RO          142    i.LL_TIM_EnableCounter  main.o
    0x0800036e   0x0800036e   0x0000000a   Code   RO          143    i.LL_TIM_EnableIT_UPDATE  main.o
    0x08000378   0x08000378   0x0000000a   Code   RO          144    i.LL_TIM_EnableUpdateEvent  main.o
    0x08000382   0x08000382   0x0000000a   Code   RO          408    i.LL_TIM_GetDirection  stm32f1xx_it.o
    0x0800038c   0x0800038c   0x0000006c   Code   RO          145    i.LL_TIM_IC_SetActiveInput  main.o
    0x080003f8   0x080003f8   0x0000006c   Code   RO          146    i.LL_TIM_IC_SetFilter  main.o
    0x08000464   0x08000464   0x00000058   Code   RO          147    i.LL_TIM_IC_SetPolarity  main.o
    0x080004bc   0x080004bc   0x0000006c   Code   RO          148    i.LL_TIM_IC_SetPrescaler  main.o
    0x08000528   0x08000528   0x00000084   Code   RO          871    i.LL_TIM_Init       stm32f1xx_ll_tim.o
    0x080005ac   0x080005ac   0x0000000c   Code   RO          149    i.LL_TIM_SetEncoderMode  main.o
    0x080005b8   0x080005b8   0x0000000c   Code   RO          150    i.LL_TIM_SetTriggerOutput  main.o
    0x080005c4   0x080005c4   0x00000010   Code   RO          151    i.LL_USART_ClearFlag_ORE  main.o
    0x080005d4   0x080005d4   0x00000012   Code   RO          152    i.LL_USART_ConfigAsyncMode  main.o
    0x080005e6   0x080005e6   0x0000000a   Code   RO          153    i.LL_USART_Enable   main.o
    0x080005f0   0x080005f0   0x0000000a   Code   RO          154    i.LL_USART_EnableIT_ERROR  main.o
    0x080005fa   0x080005fa   0x0000000a   Code   RO          155    i.LL_USART_EnableIT_RXNE  main.o
    0x08000604   0x08000604   0x00000094   Code   RO         1061    i.LL_USART_Init     stm32f1xx_ll_usart.o
    0x08000698   0x08000698   0x0000000a   Code   RO          409    i.LL_USART_IsActiveFlag_RXNE  stm32f1xx_it.o
    0x080006a2   0x080006a2   0x0000000a   Code   RO          156    i.LL_USART_IsActiveFlag_TC  main.o
    0x080006ac   0x080006ac   0x0000000a   Code   RO          157    i.LL_USART_IsActiveFlag_TXE  main.o
    0x080006b6   0x080006b6   0x0000000a   Code   RO         1062    i.LL_USART_IsEnabled  stm32f1xx_ll_usart.o
    0x080006c0   0x080006c0   0x0000000a   Code   RO          410    i.LL_USART_IsEnabledIT_RXNE  stm32f1xx_it.o
    0x080006ca   0x080006ca   0x0000009e   Code   RO         1063    i.LL_USART_SetBaudRate  stm32f1xx_ll_usart.o
    0x08000768   0x08000768   0x00000004   Code   RO          158    i.LL_USART_TransmitData8  main.o
    0x0800076c   0x0800076c   0x00000020   Code   RO          159    i.MX_CRC_Init       main.o
    0x0800078c   0x0800078c   0x000000b4   Code   RO          160    i.MX_GPIO_Init      main.o
    0x08000840   0x08000840   0x000000fc   Code   RO          161    i.MX_TIM1_Init      main.o
    0x0800093c   0x0800093c   0x00000114   Code   RO          162    i.MX_TIM2_Init      main.o
    0x08000a50   0x08000a50   0x000000ec   Code   RO          163    i.MX_TIM3_Init      main.o
    0x08000b3c   0x08000b3c   0x000000ec   Code   RO          164    i.MX_TIM4_Init      main.o
    0x08000c28   0x08000c28   0x000000a4   Code   RO          165    i.MX_USART2_UART_Init  main.o
    0x08000ccc   0x08000ccc   0x000000a8   Code   RO          166    i.MX_USART3_UART_Init  main.o
    0x08000d74   0x08000d74   0x00000040   Code   RO          167    i.NVIC_EncodePriority  main.o
    0x08000db4   0x08000db4   0x00000002   Code   RO          411    i.PendSV_Handler    stm32f1xx_it.o
    0x08000db6   0x08000db6   0x00000002   PAD
    0x08000db8   0x08000db8   0x00000040   Code   RO          168    i.Print2Screen      main.o
    0x08000df8   0x08000df8   0x00000040   Code   RO          169    i.PrintInfo         main.o
    0x08000e38   0x08000e38   0x00000020   Code   RO          590    i.RCC_GetHCLKClockFreq  stm32f1xx_ll_rcc.o
    0x08000e58   0x08000e58   0x00000024   Code   RO          591    i.RCC_GetPCLK1ClockFreq  stm32f1xx_ll_rcc.o
    0x08000e7c   0x08000e7c   0x00000024   Code   RO          592    i.RCC_GetPCLK2ClockFreq  stm32f1xx_ll_rcc.o
    0x08000ea0   0x08000ea0   0x0000003c   Code   RO          593    i.RCC_GetSystemClockFreq  stm32f1xx_ll_rcc.o
    0x08000edc   0x08000edc   0x00000058   Code   RO          594    i.RCC_PLL_GetFreqDomain_SYS  stm32f1xx_ll_rcc.o
    0x08000f34   0x08000f34   0x00000002   Code   RO          412    i.SVC_Handler       stm32f1xx_it.o
    0x08000f36   0x08000f36   0x00000002   PAD
    0x08000f38   0x08000f38   0x0000002c   Code   RO          413    i.SysTick_Handler   stm32f1xx_it.o
    0x08000f64   0x08000f64   0x000000ec   Code   RO          170    i.SystemClock_Config  main.o
    0x08001050   0x08001050   0x00000058   Code   RO         1128    i.SystemInit        system_stm32f1xx.o
    0x080010a8   0x080010a8   0x00000050   Code   RO          414    i.TIM1_UP_IRQHandler  stm32f1xx_it.o
    0x080010f8   0x080010f8   0x0000004c   Code   RO          415    i.TIM2_IRQHandler   stm32f1xx_it.o
    0x08001144   0x08001144   0x00000044   Code   RO          416    i.TIM3_IRQHandler   stm32f1xx_it.o
    0x08001188   0x08001188   0x00000084   Code   RO          417    i.TIM4_IRQHandler   stm32f1xx_it.o
    0x0800120c   0x0800120c   0x0000001c   Code   RO          418    i.USART2_IRQHandler  stm32f1xx_it.o
    0x08001228   0x08001228   0x0000001c   Code   RO          419    i.USART3_IRQHandler  stm32f1xx_it.o
    0x08001244   0x08001244   0x00000094   Code   RO          171    i.USART_CharReception_Callback  main.o
    0x080012d8   0x080012d8   0x00000094   Code   RO          172    i.USART_CharReception_Callback_UP  main.o
    0x0800136c   0x0800136c   0x0000001a   Code   RO          173    i.__NVIC_EnableIRQ  main.o
    0x08001386   0x08001386   0x00000002   PAD
    0x08001388   0x08001388   0x00000010   Code   RO          174    i.__NVIC_GetPriorityGrouping  main.o
    0x08001398   0x08001398   0x00000028   Code   RO          175    i.__NVIC_SetPriority  main.o
    0x080013c0   0x080013c0   0x0000000e   Code   RO         1188    i.__scatterload_copy  mc_w.l(handlers.o)
    0x080013ce   0x080013ce   0x00000002   Code   RO         1189    i.__scatterload_null  mc_w.l(handlers.o)
    0x080013d0   0x080013d0   0x0000000e   Code   RO         1190    i.__scatterload_zeroinit  mc_w.l(handlers.o)
    0x080013de   0x080013de   0x00000002   PAD
    0x080013e0   0x080013e0   0x00000174   Code   RO           14    i.init_buttons      buttons.o
    0x08001554   0x08001554   0x00000384   Code   RO          176    i.main              main.o
    0x080018d8   0x080018d8   0x0000021c   Code   RO           42    i.process_button    buttons.o
    0x08001af4   0x08001af4   0x0000002f   Data   RO          178    .constdata          main.o
    0x08001b23   0x08001b23   0x00000018   Data   RO         1129    .constdata          system_stm32f1xx.o
    0x08001b3b   0x08001b3b   0x00000001   PAD
    0x08001b3c   0x08001b3c   0x00000020   Data   RO         1186    Region$$Table       anon$$obj.o


    Execution Region RW_IRAM1 (Exec base: 0x20000000, Load base: 0x08001b5c, Size: 0x00000618, Max: 0x00005000, ABSOLUTE)

    Exec Addr    Load Addr    Size         Type   Attr      Idx    E Section Name        Object

    0x20000000   0x08001b5c   0x00000046   Data   RW          179    .data               main.o
    0x20000046   0x08001ba2   0x00000002   PAD
    0x20000048   0x08001ba4   0x00000004   Data   RW         1130    .data               system_stm32f1xx.o
    0x2000004c   0x08001ba8   0x00000014   PAD
    0x20000060        -       0x00000004   Zero   RW           15    .ARM.__AT_0x20000060  buttons.o
    0x20000064        -       0x000000a0   Zero   RW           16    .bss                buttons.o
    0x20000104        -       0x0000010f   Zero   RW          177    .bss                main.o
    0x20000213   0x08001ba8   0x00000005   PAD
    0x20000218        -       0x00000400   Zero   RW            1    STACK               startup_stm32f103xb.o


==============================================================================

Image component sizes


      Code (inc. data)   RO Data    RW Data    ZI Data      Debug   Object Name

       938         30          0          0        164     400145   buttons.o
      3880        428         47         70        271     107934   main.o
        36          8        236          0       1024        788   startup_stm32f103xb.o
       490         78          0          0          0      41184   stm32f1xx_it.o
       288          0          0          0          0      10471   stm32f1xx_ll_gpio.o
       288         48          0          0          0      13409   stm32f1xx_ll_rcc.o
       132         14          0          0          0      29042   stm32f1xx_ll_tim.o
       316         14          0          0          0      15936   stm32f1xx_ll_usart.o
        40          6          0          0          0       2205   stm32f1xx_ll_utils.o
        88         18         24          4          0       1115   system_stm32f1xx.o

    ----------------------------------------------------------------------
      6504        644        340         76       1484     622229   Object Totals
         0          0         32          0          0          0   (incl. Generated)
         8          0          1          2         25          0   (incl. Padding)

    ----------------------------------------------------------------------

      Code (inc. data)   RO Data    RW Data    ZI Data      Debug   Library Member Name

         0          0          0          0          0          0   entry.o
         0          0          0          0          0          0   entry10a.o
         0          0          0          0          0          0   entry11a.o
         8          4          0          0          0          0   entry2.o
         4          0          0          0          0          0   entry5.o
         0          0          0          0          0          0   entry7b.o
         0          0          0          0          0          0   entry8b.o
         8          4          0          0          0          0   entry9a.o
        30          0          0          0          0          0   handlers.o
        36          8          0          0          0         68   init.o
        36          0          0          0          0         68   memcpya.o
        36          0          0          0          0        108   memseta.o

    ----------------------------------------------------------------------
       160         16          0          0          0        244   Library Totals
         2          0          0          0          0          0   (incl. Padding)

    ----------------------------------------------------------------------

      Code (inc. data)   RO Data    RW Data    ZI Data      Debug   Library Name

       158         16          0          0          0        244   mc_w.l

    ----------------------------------------------------------------------
       160         16          0          0          0        244   Library Totals

    ----------------------------------------------------------------------

==============================================================================


      Code (inc. data)   RO Data    RW Data    ZI Data      Debug   

      6664        660        340         76       1484     619245   Grand Totals
      6664        660        340         76       1484     619245   ELF Image Totals
      6664        660        340         76          0          0   ROM Totals

==============================================================================

    Total RO  Size (Code + RO Data)                 7004 (   6.84kB)
    Total RW  Size (RW Data + ZI Data)              1560 (   1.52kB)
    Total ROM Size (Code + RO Data + RW Data)       7080 (   6.91kB)

==============================================================================

