Component: ARM Compiler 5.06 update 6 (build 750) Tool: armlink [4d35ed]

==============================================================================

Section Cross References

    startup_stm32f103xb.o(RESET) refers to startup_stm32f103xb.o(STACK) for __initial_sp
    startup_stm32f103xb.o(RESET) refers to startup_stm32f103xb.o(.text) for Reset_Handler
    startup_stm32f103xb.o(RESET) refers to stm32f1xx_it.o(i.SVC_Handler) for SVC_Handler
    startup_stm32f103xb.o(RESET) refers to stm32f1xx_it.o(i.PendSV_Handler) for PendSV_Handler
    startup_stm32f103xb.o(RESET) refers to stm32f1xx_it.o(i.SysTick_Handler) for SysTick_Handler
    startup_stm32f103xb.o(RESET) refers to stm32f1xx_it.o(i.DMA1_Channel1_IRQHandler) for DMA1_Channel1_IRQHandler
    startup_stm32f103xb.o(RESET) refers to stm32f1xx_it.o(i.DMA1_Channel6_IRQHandler) for DMA1_Channel6_IRQHandler
    startup_stm32f103xb.o(RESET) refers to stm32f1xx_it.o(i.DMA1_Channel7_IRQHandler) for DMA1_Channel7_IRQHandler
    startup_stm32f103xb.o(RESET) refers to stm32f1xx_it.o(i.TIM4_IRQHandler) for TIM4_IRQHandler
    startup_stm32f103xb.o(RESET) refers to stm32f1xx_it.o(i.I2C1_EV_IRQHandler) for I2C1_EV_IRQHandler
    startup_stm32f103xb.o(RESET) refers to stm32f1xx_it.o(i.I2C1_ER_IRQHandler) for I2C1_ER_IRQHandler
    startup_stm32f103xb.o(RESET) refers to stm32f1xx_it.o(i.USART1_IRQHandler) for USART1_IRQHandler
    startup_stm32f103xb.o(RESET) refers to stm32f1xx_it.o(i.USART2_IRQHandler) for USART2_IRQHandler
    startup_stm32f103xb.o(.text) refers to system_stm32f1xx.o(i.SystemInit) for SystemInit
    startup_stm32f103xb.o(.text) refers to entry.o(.ARM.Collect$$$$00000000) for __main
    buttons.o(i.init_buttons) refers to buttons.o(i.LL_GPIO_IsInputPinSet) for LL_GPIO_IsInputPinSet
    buttons.o(i.init_buttons) refers to buttons.o(.bss) for bt
    fonts2.o(i.FONTS_GetStringSize) refers to strlen.o(.text) for strlen
    i2c_interface.o(i.Handle_I2C_MasterDMA_IT) refers to i2c_interface.o(i.LL_DMA_SetDataLength) for LL_DMA_SetDataLength
    i2c_interface.o(i.Handle_I2C_MasterDMA_IT) refers to i2c_interface.o(i.LL_DMA_ConfigAddresses) for LL_DMA_ConfigAddresses
    i2c_interface.o(i.Handle_I2C_MasterDMA_IT) refers to i2c_interface.o(i.LL_DMA_EnableIT_TC) for LL_DMA_EnableIT_TC
    i2c_interface.o(i.Handle_I2C_MasterDMA_IT) refers to i2c_interface.o(i.LL_DMA_EnableIT_TE) for LL_DMA_EnableIT_TE
    i2c_interface.o(i.Handle_I2C_MasterDMA_IT) refers to i2c_interface.o(i.LL_DMA_EnableChannel) for LL_DMA_EnableChannel
    i2c_interface.o(i.Handle_I2C_MasterDMA_IT) refers to i2c_interface.o(i.LL_I2C_AcknowledgeNextData) for LL_I2C_AcknowledgeNextData
    i2c_interface.o(i.Handle_I2C_MasterDMA_IT) refers to i2c_interface.o(i.LL_I2C_GenerateStartCondition) for LL_I2C_GenerateStartCondition
    i2c_interface.o(i.Handle_I2C_MasterDMA_IT) refers to i2c_interface.o(i.LL_SYSTICK_IsActiveCounterFlag) for LL_SYSTICK_IsActiveCounterFlag
    i2c_interface.o(i.Handle_I2C_MasterDMA_IT) refers to main.o(.data) for ubI2C_slave_addr
    i2c_interface.o(i.Handle_I2C_MasterDMA_IT) refers to i2c_interface.o(.data) for ubTransferComplete
    i2c_interface.o(i.Handle_I2C_MasterDMA_IT_async) refers to i2c_interface.o(i.LL_DMA_SetDataLength) for LL_DMA_SetDataLength
    i2c_interface.o(i.Handle_I2C_MasterDMA_IT_async) refers to i2c_interface.o(i.LL_DMA_ConfigAddresses) for LL_DMA_ConfigAddresses
    i2c_interface.o(i.Handle_I2C_MasterDMA_IT_async) refers to i2c_interface.o(i.LL_DMA_EnableIT_TC) for LL_DMA_EnableIT_TC
    i2c_interface.o(i.Handle_I2C_MasterDMA_IT_async) refers to i2c_interface.o(i.LL_DMA_EnableIT_TE) for LL_DMA_EnableIT_TE
    i2c_interface.o(i.Handle_I2C_MasterDMA_IT_async) refers to i2c_interface.o(i.LL_DMA_EnableChannel) for LL_DMA_EnableChannel
    i2c_interface.o(i.Handle_I2C_MasterDMA_IT_async) refers to i2c_interface.o(i.LL_I2C_AcknowledgeNextData) for LL_I2C_AcknowledgeNextData
    i2c_interface.o(i.Handle_I2C_MasterDMA_IT_async) refers to i2c_interface.o(i.LL_I2C_GenerateStartCondition) for LL_I2C_GenerateStartCondition
    i2c_interface.o(i.Handle_I2C_MasterDMA_IT_async) refers to main.o(.data) for ubI2C_slave_addr
    i2c_interface.o(i.Handle_I2C_MasterDMA_IT_async) refers to i2c_interface.o(.data) for ubTransferComplete
    i2c_interface.o(i.Handle_I2C_Master_Receive) refers to i2c_interface.o(i.LL_DMA_DisableChannel) for LL_DMA_DisableChannel
    i2c_interface.o(i.Handle_I2C_Master_Receive) refers to i2c_interface.o(i.LL_DMA_SetDataLength) for LL_DMA_SetDataLength
    i2c_interface.o(i.Handle_I2C_Master_Receive) refers to i2c_interface.o(i.LL_DMA_EnableChannel) for LL_DMA_EnableChannel
    i2c_interface.o(i.Handle_I2C_Master_Receive) refers to i2c_interface.o(i.LL_I2C_AcknowledgeNextData) for LL_I2C_AcknowledgeNextData
    i2c_interface.o(i.Handle_I2C_Master_Receive) refers to i2c_interface.o(i.LL_I2C_GenerateStartCondition) for LL_I2C_GenerateStartCondition
[...]
    cdrcmple.o(.text) refers (Special) to iusefp.o(.text) for __I$use$fp
    dunder.o(i.__mathlib_dbl_divzero) refers to ddiv.o(.text) for __aeabi_ddiv
    dunder.o(i.__mathlib_dbl_infnan) refers to dscalb.o(.text) for __ARM_scalbn
    dunder.o(i.__mathlib_dbl_infnan2) refers to dadd.o(.text) for __aeabi_dadd
    dunder.o(i.__mathlib_dbl_invalid) refers to ddiv.o(.text) for __aeabi_ddiv
    dunder.o(i.__mathlib_dbl_overflow) refers to dscalb.o(.text) for __ARM_scalbn
    dunder.o(i.__mathlib_dbl_posinfnan) refers to dmul.o(.text) for __aeabi_dmul
    dunder.o(i.__mathlib_dbl_underflow) refers to dscalb.o(.text) for __ARM_scalbn
    fpclassify.o(i.__ARM_fpclassify) refers (Special) to iusefp.o(.text) for __I$use$fp
    log.o(i.__softfp_log) refers (Special) to iusefp.o(.text) for __I$use$fp
    log.o(i.__softfp_log) refers to log.o(i.log) for log
    log.o(i.log) refers (Special) to iusefp.o(.text) for __I$use$fp
    log.o(i.log) refers to dunder.o(i.__mathlib_dbl_infnan) for __mathlib_dbl_infnan
    log.o(i.log) refers to errno.o(i.__set_errno) for __set_errno
    log.o(i.log) refers to dunder.o(i.__mathlib_dbl_invalid) for __mathlib_dbl_invalid
    log.o(i.log) refers to dunder.o(i.__mathlib_dbl_divzero) for __mathlib_dbl_divzero
    log.o(i.log) refers to dscalb.o(.text) for __ARM_scalbn
    log.o(i.log) refers to dadd.o(.text) for __aeabi_dsub
    log.o(i.log) refers to cdcmple.o(.text) for __aeabi_cdcmpeq
    log.o(i.log) refers to dflti.o(.text) for __aeabi_i2d
    log.o(i.log) refers to dmul.o(.text) for __aeabi_dmul
    log.o(i.log) refers to ddiv.o(.text) for __aeabi_ddiv
    log.o(i.log) refers to poly.o(i.__kernel_poly) for __kernel_poly
    log.o(i.log) refers to qnan.o(.constdata) for __mathlib_zero
    log.o(i.log) refers to log.o(.constdata) for .constdata
    log.o(.constdata) refers (Special) to iusefp.o(.text) for __I$use$fp
    log_x.o(i.____softfp_log$lsc) refers (Special) to iusefp.o(.text) for __I$use$fp
    log_x.o(i.____softfp_log$lsc) refers to log_x.o(i.__log$lsc) for __log$lsc
    log_x.o(i.__log$lsc) refers (Special) to iusefp.o(.text) for __I$use$fp
    log_x.o(i.__log$lsc) refers to dunder.o(i.__mathlib_dbl_infnan) for __mathlib_dbl_infnan
    log_x.o(i.__log$lsc) refers to errno.o(i.__set_errno) for __set_errno
    log_x.o(i.__log$lsc) refers to dscalb.o(.text) for __ARM_scalbn
    log_x.o(i.__log$lsc) refers to dadd.o(.text) for __aeabi_dsub
    log_x.o(i.__log$lsc) refers to cdcmple.o(.text) for __aeabi_cdcmpeq
    log_x.o(i.__log$lsc) refers to dflti.o(.text) for __aeabi_i2d
    log_x.o(i.__log$lsc) refers to dmul.o(.text) for __aeabi_dmul
    log_x.o(i.__log$lsc) refers to ddiv.o(.text) for __aeabi_ddiv
    log_x.o(i.__log$lsc) refers to poly.o(i.__kernel_poly) for __kernel_poly
    log_x.o(i.__log$lsc) refers to qnan.o(.constdata) for __mathlib_zero
    log_x.o(i.__log$lsc) refers to log_x.o(.constdata) for .constdata
    log_x.o(.constdata) refers (Special) to iusefp.o(.text) for __I$use$fp
    poly.o(i.__kernel_poly) refers (Special) to iusefp.o(.text) for __I$use$fp
    poly.o(i.__kernel_poly) refers to dmul.o(.text) for __aeabi_dmul
    poly.o(i.__kernel_poly) refers to dadd.o(.text) for __aeabi_dadd
    qnan.o(.constdata) refers (Special) to iusefp.o(.text) for __I$use$fp
    sqrt.o(i.__softfp_sqrt) refers (Special) to iusefp.o(.text) for __I$use$fp
    sqrt.o(i.__softfp_sqrt) refers to dsqrt.o(.text) for _dsqrt
    sqrt.o(i.__softfp_sqrt) refers to errno.o(i.__set_errno) for __set_errno
    sqrt.o(i.sqrt) refers (Special) to iusefp.o(.text) for __I$use$fp
    sqrt.o(i.sqrt) refers to dsqrt.o(.text) for _dsqrt
    sqrt.o(i.sqrt) refers to errno.o(i.__set_errno) for __set_errno
    sqrt_x.o(i.____softfp_sqrt$lsc) refers (Special) to iusefp.o(.text) for __I$use$fp
    sqrt_x.o(i.____softfp_sqrt$lsc) refers to cdcmple.o(.text) for __aeabi_cdcmple
    sqrt_x.o(i.____softfp_sqrt$lsc) refers to errno.o(i.__set_errno) for __set_errno
    sqrt_x.o(i.____softfp_sqrt$lsc) refers to dsqrt.o(.text) for _dsqrt
    sqrt_x.o(i.__sqrt$lsc) refers (Special) to iusefp.o(.text) for __I$use$fp
    sqrt_x.o(i.__sqrt$lsc) refers to cdcmple.o(.text) for __aeabi_cdcmple
    sqrt_x.o(i.__sqrt$lsc) refers to errno.o(i.__set_errno) for __set_errno
    sqrt_x.o(i.__sqrt$lsc) refers to dsqrt.o(.text) for _dsqrt
    entry2.o(.ARM.Collect$$$$00000001) refers to entry2.o(.ARM.Collect$$$$00002712) for __lit__00000000
    entry2.o(.ARM.Collect$$$$00002712) refers to startup_stm32f103xb.o(STACK) for __initial_sp
    entry2.o(__vectab_stack_and_reset_area) refers to startup_stm32f103xb.o(STACK) for __initial_sp
    entry2.o(__vectab_stack_and_reset_area) refers to entry.o(.ARM.Collect$$$$00000000) for __main
    entry5.o(.ARM.Collect$$$$00000004) refers to init.o(.text) for __scatterload
    entry9a.o(.ARM.Collect$$$$0000000B) refers to main.o(i.main) for main
    entry9b.o(.ARM.Collect$$$$0000000C) refers to main.o(i.main) for main
    errno.o(i.__aeabi_errno_addr) refers to errno.o(.data) for .data
    errno.o(i.__read_errno) refers to errno.o(.data) for .data
    errno.o(i.__set_errno) refers to errno.o(.data) for .data
    depilogue.o(.text) refers to llshl.o(.text) for __aeabi_llsl
    depilogue.o(.text) refers to llushr.o(.text) for __aeabi_llsr
    init.o(.text) refers to entry5.o(.ARM.Collect$$$$00000004) for __main_after_scatterload
    dsqrt.o(.text) refers to llushr.o(.text) for __aeabi_llsr
    dsqrt.o(.text) refers to depilogue.o(.text) for _double_round
    buttons.o(i.process_joystick) refers to i2c_interface.o(.data) for ubTransferComplete
    buttons.o(i.process_button) refers to buttons.o(i.LL_GPIO_IsInputPinSet) for LL_GPIO_IsInputPinSet
    buttons.o(i.process_button) refers to buttons.o(.bss) for bt
    buttons.o(i.process_button) refers to i2c_interface.o(.data) for dma_data


==============================================================================

Removing Unused input sections from the image.

    Removing startup_stm32f103xb.o(HEAP), (512 bytes).
    Removing buttons.o(.rev16_text), (4 bytes).
    Removing buttons.o(.revsh_text), (4 bytes).
    Removing buttons.o(.rrx_text), (6 bytes).
    Removing buttons.o(.constdata), (42 bytes).
    Removing buttons.o(.data), (4 bytes).
    Removing fonts2.o(.rev16_text), (4 bytes).
    Removing fonts2.o(.revsh_text), (4 bytes).
    Removing fonts2.o(.rrx_text), (6 bytes).
    Removing fonts2.o(i.FONTS_GetStringSize), (28 bytes).
    Removing i2c_interface.o(.rev16_text), (4 bytes).
    Removing i2c_interface.o(.revsh_text), (4 bytes).
    Removing i2c_interface.o(.rrx_text), (6 bytes).
    Removing i2c_interface.o(i.Handle_I2C_Master_Receive), (156 bytes).
    Removing i2c_interface.o(i.LL_DMA_DisableChannel), (28 bytes).
    Removing i2c_interface.o(i.i2c_device_init), (132 bytes).
    Removing i2c_interface.o(i.read_sample_i2c), (6 bytes).
    Removing i2c_interface.o(i.reqest_sample_i2c_dma), (44 bytes).
    Removing i2c_interface.o(i.toggle), (18 bytes).
    Removing i2c_interface.o(.bss), (122 bytes).
    Removing nuts_bolts.o(.rev16_text), (4 bytes).
    Removing nuts_bolts.o(.revsh_text), (4 bytes).
    Removing nuts_bolts.o(.rrx_text), (6 bytes).
    Removing nuts_bolts.o(i.SquareRoot), (50 bytes).
    Removing nuts_bolts.o(i.SquareRoot64), (154 bytes).
    Removing nuts_bolts.o(i.SquareRootRounded), (56 bytes).
    Removing nuts_bolts.o(i.__ARM_isinf), (28 bytes).
    Removing nuts_bolts.o(i.cb_init_ref), (40 bytes).
    Removing nuts_bolts.o(i.dtoa), (628 bytes).
    Removing nuts_bolts.o(i.str_f824mm_rev_to_delay824), (48 bytes).
    Removing nuts_bolts.o(i.str_f_inch_to_steps2210), (222 bytes).
    Removing nuts_bolts.o(i.str_f_to_2210), (228 bytes).
    Removing nuts_bolts.o(i.str_f_to_steps2210), (200 bytes).
    Removing nuts_bolts.o(i.ui64toa), (54 bytes).
    Removing nuts_bolts.o(.bss), (240 bytes).
    Removing nuts_bolts.o(.constdata), (42 bytes).
    Removing nuts_bolts.o(.data), (8 bytes).
    Removing screen.o(.rev16_text), (4 bytes).
    Removing screen.o(.revsh_text), (4 bytes).
    Removing screen.o(.rrx_text), (6 bytes).
    Removing screen.o(i.print_info), (40 bytes).
    Removing ssd1306.o(.rev16_text), (4 bytes).
    Removing ssd1306.o(.revsh_text), (4 bytes).
    Removing ssd1306.o(.rrx_text), (6 bytes).
    Removing ssd1306.o(i.SSD1306_DrawPixel), (168 bytes).
    Removing ssd1306.o(i.SSD1306_Putc), (144 bytes).
    Removing ssd1306.o(i.SSD1306_Puts), (42 bytes).
    Removing ssd1306.o(i.SSD1306_ToggleInvert), (52 bytes).
    Removing ssd1306.o(i.ssd1306_I2C_Init), (16 bytes).
    Removing ssd1306.o(.constdata), (42 bytes).
    Removing fsm.o(.rev16_text), (4 bytes).
    Removing fsm.o(.revsh_text), (4 bytes).
    Removing fsm.o(.rrx_text), (6 bytes).
    Removing fsm.o(i.do_fsm_wait_sclick), (2 bytes).
    Removing fsm.o(i.do_long_press_end_callback), (2 bytes).
    Removing fsm.o(.constdata), (42 bytes).
    Removing fsm.o(.data), (2 bytes).
    Removing main.o(.rev16_text), (4 bytes).
    Removing main.o(.revsh_text), (4 bytes).
    Removing main.o(.rrx_text), (6 bytes).
    Removing stm32f1xx_it.o(.rev16_text), (4 bytes).
    Removing stm32f1xx_it.o(.revsh_text), (4 bytes).
    Removing stm32f1xx_it.o(.rrx_text), (6 bytes).
    Removing stm32f1xx_ll_gpio.o(.rev16_text), (4 bytes).
    Removing stm32f1xx_ll_gpio.o(.revsh_text), (4 bytes).
    Removing stm32f1xx_ll_gpio.o(.rrx_text), (6 bytes).
    Removing stm32f1xx_ll_gpio.o(i.LL_APB2_GRP1_ForceReset), (16 bytes).
    Removing stm32f1xx_ll_gpio.o(i.LL_APB2_GRP1_ReleaseReset), (16 bytes).
    Removing stm32f1xx_ll_gpio.o(i.LL_GPIO_DeInit), (132 bytes).
    Removing stm32f1xx_ll_gpio.o(i.LL_GPIO_StructInit), (24 bytes).
    Removing stm32f1xx_ll_adc.o(.rev16_text), (4 bytes).
    Removing stm32f1xx_ll_adc.o(.revsh_text), (4 bytes).
    Removing stm32f1xx_ll_adc.o(.rrx_text), (6 bytes).
    Removing stm32f1xx_ll_adc.o(i.LL_ADC_CommonDeInit), (40 bytes).
    Removing stm32f1xx_ll_adc.o(i.LL_ADC_CommonStructInit), (6 bytes).
    Removing stm32f1xx_ll_adc.o(i.LL_ADC_DeInit), (204 bytes).
    Removing stm32f1xx_ll_adc.o(i.LL_ADC_INJ_Init), (90 bytes).
    Removing stm32f1xx_ll_adc.o(i.LL_ADC_INJ_StructInit), (16 bytes).
    Removing stm32f1xx_ll_adc.o(i.LL_ADC_REG_StructInit), (18 bytes).
    Removing stm32f1xx_ll_adc.o(i.LL_ADC_StructInit), (12 bytes).
    Removing stm32f1xx_ll_dma.o(.rev16_text), (4 bytes).
    Removing stm32f1xx_ll_dma.o(.revsh_text), (4 bytes).
    Removing stm32f1xx_ll_dma.o(.rrx_text), (6 bytes).
    Removing stm32f1xx_ll_dma.o(i.LL_DMA_DeInit), (252 bytes).
    Removing stm32f1xx_ll_dma.o(i.LL_DMA_Init), (120 bytes).
    Removing stm32f1xx_ll_dma.o(i.LL_DMA_StructInit), (24 bytes).
    Removing stm32f1xx_ll_dma.o(.constdata), (7 bytes).
    Removing stm32f1xx_ll_rcc.o(.rev16_text), (4 bytes).
    Removing stm32f1xx_ll_rcc.o(.revsh_text), (4 bytes).
    Removing stm32f1xx_ll_rcc.o(.rrx_text), (6 bytes).
    Removing stm32f1xx_ll_rcc.o(i.LL_RCC_DeInit), (152 bytes).
    Removing stm32f1xx_ll_rcc.o(i.LL_RCC_GetADCClockFreq), (68 bytes).
    Removing stm32f1xx_ll_rcc.o(i.LL_RCC_GetUSBClockFreq), (68 bytes).
    Removing stm32f1xx_ll_rcc.o(i.LL_RCC_PLL_IsReady), (16 bytes).
    Removing stm32f1xx_ll_utils.o(.rev16_text), (4 bytes).
    Removing stm32f1xx_ll_utils.o(.revsh_text), (4 bytes).
    Removing stm32f1xx_ll_utils.o(.rrx_text), (6 bytes).
    Removing stm32f1xx_ll_utils.o(i.LL_PLL_ConfigSystemClock_HSE), (148 bytes).
    Removing stm32f1xx_ll_utils.o(i.LL_PLL_ConfigSystemClock_HSI), (104 bytes).
    Removing stm32f1xx_ll_utils.o(i.LL_RCC_HSE_IsReady), (16 bytes).
    Removing stm32f1xx_ll_utils.o(i.LL_RCC_HSI_IsReady), (16 bytes).
    Removing stm32f1xx_ll_utils.o(i.LL_RCC_PLL_ConfigDomain_SYS), (28 bytes).
    Removing stm32f1xx_ll_utils.o(i.LL_RCC_PLL_IsReady), (16 bytes).
    Removing stm32f1xx_ll_utils.o(i.LL_SetFlashLatency), (108 bytes).
    Removing stm32f1xx_ll_utils.o(i.UTILS_EnablePLLAndSwitchSystem), (216 bytes).
    Removing stm32f1xx_ll_utils.o(i.UTILS_GetPLLOutputFrequency), (32 bytes).
    Removing stm32f1xx_ll_utils.o(i.UTILS_PLL_IsBusy), (16 bytes).
    Removing stm32f1xx_ll_exti.o(.rev16_text), (4 bytes).
    Removing stm32f1xx_ll_exti.o(.revsh_text), (4 bytes).
    Removing stm32f1xx_ll_exti.o(.rrx_text), (6 bytes).
    Removing stm32f1xx_ll_exti.o(i.LL_EXTI_DeInit), (40 bytes).
    Removing stm32f1xx_ll_exti.o(i.LL_EXTI_DisableEvent_0_31), (16 bytes).
    Removing stm32f1xx_ll_exti.o(i.LL_EXTI_DisableIT_0_31), (16 bytes).
    Removing stm32f1xx_ll_exti.o(i.LL_EXTI_EnableEvent_0_31), (16 bytes).
    Removing stm32f1xx_ll_exti.o(i.LL_EXTI_EnableFallingTrig_0_31), (16 bytes).
    Removing stm32f1xx_ll_exti.o(i.LL_EXTI_EnableIT_0_31), (16 bytes).
    Removing stm32f1xx_ll_exti.o(i.LL_EXTI_EnableRisingTrig_0_31), (16 bytes).
    Removing stm32f1xx_ll_exti.o(i.LL_EXTI_Init), (188 bytes).
    Removing stm32f1xx_ll_exti.o(i.LL_EXTI_StructInit), (14 bytes).
    Removing stm32f1xx_ll_crc.o(.rev16_text), (4 bytes).
    Removing stm32f1xx_ll_crc.o(.revsh_text), (4 bytes).
    Removing stm32f1xx_ll_crc.o(.rrx_text), (6 bytes).
    Removing stm32f1xx_ll_crc.o(i.LL_CRC_DeInit), (40 bytes).
    Removing stm32f1xx_ll_i2c.o(.rev16_text), (4 bytes).
    Removing stm32f1xx_ll_i2c.o(.revsh_text), (4 bytes).
    Removing stm32f1xx_ll_i2c.o(.rrx_text), (6 bytes).
    Removing stm32f1xx_ll_i2c.o(i.LL_APB1_GRP1_ForceReset), (16 bytes).
    Removing stm32f1xx_ll_i2c.o(i.LL_APB1_GRP1_ReleaseReset), (16 bytes).
    Removing stm32f1xx_ll_i2c.o(i.LL_I2C_DeInit), (68 bytes).
    Removing stm32f1xx_ll_i2c.o(i.LL_I2C_StructInit), (26 bytes).
    Removing stm32f1xx_ll_spi.o(.rev16_text), (4 bytes).
    Removing stm32f1xx_ll_spi.o(.revsh_text), (4 bytes).
    Removing stm32f1xx_ll_spi.o(.rrx_text), (6 bytes).
    Removing stm32f1xx_ll_spi.o(i.LL_SPI_DeInit), (92 bytes).
    Removing stm32f1xx_ll_spi.o(i.LL_SPI_StructInit), (26 bytes).
    Removing stm32f1xx_ll_pwr.o(.rev16_text), (4 bytes).
    Removing stm32f1xx_ll_pwr.o(.revsh_text), (4 bytes).
    Removing stm32f1xx_ll_pwr.o(.rrx_text), (6 bytes).
    Removing stm32f1xx_ll_pwr.o(i.LL_PWR_DeInit), (36 bytes).
    Removing stm32f1xx_ll_tim.o(.rev16_text), (4 bytes).
    Removing stm32f1xx_ll_tim.o(.revsh_text), (4 bytes).
    Removing stm32f1xx_ll_tim.o(.rrx_text), (6 bytes).
    Removing stm32f1xx_ll_tim.o(i.IC1Config), (52 bytes).
    Removing stm32f1xx_ll_tim.o(i.IC2Config), (56 bytes).
    Removing stm32f1xx_ll_tim.o(i.IC3Config), (58 bytes).
    Removing stm32f1xx_ll_tim.o(i.IC4Config), (58 bytes).
    Removing stm32f1xx_ll_tim.o(i.LL_APB1_GRP1_ForceReset), (16 bytes).
    Removing stm32f1xx_ll_tim.o(i.LL_APB1_GRP1_ReleaseReset), (16 bytes).
    Removing stm32f1xx_ll_tim.o(i.LL_TIM_BDTR_Init), (82 bytes).
    Removing stm32f1xx_ll_tim.o(i.LL_TIM_BDTR_StructInit), (18 bytes).
    Removing stm32f1xx_ll_tim.o(i.LL_TIM_DeInit), (124 bytes).
    Removing stm32f1xx_ll_tim.o(i.LL_TIM_ENCODER_Init), (100 bytes).
    Removing stm32f1xx_ll_tim.o(i.LL_TIM_ENCODER_StructInit), (36 bytes).
    Removing stm32f1xx_ll_tim.o(i.LL_TIM_HALLSENSOR_Init), (114 bytes).
    Removing stm32f1xx_ll_tim.o(i.LL_TIM_HALLSENSOR_StructInit), (12 bytes).
    Removing stm32f1xx_ll_tim.o(i.LL_TIM_IC_Init), (92 bytes).
    Removing stm32f1xx_ll_tim.o(i.LL_TIM_IC_StructInit), (18 bytes).
    Removing stm32f1xx_ll_tim.o(i.LL_TIM_OC_Init), (92 bytes).
    Removing stm32f1xx_ll_tim.o(i.LL_TIM_OC_SetCompareCH2), (4 bytes).
    Removing stm32f1xx_ll_tim.o(i.LL_TIM_OC_StructInit), (20 bytes).
    Removing stm32f1xx_ll_tim.o(i.LL_TIM_StructInit), (18 bytes).
    Removing stm32f1xx_ll_tim.o(i.OC1Config), (120 bytes).
    Removing stm32f1xx_ll_tim.o(i.OC2Config), (132 bytes).
    Removing stm32f1xx_ll_tim.o(i.OC3Config), (120 bytes).
    Removing stm32f1xx_ll_tim.o(i.OC4Config), (88 bytes).
    Removing stm32f1xx_ll_tim.o(.constdata), (35 bytes).
    Removing stm32f1xx_ll_usart.o(.rev16_text), (4 bytes).
    Removing stm32f1xx_ll_usart.o(.revsh_text), (4 bytes).
    Removing stm32f1xx_ll_usart.o(.rrx_text), (6 bytes).
    Removing stm32f1xx_ll_usart.o(i.LL_APB1_GRP1_ForceReset), (16 bytes).
    Removing stm32f1xx_ll_usart.o(i.LL_APB1_GRP1_ReleaseReset), (16 bytes).
    Removing stm32f1xx_ll_usart.o(i.LL_USART_ClockInit), (66 bytes).
    Removing stm32f1xx_ll_usart.o(i.LL_USART_ClockStructInit), (12 bytes).
    Removing stm32f1xx_ll_usart.o(i.LL_USART_DeInit), (112 bytes).
    Removing stm32f1xx_ll_usart.o(i.LL_USART_StructInit), (24 bytes).
    Removing system_stm32f1xx.o(.rev16_text), (4 bytes).
    Removing system_stm32f1xx.o(.revsh_text), (4 bytes).
    Removing system_stm32f1xx.o(.rrx_text), (6 bytes).
    Removing system_stm32f1xx.o(i.SystemCoreClockUpdate), (164 bytes).
    Removing fmul.o(.text), (100 bytes).
    Removing fdiv.o(.text), (124 bytes).
    Removing dadd.o(.text), (334 bytes).
    Removing dmul.o(.text), (228 bytes).
    Removing ddiv.o(.text), (222 bytes).
    Removing ffltui.o(.text), (10 bytes).
    Removing dflti.o(.text), (34 bytes).
    Removing ffixui.o(.text), (40 bytes).
    Removing dfixi.o(.text), (62 bytes).
    Removing cdcmple.o(.text), (48 bytes).
    Removing cdrcmple.o(.text), (48 bytes).
    Removing fepilogue.o(.text), (110 bytes).
    Removing depilogue.o(.text), (186 bytes).
    Removing dscalb.o(.text), (46 bytes).
    Removing dsqrt.o(.text), (162 bytes).
    Removing buttons.o(i.process_joystick), (20 bytes).

195 unused section(s) (total 10254 bytes) removed from the image.

==============================================================================

Image Symbol Table

    Local Symbols

    Symbol Name                              Value     Ov Type        Size  Object(Section)

    ../Drivers/STM32F1xx_HAL_Driver/Src/stm32f1xx_ll_adc.c 0x00000000   Number         0  stm32f1xx_ll_adc.o ABSOLUTE
    ../Drivers/STM32F1xx_HAL_Driver/Src/stm32f1xx_ll_crc.c 0x00000000   Number         0  stm32f1xx_ll_crc.o ABSOLUTE
    ../Drivers/STM32F1xx_HAL_Driver/Src/stm32f1xx_ll_dma.c 0x00000000   Number         0  stm32f1xx_ll_dma.o ABSOLUTE
    ../Drivers/STM32F1xx_HAL_Driver/Src/stm32f1xx_ll_exti.c 0x00000000   Number         0  stm32f1xx_ll_exti.o ABSOLUTE
    ../Drivers/STM32F1xx_HAL_Driver/Src/stm32f1xx_ll_gpio.c 0x00000000   Number         0  stm32f1xx_ll_gpio.o ABSOLUTE
    ../Drivers/STM32F1xx_HAL_Driver/Src/stm32f1xx_ll_i2c.c 0x00000000   Number         0  stm32f1xx_ll_i2c.o ABSOLUTE
    ../Drivers/STM32F1xx_HAL_Driver/Src/stm32f1xx_ll_pwr.c 0x00000000   Number         0  stm32f1xx_ll_pwr.o ABSOLUTE
    ../Drivers/STM32F1xx_HAL_Driver/Src/stm32f1xx_ll_rcc.c 0x00000000   Number         0  stm32f1xx_ll_rcc.o ABSOLUTE
    ../Drivers/STM32F1xx_HAL_Driver/Src/stm32f1xx_ll_spi.c 0x00000000   Number         0  stm32f1xx_ll_spi.o ABSOLUTE
    ../Drivers/STM32F1xx_HAL_Driver/Src/stm32f1xx_ll_tim.c 0x00000000   Number         0  stm32f1xx_ll_tim.o ABSOLUTE
    ../Drivers/STM32F1xx_HAL_Driver/Src/stm32f1xx_ll_usart.c 0x00000000   Number         0  stm32f1xx_ll_usart.o ABSOLUTE
    ../Drivers/STM32F1xx_HAL_Driver/Src/stm32f1xx_ll_utils.c 0x00000000   Number         0  stm32f1xx_ll_utils.o ABSOLUTE
    ../Src/main.c                            0x00000000   Number         0  main.o ABSOLUTE
    ../Src/stm32f1xx_it.c                    0x00000000   Number         0  stm32f1xx_it.o ABSOLUTE
    ../Src/system_stm32f1xx.c                0x00000000   Number         0  system_stm32f1xx.o ABSOLUTE
    ../clib/microlib/errno.c                 0x00000000   Number         0  errno.o ABSOLUTE
    ../clib/microlib/init/entry.s            0x00000000   Number         0  entry8a.o ABSOLUTE
    ../clib/microlib/init/entry.s            0x00000000   Number         0  entry7a.o ABSOLUTE
    ../clib/microlib/init/entry.s            0x00000000   Number         0  entry5.o ABSOLUTE
    ../clib/microlib/init/entry.s            0x00000000   Number         0  entry7b.o ABSOLUTE
    ../clib/microlib/init/entry.s            0x00000000   Number         0  entry2.o ABSOLUTE
    ../clib/microlib/init/entry.s            0x00000000   Number         0  entry.o ABSOLUTE
    ../clib/microlib/init/entry.s            0x00000000   Number         0  entry11b.o ABSOLUTE
    ../clib/microlib/init/entry.s            0x00000000   Number         0  entry11a.o ABSOLUTE
    ../clib/microlib/init/entry.s            0x00000000   Number         0  entry10b.o ABSOLUTE
    ../clib/microlib/init/entry.s            0x00000000   Number         0  entry10a.o ABSOLUTE
    ../clib/microlib/init/entry.s            0x00000000   Number         0  entry9b.o ABSOLUTE
    ../clib/microlib/init/entry.s            0x00000000   Number         0  entry9a.o ABSOLUTE
    ../clib/microlib/init/entry.s            0x00000000   Number         0  entry8b.o ABSOLUTE
    ../clib/microlib/longlong.c              0x00000000   Number         0  llsshr.o ABSOLUTE
    ../clib/microlib/longlong.c              0x00000000   Number         0  llushr.o ABSOLUTE
    ../clib/microlib/longlong.c              0x00000000   Number         0  llshl.o ABSOLUTE
    ../clib/microlib/string/memcpy.c         0x00000000   Number         0  memmovea.o ABSOLUTE
    ../clib/microlib/string/memcpy.c         0x00000000   Number         0  memcpya.o ABSOLUTE
    ../clib/microlib/string/memcpy.c         0x00000000   Number         0  memmoveb.o ABSOLUTE
    ../clib/microlib/string/memcpy.c         0x00000000   Number         0  memcpyb.o ABSOLUTE
    ../clib/microlib/string/memset.c         0x00000000   Number         0  memseta.o ABSOLUTE
    ../clib/microlib/string/strcpy.c         0x00000000   Number         0  strcpy.o ABSOLUTE
    ../clib/microlib/string/strlen.c         0x00000000   Number         0  strlen.o ABSOLUTE
    ../clib/microlib/string/strtok.c         0x00000000   Number         0  strtok.o ABSOLUTE
    ../clib/microlib/string/strtok.c         0x00000000   Number         0  strtok_r.o ABSOLUTE
    ../clib/microlib/stubs.s                 0x00000000   Number         0  iusefp.o ABSOLUTE
    ../fplib/microlib/fpadd.c                0x00000000   Number         0  dadd.o ABSOLUTE
    ../fplib/microlib/fpdiv.c                0x00000000   Number         0  fdiv.o ABSOLUTE
    ../fplib/microlib/fpdiv.c                0x00000000   Number         0  ddiv.o ABSOLUTE
    ../fplib/microlib/fpepilogue.c           0x00000000   Number         0  fepilogue.o ABSOLUTE
    ../fplib/microlib/fpepilogue.c           0x00000000   Number         0  depilogue.o ABSOLUTE
    ../fplib/microlib/fpfix.c                0x00000000   Number         0  dfixi.o ABSOLUTE
    ../fplib/microlib/fpfix.c                0x00000000   Number         0  ffixui.o ABSOLUTE
    ../fplib/microlib/fpflt.c                0x00000000   Number         0  dflti.o ABSOLUTE
    ../fplib/microlib/fpflt.c                0x00000000   Number         0  ffltui.o ABSOLUTE
    ../fplib/microlib/fpmul.c                0x00000000   Number         0  fmul.o ABSOLUTE
    ../fplib/microlib/fpmul.c                0x00000000   Number         0  dmul.o ABSOLUTE
    ../fplib/microlib/fpscalb.c              0x00000000   Number         0  dscalb.o ABSOLUTE
    ../fplib/microlib/fpsqrt.c               0x00000000   Number         0  dsqrt.o ABSOLUTE
    ../mathlib/dunder.c                      0x00000000   Number         0  dunder.o ABSOLUTE
    ../mathlib/floor.c                       0x00000000   Number         0  floor.o ABSOLUTE
    ../mathlib/fpclassify.c                  0x00000000   Number         0  fpclassify.o ABSOLUTE
    ../mathlib/log.c                         0x00000000   Number         0  log_x.o ABSOLUTE
    ../mathlib/log.c                         0x00000000   Number         0  log.o ABSOLUTE
    ../mathlib/log10.c                       0x00000000   Number         0  log10_x.o ABSOLUTE
    ../mathlib/log10.c                       0x00000000   Number         0  log10.o ABSOLUTE
    ../mathlib/poly.c                        0x00000000   Number         0  poly.o ABSOLUTE
    ../mathlib/pow.c                         0x00000000   Number         0  pow_x.o ABSOLUTE
    ../mathlib/pow.c                         0x00000000   Number         0  pow.o ABSOLUTE
    ../mathlib/qnan.c                        0x00000000   Number         0  qnan.o ABSOLUTE
    ../mathlib/sqrt.c                        0x00000000   Number         0  sqrt.o ABSOLUTE
    ../mathlib/sqrt.c                        0x00000000   Number         0  sqrt_x.o ABSOLUTE
    ..\Drivers\STM32F1xx_HAL_Driver\Src\stm32f1xx_ll_adc.c 0x00000000   Number         0  stm32f1xx_ll_adc.o ABSOLUTE
    ..\Drivers\STM32F1xx_HAL_Driver\Src\stm32f1xx_ll_crc.c 0x00000000   Number         0  stm32f1xx_ll_crc.o ABSOLUTE
    ..\Drivers\STM32F1xx_HAL_Driver\Src\stm32f1xx_ll_dma.c 0x00000000   Number         0  stm32f1xx_ll_dma.o ABSOLUTE
    ..\Drivers\STM32F1xx_HAL_Driver\Src\stm32f1xx_ll_exti.c 0x00000000   Number         0  stm32f1xx_ll_exti.o ABSOLUTE
    ..\Drivers\STM32F1xx_HAL_Driver\Src\stm32f1xx_ll_gpio.c 0x00000000   Number         0  stm32f1xx_ll_gpio.o ABSOLUTE
    ..\Drivers\STM32F1xx_HAL_Driver\Src\stm32f1xx_ll_i2c.c 0x00000000   Number         0  stm32f1xx_ll_i2c.o ABSOLUTE
    ..\Drivers\STM32F1xx_HAL_Driver\Src\stm32f1xx_ll_pwr.c 0x00000000   Number         0  stm32f1xx_ll_pwr.o ABSOLUTE
    ..\Drivers\STM32F1xx_HAL_Driver\Src\stm32f1xx_ll_rcc.c 0x00000000   Number         0  stm32f1xx_ll_rcc.o ABSOLUTE
    ..\Drivers\STM32F1xx_HAL_Driver\Src\stm32f1xx_ll_spi.c 0x00000000   Number         0  stm32f1xx_ll_spi.o ABSOLUTE
    ..\Drivers\STM32F1xx_HAL_Driver\Src\stm32f1xx_ll_tim.c 0x00000000   Number         0  stm32f1xx_ll_tim.o ABSOLUTE
    ..\Drivers\STM32F1xx_HAL_Driver\Src\stm32f1xx_ll_usart.c 0x00000000   Number         0  stm32f1xx_ll_usart.o ABSOLUTE
    ..\Drivers\STM32F1xx_HAL_Driver\Src\stm32f1xx_ll_utils.c 0x00000000   Number         0  stm32f1xx_ll_utils.o ABSOLUTE
    ..\Src\buttons.c                         0x00000000   Number         0  buttons.o ABSOLUTE
    ..\Src\fonts2.c                          0x00000000   Number         0  fonts2.o ABSOLUTE
    ..\Src\fsm.c                             0x00000000   Number         0  fsm.o ABSOLUTE
    ..\Src\i2c_interface.c                   0x00000000   Number         0  i2c_interface.o ABSOLUTE
    ..\Src\main.c                            0x00000000   Number         0  main.o ABSOLUTE
    ..\Src\nuts_bolts.c                      0x00000000   Number         0  nuts_bolts.o ABSOLUTE
    ..\Src\screen.c                          0x00000000   Number         0  screen.o ABSOLUTE
    ..\Src\ssd1306.c                         0x00000000   Number         0  ssd1306.o ABSOLUTE
    ..\Src\stm32f1xx_it.c                    0x00000000   Number         0  stm32f1xx_it.o ABSOLUTE
    ..\Src\system_stm32f1xx.c                0x00000000   Number         0  system_stm32f1xx.o ABSOLUTE
    ..\\Src\\buttons.c                       0x00000000   Number         0  buttons.o ABSOLUTE
    ..\\Src\\fonts2.c                        0x00000000   Number         0  fonts2.o ABSOLUTE
    ..\\Src\\fsm.c                           0x00000000   Number         0  fsm.o ABSOLUTE
    ..\\Src\\i2c_interface.c                 0x00000000   Number         0  i2c_interface.o ABSOLUTE
    ..\\Src\\nuts_bolts.c                    0x00000000   Number         0  nuts_bolts.o ABSOLUTE
    ..\\Src\\screen.c                        0x00000000   Number         0  screen.o ABSOLUTE
    ..\\Src\\ssd1306.c                       0x00000000   Number         0  ssd1306.o ABSOLUTE
    cdcmple.s                                0x00000000   Number         0  cdcmple.o ABSOLUTE
    cdrcmple.s                               0x00000000   Number         0  cdrcmple.o ABSOLUTE
    dc.s                                     0x00000000   Number         0  dc.o ABSOLUTE
    handlers.s                               0x00000000   Number         0  handlers.o ABSOLUTE
    init.s                                   0x00000000   Number         0  init.o ABSOLUTE
    startup_stm32f103xb.s                    0x00000000   Number         0  startup_stm32f103xb.o ABSOLUTE
    RESET                                    0x08000000   Section      236  startup_stm32f103xb.o(RESET)
    .ARM.Collect$$$$00000000                 0x080000ec   Section        0  entry.o(.ARM.Collect$$$$00000000)
    .ARM.Collect$$$$00000001                 0x080000ec   Section        4  entry2.o(.ARM.Collect$$$$00000001)
    .ARM.Collect$$$$00000004                 0x080000f0   Section        4  entry5.o(.ARM.Collect$$$$00000004)
    .ARM.Collect$$$$00000008                 0x080000f4   Section        0  entry7b.o(.ARM.Collect$$$$00000008)
    .ARM.Collect$$$$0000000A                 0x080000f4   Section        0  entry8b.o(.ARM.Collect$$$$0000000A)
    .ARM.Collect$$$$0000000B                 0x080000f4   Section        8  entry9a.o(.ARM.Collect$$$$0000000B)
    .ARM.Collect$$$$0000000D                 0x080000fc   Section        0  entry10a.o(.ARM.Collect$$$$0000000D)
    .ARM.Collect$$$$0000000F                 0x080000fc   Section        0  entry11a.o(.ARM.Collect$$$$0000000F)
    .ARM.Collect$$$$00002712                 0x080000fc   Section        4  entry2.o(.ARM.Collect$$$$00002712)
    __lit__00000000                          0x080000fc   Data           4  entry2.o(.ARM.Collect$$$$00002712)
    .text                                    0x08000100   Section       36  startup_stm32f103xb.o(.text)
    .text                                    0x08000124   Section        0  memmovea.o(.text)
    .text                                    0x08000164   Section        0  memseta.o(.text)
    .text                                    0x08000188   Section        0  strlen.o(.text)
    .text                                    0x08000198   Section        0  strtok.o(.text)
    .text                                    0x080001dc   Section       36  init.o(.text)
    i.Activate_I2C_Master                    0x08000200   Section        0  i2c_interface.o(i.Activate_I2C_Master)
    i.DMA1_Channel1_IRQHandler               0x08000234   Section        0  stm32f1xx_it.o(i.DMA1_Channel1_IRQHandler)
    i.DMA1_Channel6_IRQHandler               0x08000238   Section        0  stm32f1xx_it.o(i.DMA1_Channel6_IRQHandler)
    i.DMA1_Channel7_IRQHandler               0x08000284   Section        0  stm32f1xx_it.o(i.DMA1_Channel7_IRQHandler)
    i.Error_Handler                          0x080002d0   Section        0  main.o(i.Error_Handler)
    i.Handle_I2C_MasterDMA_IT                0x080002f4   Section        0  i2c_interface.o(i.Handle_I2C_MasterDMA_IT)
    i.Handle_I2C_MasterDMA_IT_async          0x080003a8   Section        0  i2c_interface.o(i.Handle_I2C_MasterDMA_IT_async)
    i.I2C1_ER_IRQHandler                     0x08000430   Section        0  stm32f1xx_it.o(i.I2C1_ER_IRQHandler)
    i.I2C1_EV_IRQHandler                     0x08000438   Section        0  stm32f1xx_it.o(i.I2C1_EV_IRQHandler)
    i.LL_ADC_CommonInit                      0x08000514   Section        0  stm32f1xx_ll_adc.o(i.LL_ADC_CommonInit)
    i.LL_ADC_Init                            0x0800055c   Section        0  stm32f1xx_ll_adc.o(i.LL_ADC_Init)
    i.LL_ADC_IsEnabled                       0x0800058c   Section        0  stm32f1xx_ll_adc.o(i.LL_ADC_IsEnabled)
    LL_ADC_IsEnabled                         0x0800058d   Thumb Code    10  stm32f1xx_ll_adc.o(i.LL_ADC_IsEnabled)
    i.LL_ADC_REG_Init                        0x08000598   Section        0  stm32f1xx_ll_adc.o(i.LL_ADC_REG_Init)
    i.LL_AHB1_GRP1_EnableClock               0x08000600   Section        0  main.o(i.LL_AHB1_GRP1_EnableClock)
    LL_AHB1_GRP1_EnableClock                 0x08000601   Thumb Code    24  main.o(i.LL_AHB1_GRP1_EnableClock)
    i.LL_APB1_GRP1_EnableClock               0x0800061c   Section        0  main.o(i.LL_APB1_GRP1_EnableClock)
    LL_APB1_GRP1_EnableClock                 0x0800061d   Thumb Code    24  main.o(i.LL_APB1_GRP1_EnableClock)
    i.LL_APB2_GRP1_EnableClock               0x08000638   Section        0  main.o(i.LL_APB2_GRP1_EnableClock)
    LL_APB2_GRP1_EnableClock                 0x08000639   Thumb Code    24  main.o(i.LL_APB2_GRP1_EnableClock)
    i.LL_DMA_ConfigAddresses                 0x08000654   Section        0  i2c_interface.o(i.LL_DMA_ConfigAddresses)
    LL_DMA_ConfigAddresses                   0x08000655   Thumb Code    48  i2c_interface.o(i.LL_DMA_ConfigAddresses)
    i.LL_DMA_DisableChannel                  0x08000688   Section        0  stm32f1xx_it.o(i.LL_DMA_DisableChannel)
    LL_DMA_DisableChannel                    0x08000689   Thumb Code    24  stm32f1xx_it.o(i.LL_DMA_DisableChannel)
    i.LL_DMA_EnableChannel                   0x080006a4   Section        0  i2c_interface.o(i.LL_DMA_EnableChannel)
    LL_DMA_EnableChannel                     0x080006a5   Thumb Code    24  i2c_interface.o(i.LL_DMA_EnableChannel)
    i.LL_DMA_EnableIT_TC                     0x080006c0   Section        0  i2c_interface.o(i.LL_DMA_EnableIT_TC)
    LL_DMA_EnableIT_TC                       0x080006c1   Thumb Code    24  i2c_interface.o(i.LL_DMA_EnableIT_TC)
    i.LL_DMA_EnableIT_TE                     0x080006dc   Section        0  i2c_interface.o(i.LL_DMA_EnableIT_TE)
    LL_DMA_EnableIT_TE                       0x080006dd   Thumb Code    24  i2c_interface.o(i.LL_DMA_EnableIT_TE)
    i.LL_DMA_SetChannelPriorityLevel         0x080006f8   Section        0  main.o(i.LL_DMA_SetChannelPriorityLevel)
    LL_DMA_SetChannelPriorityLevel           0x080006f9   Thumb Code    26  main.o(i.LL_DMA_SetChannelPriorityLevel)
    i.LL_DMA_SetDataLength                   0x08000718   Section        0  i2c_interface.o(i.LL_DMA_SetDataLength)
    LL_DMA_SetDataLength                     0x08000719   Thumb Code    30  i2c_interface.o(i.LL_DMA_SetDataLength)
    i.LL_DMA_SetDataTransferDirection        0x0800073c   Section        0  main.o(i.LL_DMA_SetDataTransferDirection)
    LL_DMA_SetDataTransferDirection          0x0800073d   Thumb Code    28  main.o(i.LL_DMA_SetDataTransferDirection)
    i.LL_DMA_SetMemoryIncMode                0x0800075c   Section        0  main.o(i.LL_DMA_SetMemoryIncMode)
    LL_DMA_SetMemoryIncMode                  0x0800075d   Thumb Code    26  main.o(i.LL_DMA_SetMemoryIncMode)
    i.LL_DMA_SetMemorySize                   0x0800077c   Section        0  main.o(i.LL_DMA_SetMemorySize)
    LL_DMA_SetMemorySize                     0x0800077d   Thumb Code    26  main.o(i.LL_DMA_SetMemorySize)
    i.LL_DMA_SetMode                         0x0800079c   Section        0  main.o(i.LL_DMA_SetMode)
    LL_DMA_SetMode                           0x0800079d   Thumb Code    26  main.o(i.LL_DMA_SetMode)
    i.LL_DMA_SetPeriphIncMode                0x080007bc   Section        0  main.o(i.LL_DMA_SetPeriphIncMode)
    LL_DMA_SetPeriphIncMode                  0x080007bd   Thumb Code    26  main.o(i.LL_DMA_SetPeriphIncMode)
    i.LL_DMA_SetPeriphSize                   0x080007dc   Section        0  main.o(i.LL_DMA_SetPeriphSize)
    LL_DMA_SetPeriphSize                     0x080007dd   Thumb Code    26  main.o(i.LL_DMA_SetPeriphSize)
    i.LL_GPIO_Init                           0x080007fc   Section        0  stm32f1xx_ll_gpio.o(i.LL_GPIO_Init)
    i.LL_GPIO_IsInputPinSet                  0x0800091c   Section        0  buttons.o(i.LL_GPIO_IsInputPinSet)
    LL_GPIO_IsInputPinSet                    0x0800091d   Thumb Code    26  buttons.o(i.LL_GPIO_IsInputPinSet)
    i.LL_I2C_AcknowledgeNextData             0x08000936   Section        0  i2c_interface.o(i.LL_I2C_AcknowledgeNextData)
    LL_I2C_AcknowledgeNextData               0x08000937   Thumb Code    12  i2c_interface.o(i.LL_I2C_AcknowledgeNextData)
    i.LL_I2C_AcknowledgeNextData             0x08000942   Section        0  stm32f1xx_it.o(i.LL_I2C_AcknowledgeNextData)
    LL_I2C_AcknowledgeNextData               0x08000943   Thumb Code    12  stm32f1xx_it.o(i.LL_I2C_AcknowledgeNextData)
    i.LL_I2C_ConfigSpeed                     0x08000950   Section        0  stm32f1xx_ll_i2c.o(i.LL_I2C_ConfigSpeed)
    LL_I2C_ConfigSpeed                       0x08000951   Thumb Code   178  stm32f1xx_ll_i2c.o(i.LL_I2C_ConfigSpeed)
    i.LL_I2C_EnableDMAReq_RX                 0x08000a0c   Section        0  stm32f1xx_it.o(i.LL_I2C_EnableDMAReq_RX)
    LL_I2C_EnableDMAReq_RX                   0x08000a0d   Thumb Code    10  stm32f1xx_it.o(i.LL_I2C_EnableDMAReq_RX)
    i.LL_I2C_GenerateStartCondition          0x08000a16   Section        0  i2c_interface.o(i.LL_I2C_GenerateStartCondition)
    LL_I2C_GenerateStartCondition            0x08000a17   Thumb Code    10  i2c_interface.o(i.LL_I2C_GenerateStartCondition)
    i.LL_I2C_GenerateStopCondition           0x08000a20   Section        0  i2c_interface.o(i.LL_I2C_GenerateStopCondition)
    LL_I2C_GenerateStopCondition             0x08000a21   Thumb Code    10  i2c_interface.o(i.LL_I2C_GenerateStopCondition)
    i.LL_I2C_Init                            0x08000a2a   Section        0  stm32f1xx_ll_i2c.o(i.LL_I2C_Init)
    i.LL_Init1msTick                         0x08000a92   Section        0  stm32f1xx_ll_utils.o(i.LL_Init1msTick)
    i.LL_RCC_GetSystemClocksFreq             0x08000aae   Section        0  stm32f1xx_ll_rcc.o(i.LL_RCC_GetSystemClocksFreq)
    i.LL_SPI_Init                            0x08000ad2   Section        0  stm32f1xx_ll_spi.o(i.LL_SPI_Init)
    i.LL_SYSTICK_IsActiveCounterFlag         0x08000b36   Section        0  i2c_interface.o(i.LL_SYSTICK_IsActiveCounterFlag)
    LL_SYSTICK_IsActiveCounterFlag           0x08000b37   Thumb Code    12  i2c_interface.o(i.LL_SYSTICK_IsActiveCounterFlag)
    i.LL_SetSystemCoreClock                  0x08000b44   Section        0  stm32f1xx_ll_utils.o(i.LL_SetSystemCoreClock)
    i.LL_TIM_DisableARRPreload               0x08000b50   Section        0  main.o(i.LL_TIM_DisableARRPreload)
    LL_TIM_DisableARRPreload                 0x08000b51   Thumb Code    10  main.o(i.LL_TIM_DisableARRPreload)
    i.LL_TIM_DisableMasterSlaveMode          0x08000b5a   Section        0  main.o(i.LL_TIM_DisableMasterSlaveMode)
    LL_TIM_DisableMasterSlaveMode            0x08000b5b   Thumb Code    10  main.o(i.LL_TIM_DisableMasterSlaveMode)
    i.LL_TIM_IC_SetActiveInput               0x08000b64   Section        0  main.o(i.LL_TIM_IC_SetActiveInput)
    LL_TIM_IC_SetActiveInput                 0x08000b65   Thumb Code    98  main.o(i.LL_TIM_IC_SetActiveInput)
    i.LL_TIM_IC_SetFilter                    0x08000bd0   Section        0  main.o(i.LL_TIM_IC_SetFilter)
    LL_TIM_IC_SetFilter                      0x08000bd1   Thumb Code    98  main.o(i.LL_TIM_IC_SetFilter)
    i.LL_TIM_IC_SetPolarity                  0x08000c3c   Section        0  main.o(i.LL_TIM_IC_SetPolarity)
    LL_TIM_IC_SetPolarity                    0x08000c3d   Thumb Code    84  main.o(i.LL_TIM_IC_SetPolarity)
    i.LL_TIM_IC_SetPrescaler                 0x08000c94   Section        0  main.o(i.LL_TIM_IC_SetPrescaler)
    LL_TIM_IC_SetPrescaler                   0x08000c95   Thumb Code    98  main.o(i.LL_TIM_IC_SetPrescaler)
    i.LL_TIM_Init                            0x08000d00   Section        0  stm32f1xx_ll_tim.o(i.LL_TIM_Init)
    i.LL_TIM_SetEncoderMode                  0x08000d84   Section        0  main.o(i.LL_TIM_SetEncoderMode)
    LL_TIM_SetEncoderMode                    0x08000d85   Thumb Code    12  main.o(i.LL_TIM_SetEncoderMode)
    i.LL_TIM_SetTriggerOutput                0x08000d90   Section        0  main.o(i.LL_TIM_SetTriggerOutput)
    LL_TIM_SetTriggerOutput                  0x08000d91   Thumb Code    12  main.o(i.LL_TIM_SetTriggerOutput)
    i.LL_USART_ConfigAsyncMode               0x08000d9c   Section        0  main.o(i.LL_USART_ConfigAsyncMode)
    LL_USART_ConfigAsyncMode                 0x08000d9d   Thumb Code    18  main.o(i.LL_USART_ConfigAsyncMode)
    i.LL_USART_Enable                        0x08000dae   Section        0  main.o(i.LL_USART_Enable)
    LL_USART_Enable                          0x08000daf   Thumb Code    10  main.o(i.LL_USART_Enable)
    i.LL_USART_Init                          0x08000db8   Section        0  stm32f1xx_ll_usart.o(i.LL_USART_Init)
    i.LL_USART_IsEnabled                     0x08000e4c   Section        0  stm32f1xx_ll_usart.o(i.LL_USART_IsEnabled)
    LL_USART_IsEnabled                       0x08000e4d   Thumb Code    10  stm32f1xx_ll_usart.o(i.LL_USART_IsEnabled)
    i.LL_USART_SetBaudRate                   0x08000e56   Section        0  stm32f1xx_ll_usart.o(i.LL_USART_SetBaudRate)
    LL_USART_SetBaudRate                     0x08000e57   Thumb Code   158  stm32f1xx_ll_usart.o(i.LL_USART_SetBaudRate)
    i.LL_mDelay                              0x08000ef4   Section        0  stm32f1xx_ll_utils.o(i.LL_mDelay)
    i.MX_ADC1_Init                           0x08000f1c   Section        0  main.o(i.MX_ADC1_Init)
    MX_ADC1_Init                             0x08000f1d   Thumb Code   334  main.o(i.MX_ADC1_Init)
    i.MX_CRC_Init                            0x08001078   Section        0  main.o(i.MX_CRC_Init)
    MX_CRC_Init                              0x08001079   Thumb Code    10  main.o(i.MX_CRC_Init)
    i.MX_DMA_Init                            0x08001082   Section        0  main.o(i.MX_DMA_Init)
    MX_DMA_Init                              0x08001083   Thumb Code   100  main.o(i.MX_DMA_Init)
    i.MX_GPIO_Init                           0x080010e8   Section        0  main.o(i.MX_GPIO_Init)
    MX_GPIO_Init                             0x080010e9   Thumb Code   152  main.o(i.MX_GPIO_Init)
    i.MX_I2C1_Init                           0x0800119c   Section        0  main.o(i.MX_I2C1_Init)
    MX_I2C1_Init                             0x0800119d   Thumb Code   368  main.o(i.MX_I2C1_Init)
    i.MX_SPI2_Init                           0x08001328   Section        0  main.o(i.MX_SPI2_Init)
    MX_SPI2_Init                             0x08001329   Thumb Code   122  main.o(i.MX_SPI2_Init)
    i.MX_TIM1_Init                           0x080013b4   Section        0  main.o(i.MX_TIM1_Init)
    MX_TIM1_Init                             0x080013b5   Thumb Code   198  main.o(i.MX_TIM1_Init)
    i.MX_TIM2_Init                           0x08001488   Section        0  main.o(i.MX_TIM2_Init)
    MX_TIM2_Init                             0x08001489   Thumb Code   230  main.o(i.MX_TIM2_Init)
    i.MX_TIM3_Init                           0x0800157c   Section        0  main.o(i.MX_TIM3_Init)
    MX_TIM3_Init                             0x0800157d   Thumb Code   194  main.o(i.MX_TIM3_Init)
    i.MX_TIM4_Init                           0x08001648   Section        0  main.o(i.MX_TIM4_Init)
    MX_TIM4_Init                             0x08001649   Thumb Code   228  main.o(i.MX_TIM4_Init)
    i.MX_USART2_UART_Init                    0x08001734   Section        0  main.o(i.MX_USART2_UART_Init)
    MX_USART2_UART_Init                      0x08001735   Thumb Code   156  main.o(i.MX_USART2_UART_Init)
    i.MX_USART3_UART_Init                    0x080017d8   Section        0  main.o(i.MX_USART3_UART_Init)
    MX_USART3_UART_Init                      0x080017d9   Thumb Code   122  main.o(i.MX_USART3_UART_Init)
    i.NVIC_EncodePriority                    0x08001864   Section        0  main.o(i.NVIC_EncodePriority)
    NVIC_EncodePriority                      0x08001865   Thumb Code    64  main.o(i.NVIC_EncodePriority)
    i.PendSV_Handler                         0x080018a4   Section        0  stm32f1xx_it.o(i.PendSV_Handler)
    i.PrintInfo                              0x080018a8   Section        0  main.o(i.PrintInfo)
    i.RCC_GetHCLKClockFreq                   0x080018e8   Section        0  stm32f1xx_ll_rcc.o(i.RCC_GetHCLKClockFreq)
    i.RCC_GetPCLK1ClockFreq                  0x08001908   Section        0  stm32f1xx_ll_rcc.o(i.RCC_GetPCLK1ClockFreq)
    i.RCC_GetPCLK2ClockFreq                  0x0800192c   Section        0  stm32f1xx_ll_rcc.o(i.RCC_GetPCLK2ClockFreq)
    i.RCC_GetSystemClockFreq                 0x08001950   Section        0  stm32f1xx_ll_rcc.o(i.RCC_GetSystemClockFreq)
    i.RCC_PLL_GetFreqDomain_SYS              0x0800198c   Section        0  stm32f1xx_ll_rcc.o(i.RCC_PLL_GetFreqDomain_SYS)
    i.SSD1306_Fill                           0x080019e4   Section        0  ssd1306.o(i.SSD1306_Fill)
    i.SSD1306_GotoXY                         0x08001a04   Section        0  ssd1306.o(i.SSD1306_GotoXY)
    i.SSD1306_Init                           0x08001a10   Section        0  ssd1306.o(i.SSD1306_Init)
    i.SSD1306_Putc2big                       0x08001b5c   Section        0  ssd1306.o(i.SSD1306_Putc2big)
    i.SSD1306_Putc2bigInv                    0x08001be4   Section        0  ssd1306.o(i.SSD1306_Putc2bigInv)
    i.SSD1306_Puts2                          0x08001c7c   Section        0  ssd1306.o(i.SSD1306_Puts2)
    i.SSD1306_UpdateScreen                   0x08001cb0   Section        0  ssd1306.o(i.SSD1306_UpdateScreen)
    i.SVC_Handler                            0x08001cc8   Section        0  stm32f1xx_it.o(i.SVC_Handler)
    i.SysTick_Handler                        0x08001ccc   Section        0  stm32f1xx_it.o(i.SysTick_Handler)
    i.SystemClock_Config                     0x08001cf8   Section        0  main.o(i.SystemClock_Config)
    i.SystemInit                             0x08001df8   Section        0  system_stm32f1xx.o(i.SystemInit)
    i.TIM4_IRQHandler                        0x08001e50   Section        0  stm32f1xx_it.o(i.TIM4_IRQHandler)
    i.Transfer_Complete_Callback             0x08001ed4   Section        0  i2c_interface.o(i.Transfer_Complete_Callback)
    i.Transfer_Error_Callback                0x08001efc   Section        0  i2c_interface.o(i.Transfer_Error_Callback)
    i.USART1_IRQHandler                      0x08001f40   Section        0  stm32f1xx_it.o(i.USART1_IRQHandler)
    i.USART2_IRQHandler                      0x08001f64   Section        0  stm32f1xx_it.o(i.USART2_IRQHandler)
    i.USART_CharReception_Callback           0x08001f68   Section        0  main.o(i.USART_CharReception_Callback)
    i.__NVIC_EnableIRQ                       0x08001fd0   Section        0  main.o(i.__NVIC_EnableIRQ)
    __NVIC_EnableIRQ                         0x08001fd1   Thumb Code    26  main.o(i.__NVIC_EnableIRQ)
    i.__NVIC_GetPriorityGrouping             0x08001fec   Section        0  main.o(i.__NVIC_GetPriorityGrouping)
    __NVIC_GetPriorityGrouping               0x08001fed   Thumb Code    10  main.o(i.__NVIC_GetPriorityGrouping)
    i.__NVIC_SetPriority                     0x08001ffc   Section        0  main.o(i.__NVIC_SetPriority)
    __NVIC_SetPriority                       0x08001ffd   Thumb Code    32  main.o(i.__NVIC_SetPriority)
    i.__scatterload_copy                     0x08002024   Section       14  handlers.o(i.__scatterload_copy)
    i.__scatterload_null                     0x08002032   Section        2  handlers.o(i.__scatterload_null)
    i.__scatterload_zeroinit                 0x08002034   Section       14  handlers.o(i.__scatterload_zeroinit)
    i.atoui64                                0x08002042   Section        0  nuts_bolts.o(i.atoui64)
    i.do_fsm_menu                            0x08002070   Section        0  fsm.o(i.do_fsm_menu)
    i.do_fsm_menu_lps                        0x080021b8   Section        0  fsm.o(i.do_fsm_menu_lps)
    i.init_buttons                           0x080021bc   Section        0  buttons.o(i.init_buttons)
    i.init_screen                            0x08002400   Section        0  screen.o(i.init_screen)
    i.main                                   0x0800240c   Section        0  main.o(i.main)
    i.process_button                         0x08002994   Section        0  buttons.o(i.process_button)
    i.ssd1306_I2C_Write                      0x08002bbc   Section        0  ssd1306.o(i.ssd1306_I2C_Write)
    i.ui10toa                                0x08002be4   Section        0  nuts_bolts.o(i.ui10toa)
    i.update_screen                          0x08002c18   Section        0  screen.o(i.update_screen)
    i.utoa_builtin_div_1                     0x08002d88   Section        0  screen.o(i.utoa_builtin_div_1)
    .constdata                               0x08002db8   Section     4452  fonts2.o(.constdata)
    CHANNEL_OFFSET_TAB                       0x08002db8   Data           7  fonts2.o(.constdata)
    OFFSET_TAB_CCMRx                         0x08002dbf   Data           7  fonts2.o(.constdata)
    SHIFT_TAB_OCxx                           0x08002dc6   Data           7  fonts2.o(.constdata)
    SHIFT_TAB_ICxx                           0x08002dcd   Data           7  fonts2.o(.constdata)
    SHIFT_TAB_CCxP                           0x08002dd4   Data           7  fonts2.o(.constdata)
    SHIFT_TAB_OISx                           0x08002ddb   Data           7  fonts2.o(.constdata)
    .constdata                               0x08003f1c   Section       42  i2c_interface.o(.constdata)
    CHANNEL_OFFSET_TAB                       0x08003f1c   Data           7  i2c_interface.o(.constdata)
    OFFSET_TAB_CCMRx                         0x08003f23   Data           7  i2c_interface.o(.constdata)
    SHIFT_TAB_OCxx                           0x08003f2a   Data           7  i2c_interface.o(.constdata)
    SHIFT_TAB_ICxx                           0x08003f31   Data           7  i2c_interface.o(.constdata)
    SHIFT_TAB_CCxP                           0x08003f38   Data           7  i2c_interface.o(.constdata)
    SHIFT_TAB_OISx                           0x08003f3f   Data           7  i2c_interface.o(.constdata)
    .constdata                               0x08003f46   Section     2136  screen.o(.constdata)
    CHANNEL_OFFSET_TAB                       0x08003f46   Data           7  screen.o(.constdata)
    OFFSET_TAB_CCMRx                         0x08003f4d   Data           7  screen.o(.constdata)
    SHIFT_TAB_OCxx                           0x08003f54   Data           7  screen.o(.constdata)
    SHIFT_TAB_ICxx                           0x08003f5b   Data           7  screen.o(.constdata)
    SHIFT_TAB_CCxP                           0x08003f62   Data           7  screen.o(.constdata)
    SHIFT_TAB_OISx                           0x08003f69   Data           7  screen.o(.constdata)
    .constdata                               0x0800479e   Section       47  main.o(.constdata)
    CHANNEL_OFFSET_TAB                       0x0800479e   Data           7  main.o(.constdata)
    OFFSET_TAB_CCMRx                         0x080047a5   Data           7  main.o(.constdata)
    SHIFT_TAB_OCxx                           0x080047ac   Data           7  main.o(.constdata)
    SHIFT_TAB_ICxx                           0x080047b3   Data           7  main.o(.constdata)
    SHIFT_TAB_CCxP                           0x080047ba   Data           7  main.o(.constdata)
    SHIFT_TAB_OISx                           0x080047c1   Data           7  main.o(.constdata)
    .constdata                               0x080047cd   Section       42  stm32f1xx_it.o(.constdata)
    CHANNEL_OFFSET_TAB                       0x080047cd   Data           7  stm32f1xx_it.o(.constdata)
    OFFSET_TAB_CCMRx                         0x080047d4   Data           7  stm32f1xx_it.o(.constdata)
    SHIFT_TAB_OCxx                           0x080047db   Data           7  stm32f1xx_it.o(.constdata)
    SHIFT_TAB_ICxx                           0x080047e2   Data           7  stm32f1xx_it.o(.constdata)
    SHIFT_TAB_CCxP                           0x080047e9   Data           7  stm32f1xx_it.o(.constdata)
    SHIFT_TAB_OISx                           0x080047f0   Data           7  stm32f1xx_it.o(.constdata)
    .constdata                               0x080047f7   Section       24  system_stm32f1xx.o(.constdata)
    .data                                    0x20000000   Section       20  i2c_interface.o(.data)
    .data                                    0x20000014   Section        1  screen.o(.data)
    .data                                    0x20000018   Section       14  ssd1306.o(.data)
    SSD1306_Buffer                           0x2000001c   Data           4  ssd1306.o(.data)
    SSD1306                                  0x20000020   Data           6  ssd1306.o(.data)
    .data                                    0x20000028   Section       45  main.o(.data)
    .data                                    0x20000058   Section        4  system_stm32f1xx.o(.data)
    .data                                    0x2000005c   Section        4  strtok.o(.data)
    state                                    0x2000005c   Data           4  strtok.o(.data)
    .ARM.__AT_0x20000060                     0x20000060   Section        4  buttons.o(.ARM.__AT_0x20000060)
    .bss                                     0x20000064   Section      256  buttons.o(.bss)
    .bss                                     0x20000164   Section     1025  ssd1306.o(.bss)
    SSD1306_Buffer_all                       0x20000164   Data        1025  ssd1306.o(.bss)
    .bss                                     0x20000568   Section      511  main.o(.bss)
    STACK                                    0x20000768   Section     1024  startup_stm32f103xb.o(STACK)

    Global Symbols

    Symbol Name                              Value     Ov Type        Size  Object(Section)

    BuildAttributes$$THM_ISAv4$P$D$K$B$S$PE$A:L22UL41UL21$X:L11$S22US41US21$IEEE1$IW$USESV6$~STKCKD$USESV7$~SHL$OTIME$ROPI$IEEEX$EBA8$MICROLIB$REQ8$PRES8$EABIv2 0x00000000   Number         0  anon$$obj.o ABSOLUTE
    __ARM_use_no_argv                        0x00000000   Number         0  main.o ABSOLUTE
    __cpp_initialize__aeabi_                  - Undefined Weak Reference
    __cxa_finalize                            - Undefined Weak Reference
    __decompress                              - Undefined Weak Reference
    _clock_init                               - Undefined Weak Reference
    _microlib_exit                            - Undefined Weak Reference
    __Vectors_Size                           0x000000ec   Number         0  startup_stm32f103xb.o ABSOLUTE
    __Vectors                                0x08000000   Data           4  startup_stm32f103xb.o(RESET)
    __Vectors_End                            0x080000ec   Data           0  startup_stm32f103xb.o(RESET)
    __main                                   0x080000ed   Thumb Code     0  entry.o(.ARM.Collect$$$$00000000)
    _main_stk                                0x080000ed   Thumb Code     0  entry2.o(.ARM.Collect$$$$00000001)
    _main_scatterload                        0x080000f1   Thumb Code     0  entry5.o(.ARM.Collect$$$$00000004)
    __main_after_scatterload                 0x080000f5   Thumb Code     0  entry5.o(.ARM.Collect$$$$00000004)
    _main_clock                              0x080000f5   Thumb Code     0  entry7b.o(.ARM.Collect$$$$00000008)
    _main_cpp_init                           0x080000f5   Thumb Code     0  entry8b.o(.ARM.Collect$$$$0000000A)
    _main_init                               0x080000f5   Thumb Code     0  entry9a.o(.ARM.Collect$$$$0000000B)
    __rt_final_cpp                           0x080000fd   Thumb Code     0  entry10a.o(.ARM.Collect$$$$0000000D)
    __rt_final_exit                          0x080000fd   Thumb Code     0  entry11a.o(.ARM.Collect$$$$0000000F)
    Reset_Handler                            0x08000101   Thumb Code     8  startup_stm32f103xb.o(.text)
    NMI_Handler                              0x08000109   Thumb Code     2  startup_stm32f103xb.o(.text)
    HardFault_Handler                        0x0800010b   Thumb Code     2  startup_stm32f103xb.o(.text)
    MemManage_Handler                        0x0800010d   Thumb Code     2  startup_stm32f103xb.o(.text)
    BusFault_Handler                         0x0800010f   Thumb Code     2  startup_stm32f103xb.o(.text)
    UsageFault_Handler                       0x08000111   Thumb Code     2  startup_stm32f103xb.o(.text)
    DebugMon_Handler                         0x08000115   Thumb Code     2  startup_stm32f103xb.o(.text)
    ADC1_2_IRQHandler                        0x0800011b   Thumb Code     0  startup_stm32f103xb.o(.text)
    CAN1_RX1_IRQHandler                      0x0800011b   Thumb Code     0  startup_stm32f103xb.o(.text)
    CAN1_SCE_IRQHandler                      0x0800011b   Thumb Code     0  startup_stm32f103xb.o(.text)
    DMA1_Channel2_IRQHandler                 0x0800011b   Thumb Code     0  startup_stm32f103xb.o(.text)
    DMA1_Channel3_IRQHandler                 0x0800011b   Thumb Code     0  startup_stm32f103xb.o(.text)
    DMA1_Channel4_IRQHandler                 0x0800011b   Thumb Code     0  startup_stm32f103xb.o(.text)
    DMA1_Channel5_IRQHandler                 0x0800011b   Thumb Code     0  startup_stm32f103xb.o(.text)
    EXTI0_IRQHandler                         0x0800011b   Thumb Code     0  startup_stm32f103xb.o(.text)
    EXTI15_10_IRQHandler                     0x0800011b   Thumb Code     0  startup_stm32f103xb.o(.text)
    EXTI1_IRQHandler                         0x0800011b   Thumb Code     0  startup_stm32f103xb.o(.text)
    EXTI2_IRQHandler                         0x0800011b   Thumb Code     0  startup_stm32f103xb.o(.text)
    EXTI3_IRQHandler                         0x0800011b   Thumb Code     0  startup_stm32f103xb.o(.text)
    EXTI4_IRQHandler                         0x0800011b   Thumb Code     0  startup_stm32f103xb.o(.text)
    EXTI9_5_IRQHandler                       0x0800011b   Thumb Code     0  startup_stm32f103xb.o(.text)
    FLASH_IRQHandler                         0x0800011b   Thumb Code     0  startup_stm32f103xb.o(.text)
    I2C2_ER_IRQHandler                       0x0800011b   Thumb Code     0  startup_stm32f103xb.o(.text)
    I2C2_EV_IRQHandler                       0x0800011b   Thumb Code     0  startup_stm32f103xb.o(.text)
    PVD_IRQHandler                           0x0800011b   Thumb Code     0  startup_stm32f103xb.o(.text)
    RCC_IRQHandler                           0x0800011b   Thumb Code     0  startup_stm32f103xb.o(.text)
    RTC_Alarm_IRQHandler                     0x0800011b   Thumb Code     0  startup_stm32f103xb.o(.text)
    RTC_IRQHandler                           0x0800011b   Thumb Code     0  startup_stm32f103xb.o(.text)
    SPI1_IRQHandler                          0x0800011b   Thumb Code     0  startup_stm32f103xb.o(.text)
    SPI2_IRQHandler                          0x0800011b   Thumb Code     0  startup_stm32f103xb.o(.text)
    TAMPER_IRQHandler                        0x0800011b   Thumb Code     0  startup_stm32f103xb.o(.text)
    TIM1_BRK_IRQHandler                      0x0800011b   Thumb Code     0  startup_stm32f103xb.o(.text)
    TIM1_CC_IRQHandler                       0x0800011b   Thumb Code     0  startup_stm32f103xb.o(.text)
    TIM1_TRG_COM_IRQHandler                  0x0800011b   Thumb Code     0  startup_stm32f103xb.o(.text)
    TIM1_UP_IRQHandler                       0x0800011b   Thumb Code     0  startup_stm32f103xb.o(.text)
    TIM2_IRQHandler                          0x0800011b   Thumb Code     0  startup_stm32f103xb.o(.text)
    TIM3_IRQHandler                          0x0800011b   Thumb Code     0  startup_stm32f103xb.o(.text)
    USART3_IRQHandler                        0x0800011b   Thumb Code     0  startup_stm32f103xb.o(.text)
    USBWakeUp_IRQHandler                     0x0800011b   Thumb Code     0  startup_stm32f103xb.o(.text)
    USB_HP_CAN1_TX_IRQHandler                0x0800011b   Thumb Code     0  startup_stm32f103xb.o(.text)
    USB_LP_CAN1_RX0_IRQHandler               0x0800011b   Thumb Code     0  startup_stm32f103xb.o(.text)
    WWDG_IRQHandler                          0x0800011b   Thumb Code     0  startup_stm32f103xb.o(.text)
    ___aeabi_memcpy8$move                    0x08000125   Thumb Code     0  memmovea.o(.text)
    __aeabi_memcpy                           0x08000125   Thumb Code    64  memmovea.o(.text)
    __aeabi_memcpy4                          0x08000125   Thumb Code     0  memmovea.o(.text)
    __aeabi_memmove                          0x08000125   Thumb Code     0  memmovea.o(.text)
    __aeabi_memmove4                         0x08000125   Thumb Code     0  memmovea.o(.text)
    __aeabi_memmove8                         0x08000125   Thumb Code     0  memmovea.o(.text)
    __aeabi_memset                           0x08000165   Thumb Code    14  memseta.o(.text)
    __aeabi_memset4                          0x08000165   Thumb Code     0  memseta.o(.text)
    __aeabi_memset8                          0x08000165   Thumb Code     0  memseta.o(.text)
    __aeabi_memclr                           0x08000173   Thumb Code     4  memseta.o(.text)
    __aeabi_memclr4                          0x08000173   Thumb Code     0  memseta.o(.text)
    __aeabi_memclr8                          0x08000173   Thumb Code     0  memseta.o(.text)
    _memset$wrapper                          0x08000177   Thumb Code    18  memseta.o(.text)
    strlen                                   0x08000189   Thumb Code    14  strlen.o(.text)
    strtok                                   0x08000199   Thumb Code    62  strtok.o(.text)
    __scatterload                            0x080001dd   Thumb Code    28  init.o(.text)
    __scatterload_rt2                        0x080001dd   Thumb Code     0  init.o(.text)
    Activate_I2C_Master                      0x08000201   Thumb Code    46  i2c_interface.o(i.Activate_I2C_Master)
    DMA1_Channel1_IRQHandler                 0x08000235   Thumb Code     2  stm32f1xx_it.o(i.DMA1_Channel1_IRQHandler)
    DMA1_Channel6_IRQHandler                 0x08000239   Thumb Code    70  stm32f1xx_it.o(i.DMA1_Channel6_IRQHandler)
    DMA1_Channel7_IRQHandler                 0x08000285   Thumb Code    70  stm32f1xx_it.o(i.DMA1_Channel7_IRQHandler)
    Error_Handler                            0x080002d1   Thumb Code    22  main.o(i.Error_Handler)
    Handle_I2C_MasterDMA_IT                  0x080002f5   Thumb Code   162  i2c_interface.o(i.Handle_I2C_MasterDMA_IT)
    Handle_I2C_MasterDMA_IT_async            0x080003a9   Thumb Code   116  i2c_interface.o(i.Handle_I2C_MasterDMA_IT_async)
    I2C1_ER_IRQHandler                       0x08000431   Thumb Code     8  stm32f1xx_it.o(i.I2C1_ER_IRQHandler)
    I2C1_EV_IRQHandler                       0x08000439   Thumb Code   200  stm32f1xx_it.o(i.I2C1_EV_IRQHandler)
    LL_ADC_CommonInit                        0x08000515   Thumb Code    64  stm32f1xx_ll_adc.o(i.LL_ADC_CommonInit)
    LL_ADC_Init                              0x0800055d   Thumb Code    48  stm32f1xx_ll_adc.o(i.LL_ADC_Init)
    LL_ADC_REG_Init                          0x08000599   Thumb Code    98  stm32f1xx_ll_adc.o(i.LL_ADC_REG_Init)
    LL_GPIO_Init                             0x080007fd   Thumb Code   288  stm32f1xx_ll_gpio.o(i.LL_GPIO_Init)
    LL_I2C_Init                              0x08000a2b   Thumb Code   104  stm32f1xx_ll_i2c.o(i.LL_I2C_Init)
    LL_Init1msTick                           0x08000a93   Thumb Code    28  stm32f1xx_ll_utils.o(i.LL_Init1msTick)
    LL_RCC_GetSystemClocksFreq               0x08000aaf   Thumb Code    36  stm32f1xx_ll_rcc.o(i.LL_RCC_GetSystemClocksFreq)
    LL_SPI_Init                              0x08000ad3   Thumb Code   100  stm32f1xx_ll_spi.o(i.LL_SPI_Init)
    LL_SetSystemCoreClock                    0x08000b45   Thumb Code     6  stm32f1xx_ll_utils.o(i.LL_SetSystemCoreClock)
    LL_TIM_Init                              0x08000d01   Thumb Code   118  stm32f1xx_ll_tim.o(i.LL_TIM_Init)
    LL_USART_Init                            0x08000db9   Thumb Code   134  stm32f1xx_ll_usart.o(i.LL_USART_Init)
    LL_mDelay                                0x08000ef5   Thumb Code    40  stm32f1xx_ll_utils.o(i.LL_mDelay)
    PendSV_Handler                           0x080018a5   Thumb Code     2  stm32f1xx_it.o(i.PendSV_Handler)
    PrintInfo                                0x080018a9   Thumb Code    60  main.o(i.PrintInfo)
    RCC_GetHCLKClockFreq                     0x080018e9   Thumb Code    24  stm32f1xx_ll_rcc.o(i.RCC_GetHCLKClockFreq)
    RCC_GetPCLK1ClockFreq                    0x08001909   Thumb Code    26  stm32f1xx_ll_rcc.o(i.RCC_GetPCLK1ClockFreq)
    RCC_GetPCLK2ClockFreq                    0x0800192d   Thumb Code    26  stm32f1xx_ll_rcc.o(i.RCC_GetPCLK2ClockFreq)
    RCC_GetSystemClockFreq                   0x08001951   Thumb Code    52  stm32f1xx_ll_rcc.o(i.RCC_GetSystemClockFreq)
    RCC_PLL_GetFreqDomain_SYS                0x0800198d   Thumb Code    76  stm32f1xx_ll_rcc.o(i.RCC_PLL_GetFreqDomain_SYS)
    SSD1306_Fill                             0x080019e5   Thumb Code    28  ssd1306.o(i.SSD1306_Fill)
    SSD1306_GotoXY                           0x08001a05   Thumb Code     8  ssd1306.o(i.SSD1306_GotoXY)
    SSD1306_Init                             0x08001a11   Thumb Code   324  ssd1306.o(i.SSD1306_Init)
    SSD1306_Putc2big                         0x08001b5d   Thumb Code   126  ssd1306.o(i.SSD1306_Putc2big)
    SSD1306_Putc2bigInv                      0x08001be5   Thumb Code   142  ssd1306.o(i.SSD1306_Putc2bigInv)
    SSD1306_Puts2                            0x08001c7d   Thumb Code    52  ssd1306.o(i.SSD1306_Puts2)
    SSD1306_UpdateScreen                     0x08001cb1   Thumb Code    20  ssd1306.o(i.SSD1306_UpdateScreen)
    SVC_Handler                              0x08001cc9   Thumb Code     2  stm32f1xx_it.o(i.SVC_Handler)
    SysTick_Handler                          0x08001ccd   Thumb Code    40  stm32f1xx_it.o(i.SysTick_Handler)
    SystemClock_Config                       0x08001cf9   Thumb Code   244  main.o(i.SystemClock_Config)
    SystemInit                               0x08001df9   Thumb Code    70  system_stm32f1xx.o(i.SystemInit)
    TIM4_IRQHandler                          0x08001e51   Thumb Code   110  stm32f1xx_it.o(i.TIM4_IRQHandler)
    Transfer_Complete_Callback               0x08001ed5   Thumb Code    32  i2c_interface.o(i.Transfer_Complete_Callback)
    Transfer_Error_Callback                  0x08001efd   Thumb Code    64  i2c_interface.o(i.Transfer_Error_Callback)
    USART1_IRQHandler                        0x08001f41   Thumb Code    32  stm32f1xx_it.o(i.USART1_IRQHandler)
    USART2_IRQHandler                        0x08001f65   Thumb Code     2  stm32f1xx_it.o(i.USART2_IRQHandler)
    USART_CharReception_Callback             0x08001f69   Thumb Code    78  main.o(i.USART_CharReception_Callback)
    __scatterload_copy                       0x08002025   Thumb Code    14  handlers.o(i.__scatterload_copy)
    __scatterload_null                       0x08002033   Thumb Code     2  handlers.o(i.__scatterload_null)
    __scatterload_zeroinit                   0x08002035   Thumb Code    14  handlers.o(i.__scatterload_zeroinit)
    atoui64                                  0x08002043   Thumb Code    44  nuts_bolts.o(i.atoui64)
    do_fsm_menu                              0x08002071   Thumb Code   300  fsm.o(i.do_fsm_menu)
    do_fsm_menu_lps                          0x080021b9   Thumb Code     2  fsm.o(i.do_fsm_menu_lps)
    init_buttons                             0x080021bd   Thumb Code   556  buttons.o(i.init_buttons)
    init_screen                              0x08002401   Thumb Code    12  screen.o(i.init_screen)
    main                                     0x0800240d   Thumb Code  1366  main.o(i.main)
    process_button                           0x08002995   Thumb Code   542  buttons.o(i.process_button)
    ssd1306_I2C_Write                        0x08002bbd   Thumb Code    36  ssd1306.o(i.ssd1306_I2C_Write)
    ui10toa                                  0x08002be5   Thumb Code    50  nuts_bolts.o(i.ui10toa)
    update_screen                            0x08002c19   Thumb Code   296  screen.o(i.update_screen)
    utoa_builtin_div_1                       0x08002d89   Thumb Code    46  screen.o(i.utoa_builtin_div_1)
    microsoftSansSerif_12ptBitmaps           0x08002de2   Data         922  fonts2.o(.constdata)
    microsoftSansSerif_12ptDescriptors       0x0800317c   Data         308  fonts2.o(.constdata)
    microsoftSansSerif_12ptFontInfo          0x080032b0   Data          12  fonts2.o(.constdata)
    microsoftSansSerif_46ptBitmaps           0x080032bc   Data        2040  fonts2.o(.constdata)
    microsoftSansSerif_46ptDescriptors       0x08003ab4   Data         156  fonts2.o(.constdata)
    microsoftSansSerif_46ptFontInfo          0x08003b50   Data          12  fonts2.o(.constdata)
    consolas_18ptBitmaps                     0x08003b5c   Data          76  fonts2.o(.constdata)
    consolas_18ptDescriptors                 0x08003ba8   Data          12  fonts2.o(.constdata)
    consolas_18ptFontInfo                    0x08003bb4   Data          12  fonts2.o(.constdata)
    microsoftSansSerif_20ptBitmaps           0x08003bc0   Data         501  fonts2.o(.constdata)
    microsoftSansSerif_20ptDescriptors       0x08003db6   Data         156  fonts2.o(.constdata)
    microsoftSansSerif_20ptFontInfo          0x08003e54   Data          12  fonts2.o(.constdata)
    consolas_8ptBitmaps                      0x08003e60   Data         136  fonts2.o(.constdata)
    consolas_8ptDescriptors                  0x08003ee8   Data          40  fonts2.o(.constdata)
    consolas_8ptFontInfo                     0x08003f10   Data          12  fonts2.o(.constdata)
    Thread_Info                              0x08003f70   Data        2093  screen.o(.constdata)
    Menu_size                                0x0800479d   Data           1  screen.o(.constdata)
    aTxBuffer                                0x080047c8   Data           5  main.o(.constdata)
    AHBPrescTable                            0x080047f7   Data          16  system_stm32f1xx.o(.constdata)
    APBPrescTable                            0x08004807   Data           8  system_stm32f1xx.o(.constdata)
    Region$$Table$$Base                      0x08004810   Number         0  anon$$obj.o(Region$$Table)
    Region$$Table$$Limit                     0x08004830   Number         0  anon$$obj.o(Region$$Table)
    hi2c_ref                                 0x20000000   Data           4  i2c_interface.o(.data)
    dma_delay                                0x20000004   Data           4  i2c_interface.o(.data)
    dma_delay2                               0x20000008   Data           4  i2c_interface.o(.data)
    device_ready                             0x2000000c   Data           1  i2c_interface.o(.data)
    dma_data                                 0x2000000d   Data           6  i2c_interface.o(.data)
    ubTransferComplete                       0x20000013   Data           1  i2c_interface.o(.data)
    Menu_Step                                0x20000014   Data           1  screen.o(.data)
    hi2c_screen                              0x20000018   Data           4  ssd1306.o(.data)
    ubI2C_slave_addr                         0x20000028   Data           1  main.o(.data)
    ubMasterRequestDirection                 0x20000029   Data           1  main.o(.data)
    Spindle_Direction                        0x2000002a   Data           1  main.o(.data)
    feed_direction                           0x2000002b   Data           1  main.o(.data)
    menu_changed                             0x2000002c   Data           1  main.o(.data)
    jog1                                     0x20000030   Data           4  main.o(.data)
    jog1resolution                           0x20000034   Data           1  main.o(.data)
    jog1cmd                                  0x20000035   Data           1  main.o(.data)
    auto_mode                                0x20000036   Data           1  main.o(.data)
    auto_mode_delay                          0x20000038   Data           4  main.o(.data)
    uwNbReceivedChars                        0x2000003c   Data           4  main.o(.data)
    uNbReceivedCharsForUser                  0x20000040   Data           1  main.o(.data)
    uwBufferReadyIndication                  0x20000044   Data           4  main.o(.data)
    pBufferReadyForUser                      0x20000048   Data           4  main.o(.data)
    pBufferReadyForReception                 0x2000004c   Data           4  main.o(.data)
    ubUART2ReceptionComplete                 0x20000050   Data           1  main.o(.data)
    ubNbDataToTransmit                       0x20000051   Data           1  main.o(.data)
    ubTransmissionComplete                   0x20000052   Data           1  main.o(.data)
    ubMasterXferDirection                    0x20000053   Data           1  main.o(.data)
    ubMasterNbDataToReceive                  0x20000054   Data           1  main.o(.data)
    SystemCoreClock                          0x20000058   Data           4  system_stm32f1xx.o(.data)
    buttons_flag_set                         0x20000060   Data           4  buttons.o(.ARM.__AT_0x20000060)
    bt                                       0x20000064   Data         256  buttons.o(.bss)
    state_hw                                 0x20000568   Data         184  main.o(.bss)
    state_precalc                            0x20000620   Data         184  main.o(.bss)
    aRXBufferA                               0x200006d8   Data          64  main.o(.bss)
    aRXBuffer                                0x20000718   Data          64  main.o(.bss)
    aMasterReceiveBuffer                     0x20000758   Data          15  main.o(.bss)
    __initial_sp                             0x20000b68   Data           0  startup_stm32f103xb.o(STACK)



==============================================================================

Memory Map of the image

  Image Entry point : 0x080000ed

  Load Region LR_IROM1 (Base: 0x08000000, Size: 0x00004890, Max: 0x00010000, ABSOLUTE)

    Execution Region ER_IROM1 (Exec base: 0x08000000, Load base: 0x08000000, Size: 0x00004830, Max: 0x00010000, ABSOLUTE)

    Exec Addr    Load Addr    Size         Type   Attr      Idx    E Section Name        Object

    0x08000000   0x08000000   0x000000ec   Data   RO            3    RESET               startup_stm32f103xb.o
    0x080000ec   0x080000ec   0x00000000   Code   RO         1959  * .ARM.Collect$$$$00000000  mc_w.l(entry.o)
    0x080000ec   0x080000ec   0x00000004   Code   RO         2041    .ARM.Collect$$$$00000001  mc_w.l(entry2.o)
    0x080000f0   0x080000f0   0x00000004   Code   RO         2044    .ARM.Collect$$$$00000004  mc_w.l(entry5.o)
    0x080000f4   0x080000f4   0x00000000   Code   RO         2046    .ARM.Collect$$$$00000008  mc_w.l(entry7b.o)
    0x080000f4   0x080000f4   0x00000000   Code   RO         2048    .ARM.Collect$$$$0000000A  mc_w.l(entry8b.o)
    0x080000f4   0x080000f4   0x00000008   Code   RO         2049    .ARM.Collect$$$$0000000B  mc_w.l(entry9a.o)
    0x080000fc   0x080000fc   0x00000000   Code   RO         2051    .ARM.Collect$$$$0000000D  mc_w.l(entry10a.o)
    0x080000fc   0x080000fc   0x00000000   Code   RO         2053    .ARM.Collect$$$$0000000F  mc_w.l(entry11a.o)
    0x080000fc   0x080000fc   0x00000004   Code   RO         2042    .ARM.Collect$$$$00002712  mc_w.l(entry2.o)
    0x08000100   0x08000100   0x00000024   Code   RO            4    .text               startup_stm32f103xb.o
    0x08000124   0x08000124   0x00000040   Code   RO         1964    .text               mc_w.l(memmovea.o)
    0x08000164   0x08000164   0x00000024   Code   RO         1966    .text               mc_w.l(memseta.o)
    0x08000188   0x08000188   0x0000000e   Code   RO         1968    .text               mc_w.l(strlen.o)
    0x08000196   0x08000196   0x00000002   PAD
    0x08000198   0x08000198   0x00000044   Code   RO         1972    .text               mc_w.l(strtok.o)
    0x080001dc   0x080001dc   0x00000024   Code   RO         2075    .text               mc_w.l(init.o)
    0x08000200   0x08000200   0x00000034   Code   RO          201    i.Activate_I2C_Master  i2c_interface.o
    0x08000234   0x08000234   0x00000002   Code   RO          990    i.DMA1_Channel1_IRQHandler  stm32f1xx_it.o
    0x08000236   0x08000236   0x00000002   PAD
    0x08000238   0x08000238   0x0000004c   Code   RO          991    i.DMA1_Channel6_IRQHandler  stm32f1xx_it.o
    0x08000284   0x08000284   0x0000004c   Code   RO          992    i.DMA1_Channel7_IRQHandler  stm32f1xx_it.o
    0x080002d0   0x080002d0   0x00000024   Code   RO          707    i.Error_Handler     main.o
    0x080002f4   0x080002f4   0x000000b4   Code   RO          202    i.Handle_I2C_MasterDMA_IT  i2c_interface.o
    0x080003a8   0x080003a8   0x00000088   Code   RO          203    i.Handle_I2C_MasterDMA_IT_async  i2c_interface.o
    0x08000430   0x08000430   0x00000008   Code   RO          993    i.I2C1_ER_IRQHandler  stm32f1xx_it.o
    0x08000438   0x08000438   0x000000dc   Code   RO          994    i.I2C1_EV_IRQHandler  stm32f1xx_it.o
    0x08000514   0x08000514   0x00000048   Code   RO         1156    i.LL_ADC_CommonInit  stm32f1xx_ll_adc.o
    0x0800055c   0x0800055c   0x00000030   Code   RO         1161    i.LL_ADC_Init       stm32f1xx_ll_adc.o
    0x0800058c   0x0800058c   0x0000000a   Code   RO         1162    i.LL_ADC_IsEnabled  stm32f1xx_ll_adc.o
    0x08000596   0x08000596   0x00000002   PAD
    0x08000598   0x08000598   0x00000068   Code   RO         1163    i.LL_ADC_REG_Init   stm32f1xx_ll_adc.o
    0x08000600   0x08000600   0x0000001c   Code   RO          708    i.LL_AHB1_GRP1_EnableClock  main.o
    0x0800061c   0x0800061c   0x0000001c   Code   RO          709    i.LL_APB1_GRP1_EnableClock  main.o
    0x08000638   0x08000638   0x0000001c   Code   RO          710    i.LL_APB2_GRP1_EnableClock  main.o
    0x08000654   0x08000654   0x00000034   Code   RO          205    i.LL_DMA_ConfigAddresses  i2c_interface.o
    0x08000688   0x08000688   0x0000001c   Code   RO          995    i.LL_DMA_DisableChannel  stm32f1xx_it.o
    0x080006a4   0x080006a4   0x0000001c   Code   RO          207    i.LL_DMA_EnableChannel  i2c_interface.o
    0x080006c0   0x080006c0   0x0000001c   Code   RO          208    i.LL_DMA_EnableIT_TC  i2c_interface.o
    0x080006dc   0x080006dc   0x0000001c   Code   RO          209    i.LL_DMA_EnableIT_TE  i2c_interface.o
    0x080006f8   0x080006f8   0x00000020   Code   RO          711    i.LL_DMA_SetChannelPriorityLevel  main.o
    0x08000718   0x08000718   0x00000024   Code   RO          210    i.LL_DMA_SetDataLength  i2c_interface.o
    0x0800073c   0x0800073c   0x00000020   Code   RO          712    i.LL_DMA_SetDataTransferDirection  main.o
    0x0800075c   0x0800075c   0x00000020   Code   RO          713    i.LL_DMA_SetMemoryIncMode  main.o
    0x0800077c   0x0800077c   0x00000020   Code   RO          714    i.LL_DMA_SetMemorySize  main.o
    0x0800079c   0x0800079c   0x00000020   Code   RO          715    i.LL_DMA_SetMode    main.o
    0x080007bc   0x080007bc   0x00000020   Code   RO          716    i.LL_DMA_SetPeriphIncMode  main.o
    0x080007dc   0x080007dc   0x00000020   Code   RO          717    i.LL_DMA_SetPeriphSize  main.o
    0x080007fc   0x080007fc   0x00000120   Code   RO         1106    i.LL_GPIO_Init      stm32f1xx_ll_gpio.o
    0x0800091c   0x0800091c   0x0000001a   Code   RO           13    i.LL_GPIO_IsInputPinSet  buttons.o
    0x08000936   0x08000936   0x0000000c   Code   RO          211    i.LL_I2C_AcknowledgeNextData  i2c_interface.o
    0x08000942   0x08000942   0x0000000c   Code   RO          996    i.LL_I2C_AcknowledgeNextData  stm32f1xx_it.o
    0x0800094e   0x0800094e   0x00000002   PAD
    0x08000950   0x08000950   0x000000bc   Code   RO         1555    i.LL_I2C_ConfigSpeed  stm32f1xx_ll_i2c.o
    0x08000a0c   0x08000a0c   0x0000000a   Code   RO          997    i.LL_I2C_EnableDMAReq_RX  stm32f1xx_it.o
    0x08000a16   0x08000a16   0x0000000a   Code   RO          212    i.LL_I2C_GenerateStartCondition  i2c_interface.o
    0x08000a20   0x08000a20   0x0000000a   Code   RO          213    i.LL_I2C_GenerateStopCondition  i2c_interface.o
    0x08000a2a   0x08000a2a   0x00000068   Code   RO         1557    i.LL_I2C_Init       stm32f1xx_ll_i2c.o
    0x08000a92   0x08000a92   0x0000001c   Code   RO         1362    i.LL_Init1msTick    stm32f1xx_ll_utils.o
    0x08000aae   0x08000aae   0x00000024   Code   RO         1284    i.LL_RCC_GetSystemClocksFreq  stm32f1xx_ll_rcc.o
    0x08000ad2   0x08000ad2   0x00000064   Code   RO         1611    i.LL_SPI_Init       stm32f1xx_ll_spi.o
    0x08000b36   0x08000b36   0x0000000c   Code   RO          214    i.LL_SYSTICK_IsActiveCounterFlag  i2c_interface.o
    0x08000b42   0x08000b42   0x00000002   PAD
    0x08000b44   0x08000b44   0x0000000c   Code   RO         1370    i.LL_SetSystemCoreClock  stm32f1xx_ll_utils.o
    0x08000b50   0x08000b50   0x0000000a   Code   RO          718    i.LL_TIM_DisableARRPreload  main.o
    0x08000b5a   0x08000b5a   0x0000000a   Code   RO          719    i.LL_TIM_DisableMasterSlaveMode  main.o
    0x08000b64   0x08000b64   0x0000006c   Code   RO          720    i.LL_TIM_IC_SetActiveInput  main.o
    0x08000bd0   0x08000bd0   0x0000006c   Code   RO          721    i.LL_TIM_IC_SetFilter  main.o
    0x08000c3c   0x08000c3c   0x00000058   Code   RO          722    i.LL_TIM_IC_SetPolarity  main.o
    0x08000c94   0x08000c94   0x0000006c   Code   RO          723    i.LL_TIM_IC_SetPrescaler  main.o
    0x08000d00   0x08000d00   0x00000084   Code   RO         1691    i.LL_TIM_Init       stm32f1xx_ll_tim.o
    0x08000d84   0x08000d84   0x0000000c   Code   RO          724    i.LL_TIM_SetEncoderMode  main.o
    0x08000d90   0x08000d90   0x0000000c   Code   RO          725    i.LL_TIM_SetTriggerOutput  main.o
    0x08000d9c   0x08000d9c   0x00000012   Code   RO          726    i.LL_USART_ConfigAsyncMode  main.o
    0x08000dae   0x08000dae   0x0000000a   Code   RO          727    i.LL_USART_Enable   main.o
    0x08000db8   0x08000db8   0x00000094   Code   RO         1837    i.LL_USART_Init     stm32f1xx_ll_usart.o
    0x08000e4c   0x08000e4c   0x0000000a   Code   RO         1838    i.LL_USART_IsEnabled  stm32f1xx_ll_usart.o
    0x08000e56   0x08000e56   0x0000009e   Code   RO         1839    i.LL_USART_SetBaudRate  stm32f1xx_ll_usart.o
    0x08000ef4   0x08000ef4   0x00000028   Code   RO         1371    i.LL_mDelay         stm32f1xx_ll_utils.o
    0x08000f1c   0x08000f1c   0x0000015c   Code   RO          728    i.MX_ADC1_Init      main.o
    0x08001078   0x08001078   0x0000000a   Code   RO          729    i.MX_CRC_Init       main.o
    0x08001082   0x08001082   0x00000064   Code   RO          730    i.MX_DMA_Init       main.o
    0x080010e6   0x080010e6   0x00000002   PAD
    0x080010e8   0x080010e8   0x000000b4   Code   RO          731    i.MX_GPIO_Init      main.o
    0x0800119c   0x0800119c   0x0000018c   Code   RO          732    i.MX_I2C1_Init      main.o
    0x08001328   0x08001328   0x0000008c   Code   RO          733    i.MX_SPI2_Init      main.o
    0x080013b4   0x080013b4   0x000000d4   Code   RO          734    i.MX_TIM1_Init      main.o
    0x08001488   0x08001488   0x000000f4   Code   RO          735    i.MX_TIM2_Init      main.o
    0x0800157c   0x0800157c   0x000000cc   Code   RO          736    i.MX_TIM3_Init      main.o
    0x08001648   0x08001648   0x000000ec   Code   RO          737    i.MX_TIM4_Init      main.o
    0x08001734   0x08001734   0x000000a4   Code   RO          738    i.MX_USART2_UART_Init  main.o
    0x080017d8   0x080017d8   0x0000008c   Code   RO          739    i.MX_USART3_UART_Init  main.o
    0x08001864   0x08001864   0x00000040   Code   RO          740    i.NVIC_EncodePriority  main.o
    0x080018a4   0x080018a4   0x00000002   Code   RO          998    i.PendSV_Handler    stm32f1xx_it.o
    0x080018a6   0x080018a6   0x00000002   PAD
    0x080018a8   0x080018a8   0x00000040   Code   RO          741    i.PrintInfo         main.o
    0x080018e8   0x080018e8   0x00000020   Code   RO         1287    i.RCC_GetHCLKClockFreq  stm32f1xx_ll_rcc.o
    0x08001908   0x08001908   0x00000024   Code   RO         1288    i.RCC_GetPCLK1ClockFreq  stm32f1xx_ll_rcc.o
    0x0800192c   0x0800192c   0x00000024   Code   RO         1289    i.RCC_GetPCLK2ClockFreq  stm32f1xx_ll_rcc.o
    0x08001950   0x08001950   0x0000003c   Code   RO         1290    i.RCC_GetSystemClockFreq  stm32f1xx_ll_rcc.o
    0x0800198c   0x0800198c   0x00000058   Code   RO         1291    i.RCC_PLL_GetFreqDomain_SYS  stm32f1xx_ll_rcc.o
    0x080019e4   0x080019e4   0x00000020   Code   RO          525    i.SSD1306_Fill      ssd1306.o
    0x08001a04   0x08001a04   0x0000000c   Code   RO          526    i.SSD1306_GotoXY    ssd1306.o
    0x08001a10   0x08001a10   0x0000014c   Code   RO          527    i.SSD1306_Init      ssd1306.o
    0x08001b5c   0x08001b5c   0x00000088   Code   RO          529    i.SSD1306_Putc2big  ssd1306.o
    0x08001be4   0x08001be4   0x00000098   Code   RO          530    i.SSD1306_Putc2bigInv  ssd1306.o
    0x08001c7c   0x08001c7c   0x00000034   Code   RO          532    i.SSD1306_Puts2     ssd1306.o
    0x08001cb0   0x08001cb0   0x00000018   Code   RO          534    i.SSD1306_UpdateScreen  ssd1306.o
    0x08001cc8   0x08001cc8   0x00000002   Code   RO          999    i.SVC_Handler       stm32f1xx_it.o
    0x08001cca   0x08001cca   0x00000002   PAD
    0x08001ccc   0x08001ccc   0x0000002c   Code   RO         1000    i.SysTick_Handler   stm32f1xx_it.o
    0x08001cf8   0x08001cf8   0x00000100   Code   RO          742    i.SystemClock_Config  main.o
    0x08001df8   0x08001df8   0x00000058   Code   RO         1904    i.SystemInit        system_stm32f1xx.o
    0x08001e50   0x08001e50   0x00000084   Code   RO         1001    i.TIM4_IRQHandler   stm32f1xx_it.o
    0x08001ed4   0x08001ed4   0x00000028   Code   RO          215    i.Transfer_Complete_Callback  i2c_interface.o
    0x08001efc   0x08001efc   0x00000044   Code   RO          216    i.Transfer_Error_Callback  i2c_interface.o
    0x08001f40   0x08001f40   0x00000024   Code   RO         1002    i.USART1_IRQHandler  stm32f1xx_it.o
    0x08001f64   0x08001f64   0x00000002   Code   RO         1003    i.USART2_IRQHandler  stm32f1xx_it.o
    0x08001f66   0x08001f66   0x00000002   PAD
    0x08001f68   0x08001f68   0x00000068   Code   RO          743    i.USART_CharReception_Callback  main.o
    0x08001fd0   0x08001fd0   0x0000001a   Code   RO          744    i.__NVIC_EnableIRQ  main.o
    0x08001fea   0x08001fea   0x00000002   PAD
    0x08001fec   0x08001fec   0x00000010   Code   RO          745    i.__NVIC_GetPriorityGrouping  main.o
    0x08001ffc   0x08001ffc   0x00000028   Code   RO          746    i.__NVIC_SetPriority  main.o
    0x08002024   0x08002024   0x0000000e   Code   RO         2081    i.__scatterload_copy  mc_w.l(handlers.o)
    0x08002032   0x08002032   0x00000002   Code   RO         2082    i.__scatterload_null  mc_w.l(handlers.o)
    0x08002034   0x08002034   0x0000000e   Code   RO         2083    i.__scatterload_zeroinit  mc_w.l(handlers.o)
    0x08002042   0x08002042   0x0000002c   Code   RO          354    i.atoui64           nuts_bolts.o
    0x0800206e   0x0800206e   0x00000002   PAD
    0x08002070   0x08002070   0x00000148   Code   RO          628    i.do_fsm_menu       fsm.o
    0x080021b8   0x080021b8   0x00000002   Code   RO          629    i.do_fsm_menu_lps   fsm.o
    0x080021ba   0x080021ba   0x00000002   PAD
    0x080021bc   0x080021bc   0x00000244   Code   RO           14    i.init_buttons      buttons.o
    0x08002400   0x08002400   0x0000000c   Code   RO          458    i.init_screen       screen.o
    0x0800240c   0x0800240c   0x00000588   Code   RO          747    i.main              main.o
    0x08002994   0x08002994   0x00000228   Code   RO           48    i.process_button    buttons.o
    0x08002bbc   0x08002bbc   0x00000028   Code   RO          536    i.ssd1306_I2C_Write  ssd1306.o
    0x08002be4   0x08002be4   0x00000032   Code   RO          361    i.ui10toa           nuts_bolts.o
    0x08002c16   0x08002c16   0x00000002   PAD
    0x08002c18   0x08002c18   0x00000170   Code   RO          460    i.update_screen     screen.o
    0x08002d88   0x08002d88   0x0000002e   Code   RO          461    i.utoa_builtin_div_1  screen.o
    0x08002db6   0x08002db6   0x00000002   PAD
    0x08002db8   0x08002db8   0x00001164   Data   RO          169    .constdata          fonts2.o
    0x08003f1c   0x08003f1c   0x0000002a   Data   RO          222    .constdata          i2c_interface.o
    0x08003f46   0x08003f46   0x00000858   Data   RO          462    .constdata          screen.o
    0x0800479e   0x0800479e   0x0000002f   Data   RO          749    .constdata          main.o
    0x080047cd   0x080047cd   0x0000002a   Data   RO         1004    .constdata          stm32f1xx_it.o
    0x080047f7   0x080047f7   0x00000018   Data   RO         1905    .constdata          system_stm32f1xx.o
    0x0800480f   0x0800480f   0x00000001   PAD
    0x08004810   0x08004810   0x00000020   Data   RO         2079    Region$$Table       anon$$obj.o


    Execution Region RW_IRAM1 (Exec base: 0x20000000, Load base: 0x08004830, Size: 0x00000b68, Max: 0x00005000, ABSOLUTE)

    Exec Addr    Load Addr    Size         Type   Attr      Idx    E Section Name        Object

    0x20000000   0x08004830   0x00000014   Data   RW          223    .data               i2c_interface.o
    0x20000014   0x08004844   0x00000001   Data   RW          463    .data               screen.o
    0x20000015   0x08004845   0x00000003   PAD
    0x20000018   0x08004848   0x0000000e   Data   RW          539    .data               ssd1306.o
    0x20000026   0x08004856   0x00000002   PAD
    0x20000028   0x08004858   0x0000002d   Data   RW          750    .data               main.o
    0x20000055   0x08004885   0x00000003   PAD
    0x20000058   0x08004888   0x00000004   Data   RW         1906    .data               system_stm32f1xx.o
    0x2000005c   0x0800488c   0x00000004   Data   RW         1973    .data               mc_w.l(strtok.o)
    0x20000060        -       0x00000004   Zero   RW           15    .ARM.__AT_0x20000060  buttons.o
    0x20000064        -       0x00000100   Zero   RW           16    .bss                buttons.o
    0x20000164        -       0x00000401   Zero   RW          537    .bss                ssd1306.o
    0x20000565   0x08004890   0x00000003   PAD
    0x20000568        -       0x000001ff   Zero   RW          748    .bss                main.o
    0x20000767   0x08004890   0x00000001   PAD
    0x20000768        -       0x00000400   Zero   RW            1    STACK               startup_stm32f103xb.o


==============================================================================

Image component sizes


      Code (inc. data)   RO Data    RW Data    ZI Data      Debug   Object Name

      1158         34          0          0        260     415741   buttons.o
         0          0       4452          0          0       2489   fonts2.o
       330         28          0          0          0       1747   fsm.o
       692         78         42         20          0      56670   i2c_interface.o
      5188        554         47         45        511     168272   main.o
        94          0          0          0          0       1476   nuts_bolts.o
       426         72       2136          1          0       4819   screen.o
       780         44          0         14       1025       5769   ssd1306.o
        36          8        236          0       1024        784   startup_stm32f103xb.o
       650         66         42          0          0      63886   stm32f1xx_it.o
       234         14          0          0          0      38664   stm32f1xx_ll_adc.o
       288          0          0          0          0      10459   stm32f1xx_ll_gpio.o
       292         10          0          0          0      12114   stm32f1xx_ll_i2c.o
       288         48          0          0          0      13377   stm32f1xx_ll_rcc.o
       100          0          0          0          0       8446   stm32f1xx_ll_spi.o
       132         14          0          0          0      29030   stm32f1xx_ll_tim.o
       316         14          0          0          0      15916   stm32f1xx_ll_usart.o
        80          6          0          0          0       5317   stm32f1xx_ll_utils.o
        88         18         24          4          0       1103   system_stm32f1xx.o

    ----------------------------------------------------------------------
     11198       1008       7012         92       2824     856079   Object Totals
         0          0         32          0          0          0   (incl. Generated)
        26          0          1          8          4          0   (incl. Padding)

    ----------------------------------------------------------------------

      Code (inc. data)   RO Data    RW Data    ZI Data      Debug   Library Member Name

         0          0          0          0          0          0   entry.o
         0          0          0          0          0          0   entry10a.o
         0          0          0          0          0          0   entry11a.o
         8          4          0          0          0          0   entry2.o
         4          0          0          0          0          0   entry5.o
         0          0          0          0          0          0   entry7b.o
         0          0          0          0          0          0   entry8b.o
         8          4          0          0          0          0   entry9a.o
        30          0          0          0          0          0   handlers.o
        36          8          0          0          0         68   init.o
        64          0          0          0          0         76   memmovea.o
        36          0          0          0          0        108   memseta.o
        14          0          0          0          0         68   strlen.o
        68          6          0          4          0         80   strtok.o

    ----------------------------------------------------------------------
       270         22          0          4          0        400   Library Totals
         2          0          0          0          0          0   (incl. Padding)

    ----------------------------------------------------------------------

      Code (inc. data)   RO Data    RW Data    ZI Data      Debug   Library Name

       268         22          0          4          0        400   mc_w.l

    ----------------------------------------------------------------------
       270         22          0          4          0        400   Library Totals

    ----------------------------------------------------------------------

==============================================================================


      Code (inc. data)   RO Data    RW Data    ZI Data      Debug   

     11468       1030       7012         96       2824     851171   Grand Totals
     11468       1030       7012         96       2824     851171   ELF Image Totals
     11468       1030       7012         96          0          0   ROM Totals

==============================================================================

    Total RO  Size (Code + RO Data)                18480 (  18.05kB)
    Total RW  Size (RW Data + ZI Data)              2920 (   2.85kB)
    Total ROM Size (Code + RO Data + RW Data)      18576 (  18.14kB)

==============================================================================

